================================================================
== Design Size Report
================================================================

* Total Instructions per Compilation Phase
+---------------+-----------------------------+--------------+----------------------------------------------------------------------------------------+
| Phase         | Step                        | Instructions | Description                                                                            |
+---------------+-----------------------------+--------------+----------------------------------------------------------------------------------------+
| Compile/Link  |                             |    663       | After all functions are compiled and linked into a single design                       |
|               |                             |              |                                                                                        |
| Unroll/Inline |                             |              | After user unroll and inline pragmas are applied                                       |
|               | (1) unroll                  |    539       | user unroll pragmas are applied                                                        |
|               | (2) simplification          |    347       | simplification of applied user unroll pragmas                                          |
|               | (3) inline                  |    336       | user inline pragmas are applied                                                        |
|               | (4) simplification          |    333       | simplification of applied user inline pragmas                                          |
|               |                             |              |                                                                                        |
| Array/Struct  |                             |              | After user array partition and struct aggregate/disaggregate pragmas are applied       |
|               | (1) array partition         | 13,605       | user array partition pragmas are applied                                               |
|               | (2) simplification          | 10,635       | simplification of applied user array partition & struct aggregate/disaggregate pragmas |
|               | (3) aggregate/disaggregate  | 10,637       | user struct aggregate/disaggregate pragmas are applied                                 |
|               | (4) array reshape           | 10,638       | apply array reshape pragmas                                                            |
|               | (5) access patterns         | 10,636       | array access pattern optmizations                                                      |
|               |                             |              |                                                                                        |
| Performance   |                             |              | After transformations are applied to meet performance pragma targets                   |
|               | (1) loop simplification     | 10,640       | loop and instruction simplification                                                    |
|               | (2) parallelization         | 10,576       | loops are unrolled or pipelined to meet performance targets                            |
|               | (3) array partition         | 10,576       | arrays are partitioned to meet performance targets                                     |
|               | (4) simplification          | 10,574       | simplification of design after performance transformations                             |
|               |                             |              |                                                                                        |
| HW Transforms |                             |              | After hardware transfomations                                                          |
|               | (1) lowering                | 10,598       | initial conversion to HW specific instructions                                         |
|               | (2) optimizations           |  7,952       | high level synthesis optimizations                                                     |
+---------------+-----------------------------+--------------+----------------------------------------------------------------------------------------+

* Instructions per Function for each Compilation Phase
+------------------------------------+--------------------+--------------+---------------+--------------+-------------+---------------+
| Function                           | Location           | Compile/Link | Unroll/Inline | Array/Struct | Performance | HW Transforms |
+------------------------------------+--------------------+--------------+---------------+--------------+-------------+---------------+
| + top_wrapper                      | top_wrapper.cpp:82 | 663          | 333           | 10,636       | 10,574      | 7,952         |
|    load_input                      | top_wrapper.cpp:3  |  31          |  16           | 1,853        | 1,853       |               |
|    conv<2, 13, 13, 3, 3, 2, 11,... | conv.h:20          | 393          | 218           | 4,606        | 4,074       |               |
|    out_conv2mem<2, 13, 13, 3, 3... | top_wrapper.cpp:25 | 162          |  59           |   542        |   113       |               |
+------------------------------------+--------------------+--------------+---------------+--------------+-------------+---------------+

* Design Size Message Settings
+---------------------------------------------+--------+------------------------------------------------------------------+
| Message Setting                             | Value  | Description                                                      |
+---------------------------------------------+--------+------------------------------------------------------------------+
| config_compile -design_size_maximum_warning | 100000 | Show a warning when total design instructions exceeds this value |
+---------------------------------------------+--------+------------------------------------------------------------------+


