

================================================================
== Vitis HLS Report for 'dataflow_in_loop_VITIS_LOOP_92_1_1_Loop_VITIS_LOOP_99_2_proc'
================================================================
* Date:           Tue May 27 16:09:50 2025

* Version:        2024.2 (Build 5238294 on Nov  8 2024)
* Project:        convolution
* Solution:       solution_0 (Vivado IP Flow Target)
* Product family: zynquplus
* Target device:  xck26-sfvc784-2LV-c


================================================================
== Performance Estimates
================================================================
+ Timing: 
    * Summary: 
    +--------+---------+----------+------------+
    |  Clock |  Target | Estimated| Uncertainty|
    +--------+---------+----------+------------+
    |ap_clk  |  5.00 ns|  3.650 ns|     1.35 ns|
    +--------+---------+----------+------------+

+ Latency: 
    * Summary: 
    +---------+---------+----------+----------+-----+-----+------------------------------------------------+
    |  Latency (cycles) |  Latency (absolute) |  Interval |                    Pipeline                    |
    |   min   |   max   |    min   |    max   | min | max |                      Type                      |
    +---------+---------+----------+----------+-----+-----+------------------------------------------------+
    |       47|       47|  0.235 us|  0.235 us|   36|   36|  loop auto-rewind stp (delay=0 clock cycles(s))|
    +---------+---------+----------+----------+-----+-----+------------------------------------------------+

    + Detail: 
        * Instance: 
        N/A

        * Loop: 
        +-------------------+---------+---------+----------+-----------+-----------+------+----------+
        |                   |  Latency (cycles) | Iteration|  Initiation Interval  | Trip |          |
        |     Loop Name     |   min   |   max   |  Latency |  achieved |   target  | Count| Pipelined|
        +-------------------+---------+---------+----------+-----------+-----------+------+----------+
        |- VITIS_LOOP_99_2  |       45|       45|        11|          1|          1|    36|       yes|
        +-------------------+---------+---------+----------+-----------+-----------+------+----------+



================================================================
== Utilization Estimates
================================================================
* Summary: 
+-----------------+---------+------+--------+--------+-----+
|       Name      | BRAM_18K|  DSP |   FF   |   LUT  | URAM|
+-----------------+---------+------+--------+--------+-----+
|DSP              |        -|     -|       -|       -|    -|
|Expression       |        -|     -|       0|      38|    -|
|FIFO             |        -|     -|       -|       -|    -|
|Instance         |        -|     -|       -|       -|    -|
|Memory           |        -|     -|       -|       -|    -|
|Multiplexer      |        -|     -|       0|      63|    -|
|Register         |        -|     -|     102|       -|    -|
+-----------------+---------+------+--------+--------+-----+
|Total            |        0|     0|     102|     101|    0|
+-----------------+---------+------+--------+--------+-----+
|Available        |      288|  1248|  234240|  117120|   64|
+-----------------+---------+------+--------+--------+-----+
|Utilization (%)  |        0|     0|      ~0|      ~0|    0|
+-----------------+---------+------+--------+--------+-----+

+ Detail: 
    * Instance: 
    N/A

    * DSP: 
    N/A

    * Memory: 
    N/A

    * FIFO: 
    N/A

    * Expression: 
    +---------------------------+----------+----+---+----+------------+------------+
    |       Variable Name       | Operation| DSP| FF| LUT| Bitwidth P0| Bitwidth P1|
    +---------------------------+----------+----+---+----+------------+------------+
    |i_fu_111_p2                |         +|   0|  0|  13|           6|           1|
    |ap_block_state2_io         |       and|   0|  0|   2|           1|           1|
    |ap_condition_229           |       and|   0|  0|   2|           1|           1|
    |ap_condition_315           |       and|   0|  0|   2|           1|           1|
    |icmp_ln99_fu_117_p2        |      icmp|   0|  0|  13|           6|           6|
    |ap_block_pp0_stage0_01001  |        or|   0|  0|   2|           1|           1|
    |ap_block_pp0_stage0_11001  |        or|   0|  0|   2|           1|           1|
    |ap_enable_pp0              |       xor|   0|  0|   2|           1|           2|
    +---------------------------+----------+----+---+----+------------+------------+
    |Total                      |          |   0|  0|  38|          18|          14|
    +---------------------------+----------+----+---+----+------------+------------+

    * Multiplexer: 
    +-----------------------------------+----+-----------+-----+-----------+
    |                Name               | LUT| Input Size| Bits| Total Bits|
    +-----------------------------------+----+-----------+-----+-----------+
    |ap_done_int                        |   9|          2|    1|          2|
    |ap_loop_exit_ready_pp0_iter10_reg  |   9|          2|    1|          2|
    |ap_sig_allocacmp_i1_load           |   9|          2|    6|         12|
    |filter2conv_blk_n                  |   9|          2|    1|          2|
    |gmem2_blk_n_AR                     |   9|          2|    1|          2|
    |gmem2_blk_n_R                      |   9|          2|    1|          2|
    |i1_fu_62                           |   9|          2|    6|         12|
    +-----------------------------------+----+-----------+-----+-----------+
    |Total                              |  63|         14|   17|         34|
    +-----------------------------------+----+-----------+-----+-----------+

    * Register: 
    +-----------------------------------+----+----+-----+-----------+
    |                Name               | FF | LUT| Bits| Const Bits|
    +-----------------------------------+----+----+-----+-----------+
    |ap_CS_fsm                          |   1|   0|    1|          0|
    |ap_done_reg                        |   1|   0|    1|          0|
    |ap_enable_reg_pp0_iter1            |   1|   0|    1|          0|
    |ap_enable_reg_pp0_iter10           |   1|   0|    1|          0|
    |ap_enable_reg_pp0_iter2            |   1|   0|    1|          0|
    |ap_enable_reg_pp0_iter3            |   1|   0|    1|          0|
    |ap_enable_reg_pp0_iter4            |   1|   0|    1|          0|
    |ap_enable_reg_pp0_iter5            |   1|   0|    1|          0|
    |ap_enable_reg_pp0_iter6            |   1|   0|    1|          0|
    |ap_enable_reg_pp0_iter7            |   1|   0|    1|          0|
    |ap_enable_reg_pp0_iter8            |   1|   0|    1|          0|
    |ap_enable_reg_pp0_iter9            |   1|   0|    1|          0|
    |ap_loop_exit_ready_pp0_iter10_reg  |   1|   0|    1|          0|
    |ap_loop_exit_ready_pp0_iter1_reg   |   1|   0|    1|          0|
    |ap_loop_exit_ready_pp0_iter2_reg   |   1|   0|    1|          0|
    |ap_loop_exit_ready_pp0_iter3_reg   |   1|   0|    1|          0|
    |ap_loop_exit_ready_pp0_iter4_reg   |   1|   0|    1|          0|
    |ap_loop_exit_ready_pp0_iter5_reg   |   1|   0|    1|          0|
    |ap_loop_exit_ready_pp0_iter6_reg   |   1|   0|    1|          0|
    |ap_loop_exit_ready_pp0_iter7_reg   |   1|   0|    1|          0|
    |ap_loop_exit_ready_pp0_iter8_reg   |   1|   0|    1|          0|
    |ap_loop_exit_ready_pp0_iter9_reg   |   1|   0|    1|          0|
    |filter_val1_read_reg_159           |  64|   0|   64|          0|
    |first_iter_0_reg_91                |   1|   0|    1|          0|
    |i1_fu_62                           |   6|   0|    6|          0|
    |icmp_ln99_reg_164                  |   1|   0|    1|          0|
    |trunc_ln101_reg_174                |   8|   0|    8|          0|
    +-----------------------------------+----+----+-----+-----------+
    |Total                              | 102|   0|  102|          0|
    +-----------------------------------+----+----+-----+-----------+



================================================================
== Interface
================================================================
* Summary: 
+----------------------------+-----+-----+------------+--------------------------------------------------------------+--------------+
|          RTL Ports         | Dir | Bits|  Protocol  |                         Source Object                        |    C Type    |
+----------------------------+-----+-----+------------+--------------------------------------------------------------+--------------+
|ap_clk                      |   in|    1|  ap_ctrl_hs|  dataflow_in_loop_VITIS_LOOP_92_1.1_Loop_VITIS_LOOP_99_2_proc|  return value|
|ap_rst                      |   in|    1|  ap_ctrl_hs|  dataflow_in_loop_VITIS_LOOP_92_1.1_Loop_VITIS_LOOP_99_2_proc|  return value|
|ap_start                    |   in|    1|  ap_ctrl_hs|  dataflow_in_loop_VITIS_LOOP_92_1.1_Loop_VITIS_LOOP_99_2_proc|  return value|
|ap_done                     |  out|    1|  ap_ctrl_hs|  dataflow_in_loop_VITIS_LOOP_92_1.1_Loop_VITIS_LOOP_99_2_proc|  return value|
|ap_continue                 |   in|    1|  ap_ctrl_hs|  dataflow_in_loop_VITIS_LOOP_92_1.1_Loop_VITIS_LOOP_99_2_proc|  return value|
|ap_idle                     |  out|    1|  ap_ctrl_hs|  dataflow_in_loop_VITIS_LOOP_92_1.1_Loop_VITIS_LOOP_99_2_proc|  return value|
|ap_ready                    |  out|    1|  ap_ctrl_hs|  dataflow_in_loop_VITIS_LOOP_92_1.1_Loop_VITIS_LOOP_99_2_proc|  return value|
|m_axi_gmem2_0_AWVALID       |  out|    1|       m_axi|                                                         gmem2|       pointer|
|m_axi_gmem2_0_AWREADY       |   in|    1|       m_axi|                                                         gmem2|       pointer|
|m_axi_gmem2_0_AWADDR        |  out|   64|       m_axi|                                                         gmem2|       pointer|
|m_axi_gmem2_0_AWID          |  out|    1|       m_axi|                                                         gmem2|       pointer|
|m_axi_gmem2_0_AWLEN         |  out|   32|       m_axi|                                                         gmem2|       pointer|
|m_axi_gmem2_0_AWSIZE        |  out|    3|       m_axi|                                                         gmem2|       pointer|
|m_axi_gmem2_0_AWBURST       |  out|    2|       m_axi|                                                         gmem2|       pointer|
|m_axi_gmem2_0_AWLOCK        |  out|    2|       m_axi|                                                         gmem2|       pointer|
|m_axi_gmem2_0_AWCACHE       |  out|    4|       m_axi|                                                         gmem2|       pointer|
|m_axi_gmem2_0_AWPROT        |  out|    3|       m_axi|                                                         gmem2|       pointer|
|m_axi_gmem2_0_AWQOS         |  out|    4|       m_axi|                                                         gmem2|       pointer|
|m_axi_gmem2_0_AWREGION      |  out|    4|       m_axi|                                                         gmem2|       pointer|
|m_axi_gmem2_0_AWUSER        |  out|    1|       m_axi|                                                         gmem2|       pointer|
|m_axi_gmem2_0_WVALID        |  out|    1|       m_axi|                                                         gmem2|       pointer|
|m_axi_gmem2_0_WREADY        |   in|    1|       m_axi|                                                         gmem2|       pointer|
|m_axi_gmem2_0_WDATA         |  out|   32|       m_axi|                                                         gmem2|       pointer|
|m_axi_gmem2_0_WSTRB         |  out|    4|       m_axi|                                                         gmem2|       pointer|
|m_axi_gmem2_0_WLAST         |  out|    1|       m_axi|                                                         gmem2|       pointer|
|m_axi_gmem2_0_WID           |  out|    1|       m_axi|                                                         gmem2|       pointer|
|m_axi_gmem2_0_WUSER         |  out|    1|       m_axi|                                                         gmem2|       pointer|
|m_axi_gmem2_0_ARVALID       |  out|    1|       m_axi|                                                         gmem2|       pointer|
|m_axi_gmem2_0_ARREADY       |   in|    1|       m_axi|                                                         gmem2|       pointer|
|m_axi_gmem2_0_ARADDR        |  out|   64|       m_axi|                                                         gmem2|       pointer|
|m_axi_gmem2_0_ARID          |  out|    1|       m_axi|                                                         gmem2|       pointer|
|m_axi_gmem2_0_ARLEN         |  out|   32|       m_axi|                                                         gmem2|       pointer|
|m_axi_gmem2_0_ARSIZE        |  out|    3|       m_axi|                                                         gmem2|       pointer|
|m_axi_gmem2_0_ARBURST       |  out|    2|       m_axi|                                                         gmem2|       pointer|
|m_axi_gmem2_0_ARLOCK        |  out|    2|       m_axi|                                                         gmem2|       pointer|
|m_axi_gmem2_0_ARCACHE       |  out|    4|       m_axi|                                                         gmem2|       pointer|
|m_axi_gmem2_0_ARPROT        |  out|    3|       m_axi|                                                         gmem2|       pointer|
|m_axi_gmem2_0_ARQOS         |  out|    4|       m_axi|                                                         gmem2|       pointer|
|m_axi_gmem2_0_ARREGION      |  out|    4|       m_axi|                                                         gmem2|       pointer|
|m_axi_gmem2_0_ARUSER        |  out|    1|       m_axi|                                                         gmem2|       pointer|
|m_axi_gmem2_0_RVALID        |   in|    1|       m_axi|                                                         gmem2|       pointer|
|m_axi_gmem2_0_RREADY        |  out|    1|       m_axi|                                                         gmem2|       pointer|
|m_axi_gmem2_0_RDATA         |   in|   32|       m_axi|                                                         gmem2|       pointer|
|m_axi_gmem2_0_RLAST         |   in|    1|       m_axi|                                                         gmem2|       pointer|
|m_axi_gmem2_0_RID           |   in|    1|       m_axi|                                                         gmem2|       pointer|
|m_axi_gmem2_0_RFIFONUM      |   in|    9|       m_axi|                                                         gmem2|       pointer|
|m_axi_gmem2_0_RUSER         |   in|    1|       m_axi|                                                         gmem2|       pointer|
|m_axi_gmem2_0_RRESP         |   in|    2|       m_axi|                                                         gmem2|       pointer|
|m_axi_gmem2_0_BVALID        |   in|    1|       m_axi|                                                         gmem2|       pointer|
|m_axi_gmem2_0_BREADY        |  out|    1|       m_axi|                                                         gmem2|       pointer|
|m_axi_gmem2_0_BRESP         |   in|    2|       m_axi|                                                         gmem2|       pointer|
|m_axi_gmem2_0_BID           |   in|    1|       m_axi|                                                         gmem2|       pointer|
|m_axi_gmem2_0_BUSER         |   in|    1|       m_axi|                                                         gmem2|       pointer|
|filter2conv_din             |  out|    8|     ap_fifo|                                                   filter2conv|       pointer|
|filter2conv_full_n          |   in|    1|     ap_fifo|                                                   filter2conv|       pointer|
|filter2conv_write           |  out|    1|     ap_fifo|                                                   filter2conv|       pointer|
|filter2conv_num_data_valid  |   in|    8|     ap_fifo|                                                   filter2conv|       pointer|
|filter2conv_fifo_cap        |   in|    8|     ap_fifo|                                                   filter2conv|       pointer|
|filter_val1                 |   in|   64|     ap_none|                                                   filter_val1|        scalar|
+----------------------------+-----+-----+------------+--------------------------------------------------------------+--------------+

