Vivado Simulator v2024.2.0
Copyright 1986-2022 Xilinx, Inc. All Rights Reserved.
Copyright 2022-2024 Advanced Micro Devices, Inc. All Rights Reserved.
Running: /tools/Xilinx/Vivado/2024.2/bin/unwrapped/lnx64.o/xelab xil_defaultlib.apatb_top_wrapper_top glbl -Oenable_linking_all_libraries -prj top_wrapper.prj -L smartconnect_v1_0 -L axi_protocol_checker_v1_1_12 -L axi_protocol_checker_v1_1_13 -L axis_protocol_checker_v1_1_11 -L axis_protocol_checker_v1_1_12 -L xil_defaultlib -L unisims_ver -L xpm -L floating_point_v7_0_24 -L floating_point_v7_1_19 --lib ieee_proposed=./ieee_proposed -s top_wrapper 
Multi-threading is on. Using 14 slave threads.
INFO: [VRFC 10-2263] Analyzing SystemVerilog file "/home/lorenzor/workspace/convolution/convolution/solution_0/sim/verilog/glbl.v" into library work
INFO: [VRFC 10-311] analyzing module glbl
INFO: [VRFC 10-2263] Analyzing SystemVerilog file "/home/lorenzor/workspace/convolution/convolution/solution_0/sim/verilog/top_wrapper.autotb.v" into library xil_defaultlib
INFO: [VRFC 10-311] analyzing module apatb_top_wrapper_top
INFO: [VRFC 10-2263] Analyzing SystemVerilog file "/home/lorenzor/workspace/convolution/convolution/solution_0/sim/verilog/AESL_axi_master_gmem2.v" into library xil_defaultlib
INFO: [VRFC 10-311] analyzing module AESL_axi_master_gmem2
INFO: [VRFC 10-2263] Analyzing SystemVerilog file "/home/lorenzor/workspace/convolution/convolution/solution_0/sim/verilog/AESL_axi_master_gmem1.v" into library xil_defaultlib
INFO: [VRFC 10-311] analyzing module AESL_axi_master_gmem1
INFO: [VRFC 10-2263] Analyzing SystemVerilog file "/home/lorenzor/workspace/convolution/convolution/solution_0/sim/verilog/AESL_axi_slave_gmem3.v" into library xil_defaultlib
INFO: [VRFC 10-311] analyzing module AESL_axi_slave_gmem3
INFO: [VRFC 10-2263] Analyzing SystemVerilog file "/home/lorenzor/workspace/convolution/convolution/solution_0/sim/verilog/AESL_axi_slave_control_r.v" into library xil_defaultlib
INFO: [VRFC 10-311] analyzing module AESL_axi_slave_control_r
INFO: [VRFC 10-2263] Analyzing SystemVerilog file "/home/lorenzor/workspace/convolution/convolution/solution_0/sim/verilog/AESL_axi_slave_control.v" into library xil_defaultlib
INFO: [VRFC 10-311] analyzing module AESL_axi_slave_control
INFO: [VRFC 10-2263] Analyzing SystemVerilog file "/home/lorenzor/workspace/convolution/convolution/solution_0/sim/verilog/AESL_deadlock_detection_unit.v" into library xil_defaultlib
INFO: [VRFC 10-311] analyzing module AESL_deadlock_detect_unit
INFO: [VRFC 10-2263] Analyzing SystemVerilog file "/home/lorenzor/workspace/convolution/convolution/solution_0/sim/verilog/AESL_deadlock_report_unit.v" into library xil_defaultlib
INFO: [VRFC 10-311] analyzing module AESL_deadlock_report_unit
INFO: [VRFC 10-2263] Analyzing SystemVerilog file "/home/lorenzor/workspace/convolution/convolution/solution_0/sim/verilog/AESL_deadlock_detector.v" into library xil_defaultlib
INFO: [VRFC 10-311] analyzing module AESL_deadlock_detector
INFO: [VRFC 10-2263] Analyzing SystemVerilog file "/home/lorenzor/workspace/convolution/convolution/solution_0/sim/verilog/top_wrapper_entry_proc.v" into library xil_defaultlib
INFO: [VRFC 10-311] analyzing module top_wrapper_entry_proc
INFO: [VRFC 10-2263] Analyzing SystemVerilog file "/home/lorenzor/workspace/convolution/convolution/solution_0/sim/verilog/top_wrapper_dataflow_in_loop_VITIS_LOOP_92_1_1_Loop_VITIS_LOOP_99_2_proc.v" into library xil_defaultlib
INFO: [VRFC 10-311] analyzing module top_wrapper_dataflow_in_loop_VITIS_LOOP_92_1_1_Loop_VITIS_LOOP_99_2_proc
INFO: [VRFC 10-2263] Analyzing SystemVerilog file "/home/lorenzor/workspace/convolution/convolution/solution_0/sim/verilog/top_wrapper_load_input_Pipeline_load_input_loop_VITIS_LOOP_9_1.v" into library xil_defaultlib
INFO: [VRFC 10-311] analyzing module top_wrapper_load_input_Pipeline_load_input_loop_VITIS_LOOP_9_1
INFO: [VRFC 10-2263] Analyzing SystemVerilog file "/home/lorenzor/workspace/convolution/convolution/solution_0/sim/verilog/top_wrapper_load_input.v" into library xil_defaultlib
INFO: [VRFC 10-311] analyzing module top_wrapper_load_input
INFO: [VRFC 10-2263] Analyzing SystemVerilog file "/home/lorenzor/workspace/convolution/convolution/solution_0/sim/verilog/top_wrapper_conv_Pipeline_VITIS_LOOP_41_1_VITIS_LOOP_42_2_VITIS_LOOP_43_3.v" into library xil_defaultlib
INFO: [VRFC 10-311] analyzing module top_wrapper_conv_Pipeline_VITIS_LOOP_41_1_VITIS_LOOP_42_2_VITIS_LOOP_43_3
INFO: [VRFC 10-2263] Analyzing SystemVerilog file "/home/lorenzor/workspace/convolution/convolution/solution_0/sim/verilog/top_wrapper_conv_2_13_13_3_3_2_11_11_1_1_5_1_5_5_2_3_Pipeline_L5_L4_L3.v" into library xil_defaultlib
INFO: [VRFC 10-311] analyzing module top_wrapper_conv_2_13_13_3_3_2_11_11_1_1_5_1_5_5_2_3_Pipeline_L5_L4_L3
INFO: [VRFC 10-2263] Analyzing SystemVerilog file "/home/lorenzor/workspace/convolution/convolution/solution_0/sim/verilog/top_wrapper_conv_2_13_13_3_3_2_11_11_1_1_5_1_5_5_2_3_s.v" into library xil_defaultlib
INFO: [VRFC 10-311] analyzing module top_wrapper_conv_2_13_13_3_3_2_11_11_1_1_5_1_5_5_2_3_s
INFO: [VRFC 10-2263] Analyzing SystemVerilog file "/home/lorenzor/workspace/convolution/convolution/solution_0/sim/verilog/top_wrapper_out_conv2mem_Pipeline_VITIS_LOOP_41_4.v" into library xil_defaultlib
INFO: [VRFC 10-311] analyzing module top_wrapper_out_conv2mem_Pipeline_VITIS_LOOP_41_4
INFO: [VRFC 10-2263] Analyzing SystemVerilog file "/home/lorenzor/workspace/convolution/convolution/solution_0/sim/verilog/top_wrapper_out_conv2mem_2_13_13_3_3_2_11_11_1_162_1_1_5_5_2_3_s.v" into library xil_defaultlib
INFO: [VRFC 10-311] analyzing module top_wrapper_out_conv2mem_2_13_13_3_3_2_11_11_1_162_1_1_5_5_2_3_s
INFO: [VRFC 10-2263] Analyzing SystemVerilog file "/home/lorenzor/workspace/convolution/convolution/solution_0/sim/verilog/top_wrapper_dataflow_in_loop_VITIS_LOOP_92_1_1.v" into library xil_defaultlib
INFO: [VRFC 10-311] analyzing module top_wrapper_dataflow_in_loop_VITIS_LOOP_92_1_1
INFO: [VRFC 10-2263] Analyzing SystemVerilog file "/home/lorenzor/workspace/convolution/convolution/solution_0/sim/verilog/top_wrapper.v" into library xil_defaultlib
INFO: [VRFC 10-311] analyzing module top_wrapper
INFO: [VRFC 10-2263] Analyzing SystemVerilog file "/home/lorenzor/workspace/convolution/convolution/solution_0/sim/verilog/top_wrapper_flow_control_loop_pipe.v" into library xil_defaultlib
INFO: [VRFC 10-311] analyzing module top_wrapper_flow_control_loop_pipe
INFO: [VRFC 10-2263] Analyzing SystemVerilog file "/home/lorenzor/workspace/convolution/convolution/solution_0/sim/verilog/top_wrapper_flow_control_loop_pipe_sequential_init.v" into library xil_defaultlib
INFO: [VRFC 10-311] analyzing module top_wrapper_flow_control_loop_pipe_sequential_init
INFO: [VRFC 10-2263] Analyzing SystemVerilog file "/home/lorenzor/workspace/convolution/convolution/solution_0/sim/verilog/top_wrapper_urem_12ns_7ns_12_16_1.v" into library xil_defaultlib
INFO: [VRFC 10-311] analyzing module top_wrapper_urem_12ns_7ns_12_16_1_divider
INFO: [VRFC 10-311] analyzing module top_wrapper_urem_12ns_7ns_12_16_1
INFO: [VRFC 10-2263] Analyzing SystemVerilog file "/home/lorenzor/workspace/convolution/convolution/solution_0/sim/verilog/top_wrapper_mul_15ns_17ns_31_1_1.v" into library xil_defaultlib
INFO: [VRFC 10-311] analyzing module top_wrapper_mul_15ns_17ns_31_1_1
INFO: [VRFC 10-2263] Analyzing SystemVerilog file "/home/lorenzor/workspace/convolution/convolution/solution_0/sim/verilog/top_wrapper_urem_6ns_5ns_6_10_1.v" into library xil_defaultlib
INFO: [VRFC 10-311] analyzing module top_wrapper_urem_6ns_5ns_6_10_1_divider
INFO: [VRFC 10-311] analyzing module top_wrapper_urem_6ns_5ns_6_10_1
INFO: [VRFC 10-2263] Analyzing SystemVerilog file "/home/lorenzor/workspace/convolution/convolution/solution_0/sim/verilog/top_wrapper_mac_muladd_9ns_4ns_9ns_12_4_1.v" into library xil_defaultlib
INFO: [VRFC 10-311] analyzing module top_wrapper_mac_muladd_9ns_4ns_9ns_12_4_1_DSP48_0
INFO: [VRFC 10-311] analyzing module top_wrapper_mac_muladd_9ns_4ns_9ns_12_4_1
INFO: [VRFC 10-2263] Analyzing SystemVerilog file "/home/lorenzor/workspace/convolution/convolution/solution_0/sim/verilog/top_wrapper_mac_muladd_6ns_6ns_7s_12_4_1.v" into library xil_defaultlib
INFO: [VRFC 10-311] analyzing module top_wrapper_mac_muladd_6ns_6ns_7s_12_4_1_DSP48_0
INFO: [VRFC 10-311] analyzing module top_wrapper_mac_muladd_6ns_6ns_7s_12_4_1
INFO: [VRFC 10-2263] Analyzing SystemVerilog file "/home/lorenzor/workspace/convolution/convolution/solution_0/sim/verilog/top_wrapper_mul_3ns_13ns_14_1_1.v" into library xil_defaultlib
INFO: [VRFC 10-311] analyzing module top_wrapper_mul_3ns_13ns_14_1_1
INFO: [VRFC 10-2263] Analyzing SystemVerilog file "/home/lorenzor/workspace/convolution/convolution/solution_0/sim/verilog/top_wrapper_mul_45s_8s_45_2_1.v" into library xil_defaultlib
INFO: [VRFC 10-311] analyzing module top_wrapper_mul_45s_8s_45_2_1
INFO: [VRFC 10-2263] Analyzing SystemVerilog file "/home/lorenzor/workspace/convolution/convolution/solution_0/sim/verilog/top_wrapper_mul_4ns_6ns_9_1_1.v" into library xil_defaultlib
INFO: [VRFC 10-311] analyzing module top_wrapper_mul_4ns_6ns_9_1_1
INFO: [VRFC 10-2263] Analyzing SystemVerilog file "/home/lorenzor/workspace/convolution/convolution/solution_0/sim/verilog/top_wrapper_urem_6ns_5ns_4_10_1.v" into library xil_defaultlib
INFO: [VRFC 10-311] analyzing module top_wrapper_urem_6ns_5ns_4_10_1_divider
INFO: [VRFC 10-311] analyzing module top_wrapper_urem_6ns_5ns_4_10_1
INFO: [VRFC 10-2263] Analyzing SystemVerilog file "/home/lorenzor/workspace/convolution/convolution/solution_0/sim/verilog/top_wrapper_urem_4ns_4ns_4_8_1.v" into library xil_defaultlib
INFO: [VRFC 10-311] analyzing module top_wrapper_urem_4ns_4ns_4_8_1_divider
INFO: [VRFC 10-311] analyzing module top_wrapper_urem_4ns_4ns_4_8_1
INFO: [VRFC 10-2263] Analyzing SystemVerilog file "/home/lorenzor/workspace/convolution/convolution/solution_0/sim/verilog/top_wrapper_urem_4ns_3ns_4_8_1.v" into library xil_defaultlib
INFO: [VRFC 10-311] analyzing module top_wrapper_urem_4ns_3ns_4_8_1_divider
INFO: [VRFC 10-311] analyzing module top_wrapper_urem_4ns_3ns_4_8_1
INFO: [VRFC 10-2263] Analyzing SystemVerilog file "/home/lorenzor/workspace/convolution/convolution/solution_0/sim/verilog/top_wrapper_sparsemux_77_6_45_1_1.v" into library xil_defaultlib
INFO: [VRFC 10-311] analyzing module top_wrapper_sparsemux_77_6_45_1_1
INFO: [VRFC 10-2263] Analyzing SystemVerilog file "/home/lorenzor/workspace/convolution/convolution/solution_0/sim/verilog/top_wrapper_sparsemux_19_4_45_1_1.v" into library xil_defaultlib
INFO: [VRFC 10-311] analyzing module top_wrapper_sparsemux_19_4_45_1_1
INFO: [VRFC 10-2263] Analyzing SystemVerilog file "/home/lorenzor/workspace/convolution/convolution/solution_0/sim/verilog/top_wrapper_sparsemux_81_6_45_1_1.v" into library xil_defaultlib
INFO: [VRFC 10-311] analyzing module top_wrapper_sparsemux_81_6_45_1_1
INFO: [VRFC 10-2263] Analyzing SystemVerilog file "/home/lorenzor/workspace/convolution/convolution/solution_0/sim/verilog/top_wrapper_sparsemux_97_6_45_1_1.v" into library xil_defaultlib
INFO: [VRFC 10-311] analyzing module top_wrapper_sparsemux_97_6_45_1_1
INFO: [VRFC 10-2263] Analyzing SystemVerilog file "/home/lorenzor/workspace/convolution/convolution/solution_0/sim/verilog/top_wrapper_sparsemux_101_6_45_1_1.v" into library xil_defaultlib
INFO: [VRFC 10-311] analyzing module top_wrapper_sparsemux_101_6_45_1_1
INFO: [VRFC 10-2263] Analyzing SystemVerilog file "/home/lorenzor/workspace/convolution/convolution/solution_0/sim/verilog/top_wrapper_sparsemux_51_5_32_1_1.v" into library xil_defaultlib
INFO: [VRFC 10-311] analyzing module top_wrapper_sparsemux_51_5_32_1_1
INFO: [VRFC 10-2263] Analyzing SystemVerilog file "/home/lorenzor/workspace/convolution/convolution/solution_0/sim/verilog/top_wrapper_mul_3ns_12ns_13_1_1.v" into library xil_defaultlib
INFO: [VRFC 10-311] analyzing module top_wrapper_mul_3ns_12ns_13_1_1
INFO: [VRFC 10-2263] Analyzing SystemVerilog file "/home/lorenzor/workspace/convolution/convolution/solution_0/sim/verilog/top_wrapper_sparsemux_19_5_32_1_1.v" into library xil_defaultlib
INFO: [VRFC 10-311] analyzing module top_wrapper_sparsemux_19_5_32_1_1
INFO: [VRFC 10-2263] Analyzing SystemVerilog file "/home/lorenzor/workspace/convolution/convolution/solution_0/sim/verilog/top_wrapper_fifo_w64_d4_S.v" into library xil_defaultlib
INFO: [VRFC 10-311] analyzing module top_wrapper_fifo_w64_d4_S
INFO: [VRFC 10-311] analyzing module top_wrapper_fifo_w64_d4_S_ShiftReg
INFO: [VRFC 10-2263] Analyzing SystemVerilog file "/home/lorenzor/workspace/convolution/convolution/solution_0/sim/verilog/top_wrapper_fifo_w8_d100_S.v" into library xil_defaultlib
INFO: [VRFC 10-311] analyzing module top_wrapper_fifo_w8_d100_S
INFO: [VRFC 10-311] analyzing module top_wrapper_fifo_w8_d100_S_ShiftReg
INFO: [VRFC 10-2263] Analyzing SystemVerilog file "/home/lorenzor/workspace/convolution/convolution/solution_0/sim/verilog/top_wrapper_fifo_w3_d3_S.v" into library xil_defaultlib
INFO: [VRFC 10-311] analyzing module top_wrapper_fifo_w3_d3_S
INFO: [VRFC 10-311] analyzing module top_wrapper_fifo_w3_d3_S_ShiftReg
INFO: [VRFC 10-2263] Analyzing SystemVerilog file "/home/lorenzor/workspace/convolution/convolution/solution_0/sim/verilog/top_wrapper_fifo_w45_d2_S.v" into library xil_defaultlib
INFO: [VRFC 10-311] analyzing module top_wrapper_fifo_w45_d2_S
INFO: [VRFC 10-311] analyzing module top_wrapper_fifo_w45_d2_S_ShiftReg
INFO: [VRFC 10-2263] Analyzing SystemVerilog file "/home/lorenzor/workspace/convolution/convolution/solution_0/sim/verilog/top_wrapper_fifo_w32_d2_S.v" into library xil_defaultlib
INFO: [VRFC 10-311] analyzing module top_wrapper_fifo_w32_d2_S
INFO: [VRFC 10-311] analyzing module top_wrapper_fifo_w32_d2_S_ShiftReg
INFO: [VRFC 10-2263] Analyzing SystemVerilog file "/home/lorenzor/workspace/convolution/convolution/solution_0/sim/verilog/top_wrapper_gmem2_m_axi.v" into library xil_defaultlib
INFO: [VRFC 10-311] analyzing module top_wrapper_gmem2_m_axi
INFO: [VRFC 10-311] analyzing module top_wrapper_gmem2_m_axi_load
INFO: [VRFC 10-311] analyzing module top_wrapper_gmem2_m_axi_store
INFO: [VRFC 10-311] analyzing module top_wrapper_gmem2_m_axi_read
INFO: [VRFC 10-311] analyzing module top_wrapper_gmem2_m_axi_write
INFO: [VRFC 10-311] analyzing module top_wrapper_gmem2_m_axi_burst_converter
INFO: [VRFC 10-311] analyzing module top_wrapper_gmem2_m_axi_throttle
INFO: [VRFC 10-311] analyzing module top_wrapper_gmem2_m_axi_reg_slice
INFO: [VRFC 10-311] analyzing module top_wrapper_gmem2_m_axi_fifo
INFO: [VRFC 10-311] analyzing module top_wrapper_gmem2_m_axi_srl
INFO: [VRFC 10-311] analyzing module top_wrapper_gmem2_m_axi_mem
INFO: [VRFC 10-2263] Analyzing SystemVerilog file "/home/lorenzor/workspace/convolution/convolution/solution_0/sim/verilog/top_wrapper_gmem1_m_axi.v" into library xil_defaultlib
INFO: [VRFC 10-311] analyzing module top_wrapper_gmem1_m_axi
INFO: [VRFC 10-311] analyzing module top_wrapper_gmem1_m_axi_load
INFO: [VRFC 10-311] analyzing module top_wrapper_gmem1_m_axi_store
INFO: [VRFC 10-311] analyzing module top_wrapper_gmem1_m_axi_read
INFO: [VRFC 10-311] analyzing module top_wrapper_gmem1_m_axi_write
INFO: [VRFC 10-311] analyzing module top_wrapper_gmem1_m_axi_burst_converter
INFO: [VRFC 10-311] analyzing module top_wrapper_gmem1_m_axi_throttle
INFO: [VRFC 10-311] analyzing module top_wrapper_gmem1_m_axi_reg_slice
INFO: [VRFC 10-311] analyzing module top_wrapper_gmem1_m_axi_fifo
INFO: [VRFC 10-311] analyzing module top_wrapper_gmem1_m_axi_srl
INFO: [VRFC 10-311] analyzing module top_wrapper_gmem1_m_axi_mem
INFO: [VRFC 10-2263] Analyzing SystemVerilog file "/home/lorenzor/workspace/convolution/convolution/solution_0/sim/verilog/top_wrapper_control_s_axi.v" into library xil_defaultlib
INFO: [VRFC 10-311] analyzing module top_wrapper_control_s_axi
INFO: [VRFC 10-2263] Analyzing SystemVerilog file "/home/lorenzor/workspace/convolution/convolution/solution_0/sim/verilog/top_wrapper_control_r_s_axi.v" into library xil_defaultlib
INFO: [VRFC 10-311] analyzing module top_wrapper_control_r_s_axi
INFO: [VRFC 10-2263] Analyzing SystemVerilog file "/home/lorenzor/workspace/convolution/convolution/solution_0/sim/verilog/top_wrapper_gmem3_s_axi.v" into library xil_defaultlib
INFO: [VRFC 10-311] analyzing module top_wrapper_gmem3_s_axi
INFO: [VRFC 10-311] analyzing module top_wrapper_gmem3_s_axi_ram
INFO: [VRFC 10-2263] Analyzing SystemVerilog file "/home/lorenzor/workspace/convolution/convolution/solution_0/sim/verilog/dataflow_monitor.sv" into library xil_defaultlib
INFO: [VRFC 10-311] analyzing module dataflow_monitor
Starting static elaboration
Pass Through NonSizing Optimizer
WARNING: [VRFC 10-3091] actual bit length 45 differs from formal bit length 48 for port 'd0' [/home/lorenzor/workspace/convolution/convolution/solution_0/sim/verilog/top_wrapper_gmem3_s_axi.v:99]
Completed static elaboration
Starting simulation data flow analysis
Completed simulation data flow analysis
Time Resolution for simulation is 1ps
Compiling package xil_defaultlib.$unit_dataflow_monitor_sv
Compiling module xil_defaultlib.top_wrapper_control_s_axi
Compiling module xil_defaultlib.top_wrapper_control_r_s_axi
Compiling module xil_defaultlib.top_wrapper_gmem3_s_axi_ram(MEM_...
Compiling module xil_defaultlib.top_wrapper_gmem3_s_axi
Compiling module xil_defaultlib.top_wrapper_gmem1_m_axi_srl(DATA...
Compiling module xil_defaultlib.top_wrapper_gmem1_m_axi_fifo(DAT...
Compiling module xil_defaultlib.top_wrapper_gmem1_m_axi_mem(MEM_...
Compiling module xil_defaultlib.top_wrapper_gmem1_m_axi_fifo(MEM...
Compiling module xil_defaultlib.top_wrapper_gmem1_m_axi_srl(DATA...
Compiling module xil_defaultlib.top_wrapper_gmem1_m_axi_fifo(DAT...
Compiling module xil_defaultlib.top_wrapper_gmem1_m_axi_srl(DATA...
Compiling module xil_defaultlib.top_wrapper_gmem1_m_axi_fifo(DAT...
Compiling module xil_defaultlib.top_wrapper_gmem1_m_axi_store(NU...
Compiling module xil_defaultlib.top_wrapper_gmem1_m_axi_reg_slic...
Compiling module xil_defaultlib.top_wrapper_gmem1_m_axi_burst_co...
Compiling module xil_defaultlib.top_wrapper_gmem1_m_axi_srl(DATA...
Compiling module xil_defaultlib.top_wrapper_gmem1_m_axi_fifo(DAT...
Compiling module xil_defaultlib.top_wrapper_gmem1_m_axi_reg_slic...
Compiling module xil_defaultlib.top_wrapper_gmem1_m_axi_srl(DATA...
Compiling module xil_defaultlib.top_wrapper_gmem1_m_axi_fifo(DAT...
Compiling module xil_defaultlib.top_wrapper_gmem1_m_axi_srl(DATA...
Compiling module xil_defaultlib.top_wrapper_gmem1_m_axi_fifo(DAT...
Compiling module xil_defaultlib.top_wrapper_gmem1_m_axi_throttle...
Compiling module xil_defaultlib.top_wrapper_gmem1_m_axi_reg_slic...
Compiling module xil_defaultlib.top_wrapper_gmem1_m_axi_write(CO...
Compiling module xil_defaultlib.top_wrapper_gmem1_m_axi(CONSERVA...
Compiling module xil_defaultlib.top_wrapper_gmem2_m_axi_srl(DATA...
Compiling module xil_defaultlib.top_wrapper_gmem2_m_axi_fifo(DAT...
Compiling module xil_defaultlib.top_wrapper_gmem2_m_axi_mem(MEM_...
Compiling module xil_defaultlib.top_wrapper_gmem2_m_axi_fifo(MEM...
Compiling module xil_defaultlib.top_wrapper_gmem2_m_axi_load(NUM...
Compiling module xil_defaultlib.top_wrapper_gmem2_m_axi_reg_slic...
Compiling module xil_defaultlib.top_wrapper_gmem2_m_axi_burst_co...
Compiling module xil_defaultlib.top_wrapper_gmem2_m_axi_reg_slic...
Compiling module xil_defaultlib.top_wrapper_gmem2_m_axi_srl(DATA...
Compiling module xil_defaultlib.top_wrapper_gmem2_m_axi_fifo(DAT...
Compiling module xil_defaultlib.top_wrapper_gmem2_m_axi_read(C_U...
Compiling module xil_defaultlib.top_wrapper_gmem2_m_axi(CONSERVA...
Compiling module xil_defaultlib.top_wrapper_entry_proc
Compiling module xil_defaultlib.top_wrapper_flow_control_loop_pi...
Compiling module xil_defaultlib.top_wrapper_dataflow_in_loop_VIT...
Compiling module xil_defaultlib.top_wrapper_urem_12ns_7ns_12_16_...
Compiling module xil_defaultlib.top_wrapper_urem_12ns_7ns_12_16_...
Compiling module xil_defaultlib.top_wrapper_mul_15ns_17ns_31_1_1...
Compiling module xil_defaultlib.top_wrapper_urem_6ns_5ns_6_10_1_...
Compiling module xil_defaultlib.top_wrapper_urem_6ns_5ns_6_10_1(...
Compiling module xil_defaultlib.top_wrapper_mac_muladd_9ns_4ns_9...
Compiling module xil_defaultlib.top_wrapper_mac_muladd_9ns_4ns_9...
Compiling module xil_defaultlib.top_wrapper_mac_muladd_6ns_6ns_7...
Compiling module xil_defaultlib.top_wrapper_mac_muladd_6ns_6ns_7...
Compiling module xil_defaultlib.top_wrapper_flow_control_loop_pi...
Compiling module xil_defaultlib.top_wrapper_load_input_Pipeline_...
Compiling module xil_defaultlib.top_wrapper_mul_3ns_13ns_14_1_1(...
Compiling module xil_defaultlib.top_wrapper_load_input
Compiling module xil_defaultlib.top_wrapper_conv_Pipeline_VITIS_...
Compiling module xil_defaultlib.top_wrapper_mul_45s_8s_45_2_1(NU...
Compiling module xil_defaultlib.top_wrapper_mul_4ns_6ns_9_1_1(NU...
Compiling module xil_defaultlib.top_wrapper_urem_6ns_5ns_4_10_1_...
Compiling module xil_defaultlib.top_wrapper_urem_6ns_5ns_4_10_1(...
Compiling module xil_defaultlib.top_wrapper_urem_4ns_4ns_4_8_1_d...
Compiling module xil_defaultlib.top_wrapper_urem_4ns_4ns_4_8_1(N...
Compiling module xil_defaultlib.top_wrapper_urem_4ns_3ns_4_8_1_d...
Compiling module xil_defaultlib.top_wrapper_urem_4ns_3ns_4_8_1(N...
Compiling module xil_defaultlib.top_wrapper_sparsemux_77_6_45_1_...
Compiling module xil_defaultlib.top_wrapper_sparsemux_19_4_45_1_...
Compiling module xil_defaultlib.top_wrapper_sparsemux_81_6_45_1_...
Compiling module xil_defaultlib.top_wrapper_sparsemux_97_6_45_1_...
Compiling module xil_defaultlib.top_wrapper_sparsemux_101_6_45_1...
Compiling module xil_defaultlib.top_wrapper_conv_2_13_13_3_3_2_1...
Compiling module xil_defaultlib.top_wrapper_conv_2_13_13_3_3_2_1...
Compiling module xil_defaultlib.top_wrapper_sparsemux_51_5_32_1_...
Compiling module xil_defaultlib.top_wrapper_out_conv2mem_Pipelin...
Compiling module xil_defaultlib.top_wrapper_mul_3ns_12ns_13_1_1(...
Compiling module xil_defaultlib.top_wrapper_sparsemux_19_5_32_1_...
Compiling module xil_defaultlib.top_wrapper_out_conv2mem_2_13_13...
Compiling module xil_defaultlib.top_wrapper_fifo_w64_d4_S_ShiftR...
Compiling module xil_defaultlib.top_wrapper_fifo_w64_d4_S_defaul...
Compiling module xil_defaultlib.top_wrapper_fifo_w8_d100_S_Shift...
Compiling module xil_defaultlib.top_wrapper_fifo_w8_d100_S_defau...
Compiling module xil_defaultlib.top_wrapper_fifo_w3_d3_S_ShiftRe...
Compiling module xil_defaultlib.top_wrapper_fifo_w3_d3_S_default
Compiling module xil_defaultlib.top_wrapper_fifo_w45_d2_S_ShiftR...
Compiling module xil_defaultlib.top_wrapper_fifo_w45_d2_S_defaul...
Compiling module xil_defaultlib.top_wrapper_fifo_w32_d2_S_ShiftR...
Compiling module xil_defaultlib.top_wrapper_fifo_w32_d2_S_defaul...
Compiling module xil_defaultlib.top_wrapper_dataflow_in_loop_VIT...
Compiling module xil_defaultlib.top_wrapper
Compiling module xil_defaultlib.AESL_axi_master_gmem2
Compiling module xil_defaultlib.AESL_axi_master_gmem1
Compiling module xil_defaultlib.AESL_axi_slave_gmem3
WARNING: [XSIM 43-3373] "/home/lorenzor/workspace/convolution/convolution/solution_0/sim/verilog/AESL_axi_slave_gmem3.v" Line 461. System function $fread is used as system task. This system function should have a LHS e.g. x=$fread().
WARNING: [XSIM 43-3373] "/home/lorenzor/workspace/convolution/convolution/solution_0/sim/verilog/AESL_axi_slave_gmem3.v" Line 470. System function $fread is used as system task. This system function should have a LHS e.g. x=$fread().
WARNING: [XSIM 43-3373] "/home/lorenzor/workspace/convolution/convolution/solution_0/sim/verilog/AESL_axi_slave_gmem3.v" Line 511. System function $fread is used as system task. This system function should have a LHS e.g. x=$fread().
Compiling module xil_defaultlib.AESL_axi_slave_control_r
Compiling module xil_defaultlib.AESL_axi_slave_control
Compiling module xil_defaultlib.AESL_deadlock_detect_unit(PROC_N...
Compiling module xil_defaultlib.AESL_deadlock_detect_unit(PROC_N...
Compiling module xil_defaultlib.AESL_deadlock_detect_unit(PROC_N...
Compiling module xil_defaultlib.AESL_deadlock_detect_unit(PROC_N...
Compiling module xil_defaultlib.AESL_deadlock_detect_unit(PROC_N...
Compiling module xil_defaultlib.AESL_deadlock_report_unit(PROC_N...
Compiling module xil_defaultlib.AESL_deadlock_detector_2
Compiling module xil_defaultlib.df_fifo_intf_default
Compiling module xil_defaultlib.df_process_intf_default
Compiling module xil_defaultlib.nodf_module_intf_default
Compiling module xil_defaultlib.df_loop_intf_default
Compiling module xil_defaultlib.seq_loop_intf(FSM_WIDTH=5)
Compiling module xil_defaultlib.seq_loop_intf(FSM_WIDTH=7)
Compiling module xil_defaultlib.upc_loop_intf(FSM_WIDTH=1)
Compiling module xil_defaultlib.upc_loop_intf_default
Compiling module xil_defaultlib.dataflow_monitor_1
Compiling module xil_defaultlib.apatb_top_wrapper_top
Compiling module work.glbl
Built simulation snapshot top_wrapper
