img: 0
memory hw: 
17542 18318 19094 19870 20646 21422 22198 22974 23750 24526 25302 
27630 28406 29182 29958 30734 31510 32286 33062 33838 34614 35390 
37718 38494 39270 40046 40822 41598 42374 43150 43926 44702 45478 
47806 48582 49358 50134 50910 51686 52462 53238 54014 54790 55566 
57894 58670 59446 60222 60998 61774 62550 63326 64102 64878 65654 
67982 68758 69534 70310 71086 71862 72638 73414 74190 74966 75742 
78070 78846 79622 80398 81174 81950 82726 83502 84278 85054 85830 
88158 88934 89710 90486 91262 92038 92814 93590 94366 95142 95918 
98246 99022 99798 100574 101350 102126 102902 103678 104454 105230 106006 
108334 109110 109886 110662 111438 112214 112990 113766 114542 115318 116094 
118422 119198 119974 120750 121526 122302 123078 123854 124630 125406 126182 

-6515 -6687 -6859 -7031 -7203 -7375 -7547 -7719 -7891 -8063 -8235 
-8751 -8923 -9095 -9267 -9439 -9611 -9783 -9955 -10127 -10299 -10471 
-10987 -11159 -11331 -11503 -11675 -11847 -12019 -12191 -12363 -12535 -12707 
-13223 -13395 -13567 -13739 -13911 -14083 -14255 -14427 -14599 -14771 -14943 
-15459 -15631 -15803 -15975 -16147 -16319 -16491 -16663 -16835 -17007 -17179 
-17695 -17867 -18039 -18211 -18383 -18555 -18727 -18899 -19071 -19243 -19415 
-19931 -20103 -20275 -20447 -20619 -20791 -20963 -21135 -21307 -21479 -21651 
-22167 -22339 -22511 -22683 -22855 -23027 -23199 -23371 -23543 -23715 -23887 
-24403 -24575 -24747 -24919 -25091 -25263 -25435 -25607 -25779 -25951 -26123 
-26639 -26811 -26983 -27155 -27327 -27499 -27671 -27843 -28015 -28187 -28359 
-28875 -29047 -29219 -29391 -29563 -29735 -29907 -30079 -30251 -30423 -30595 


img: 1
memory hw: 
17542 18318 19094 19870 20646 21422 22198 22974 23750 24526 25302 
27630 28406 29182 29958 30734 31510 32286 33062 33838 34614 35390 
37718 38494 39270 40046 40822 41598 42374 43150 43926 44702 45478 
47806 48582 49358 50134 50910 51686 52462 53238 54014 54790 55566 
57894 58670 59446 60222 60998 61774 62550 63326 64102 64878 65654 
67982 68758 69534 70310 71086 71862 72638 73414 74190 74966 75742 
78070 78846 79622 80398 81174 81950 82726 83502 84278 85054 85830 
88158 88934 89710 90486 91262 92038 92814 93590 94366 95142 95918 
98246 99022 99798 100574 101350 102126 102902 103678 104454 105230 106006 
108334 109110 109886 110662 111438 112214 112990 113766 114542 115318 116094 
118422 119198 119974 120750 121526 122302 123078 123854 124630 125406 126182 

-6515 -6687 -6859 -7031 -7203 -7375 -7547 -7719 -7891 -8063 -8235 
-8751 -8923 -9095 -9267 -9439 -9611 -9783 -9955 -10127 -10299 -10471 
-10987 -11159 -11331 -11503 -11675 -11847 -12019 -12191 -12363 -12535 -12707 
-13223 -13395 -13567 -13739 -13911 -14083 -14255 -14427 -14599 -14771 -14943 
-15459 -15631 -15803 -15975 -16147 -16319 -16491 -16663 -16835 -17007 -17179 
-17695 -17867 -18039 -18211 -18383 -18555 -18727 -18899 -19071 -19243 -19415 
-19931 -20103 -20275 -20447 -20619 -20791 -20963 -21135 -21307 -21479 -21651 
-22167 -22339 -22511 -22683 -22855 -23027 -23199 -23371 -23543 -23715 -23887 
-24403 -24575 -24747 -24919 -25091 -25263 -25435 -25607 -25779 -25951 -26123 
-26639 -26811 -26983 -27155 -27327 -27499 -27671 -27843 -28015 -28187 -28359 
-28875 -29047 -29219 -29391 -29563 -29735 -29907 -30079 -30251 -30423 -30595 


img: 2
memory hw: 
17542 18318 19094 19870 20646 21422 22198 22974 23750 24526 25302 
27630 28406 29182 29958 30734 31510 32286 33062 33838 34614 35390 
37718 38494 39270 40046 40822 41598 42374 43150 43926 44702 45478 
47806 48582 49358 50134 50910 51686 52462 53238 54014 54790 55566 
57894 58670 59446 60222 60998 61774 62550 63326 64102 64878 65654 
67982 68758 69534 70310 71086 71862 72638 73414 74190 74966 75742 
78070 78846 79622 80398 81174 81950 82726 83502 84278 85054 85830 
88158 88934 89710 90486 91262 92038 92814 93590 94366 95142 95918 
98246 99022 99798 100574 101350 102126 102902 103678 104454 105230 106006 
108334 109110 109886 110662 111438 112214 112990 113766 114542 115318 116094 
118422 119198 119974 120750 121526 122302 123078 123854 124630 125406 126182 

-6515 -6687 -6859 -7031 -7203 -7375 -7547 -7719 -7891 -8063 -8235 
-8751 -8923 -9095 -9267 -9439 -9611 -9783 -9955 -10127 -10299 -10471 
-10987 -11159 -11331 -11503 -11675 -11847 -12019 -12191 -12363 -12535 -12707 
-13223 -13395 -13567 -13739 -13911 -14083 -14255 -14427 -14599 -14771 -14943 
-15459 -15631 -15803 -15975 -16147 -16319 -16491 -16663 -16835 -17007 -17179 
-17695 -17867 -18039 -18211 -18383 -18555 -18727 -18899 -19071 -19243 -19415 
-19931 -20103 -20275 -20447 -20619 -20791 -20963 -21135 -21307 -21479 -21651 
-22167 -22339 -22511 -22683 -22855 -23027 -23199 -23371 -23543 -23715 -23887 
-24403 -24575 -24747 -24919 -25091 -25263 -25435 -25607 -25779 -25951 -26123 
-26639 -26811 -26983 -27155 -27327 -27499 -27671 -27843 -28015 -28187 -28359 
-28875 -29047 -29219 -29391 -29563 -29735 -29907 -30079 -30251 -30423 -30595 


img: 3
memory hw: 
17542 18318 19094 19870 20646 21422 22198 22974 23750 24526 25302 
27630 28406 29182 29958 30734 31510 32286 33062 33838 34614 35390 
37718 38494 39270 40046 40822 41598 42374 43150 43926 44702 45478 
47806 48582 49358 50134 50910 51686 52462 53238 54014 54790 55566 
57894 58670 59446 60222 60998 61774 62550 63326 64102 64878 65654 
67982 68758 69534 70310 71086 71862 72638 73414 74190 74966 75742 
78070 78846 79622 80398 81174 81950 82726 83502 84278 85054 85830 
88158 88934 89710 90486 91262 92038 92814 93590 94366 95142 95918 
98246 99022 99798 100574 101350 102126 102902 103678 104454 105230 106006 
108334 109110 109886 110662 111438 112214 112990 113766 114542 115318 116094 
118422 119198 119974 120750 121526 122302 123078 123854 124630 125406 126182 

-6515 -6687 -6859 -7031 -7203 -7375 -7547 -7719 -7891 -8063 -8235 
-8751 -8923 -9095 -9267 -9439 -9611 -9783 -9955 -10127 -10299 -10471 
-10987 -11159 -11331 -11503 -11675 -11847 -12019 -12191 -12363 -12535 -12707 
-13223 -13395 -13567 -13739 -13911 -14083 -14255 -14427 -14599 -14771 -14943 
-15459 -15631 -15803 -15975 -16147 -16319 -16491 -16663 -16835 -17007 -17179 
-17695 -17867 -18039 -18211 -18383 -18555 -18727 -18899 -19071 -19243 -19415 
-19931 -20103 -20275 -20447 -20619 -20791 -20963 -21135 -21307 -21479 -21651 
-22167 -22339 -22511 -22683 -22855 -23027 -23199 -23371 -23543 -23715 -23887 
-24403 -24575 -24747 -24919 -25091 -25263 -25435 -25607 -25779 -25951 -26123 
-26639 -26811 -26983 -27155 -27327 -27499 -27671 -27843 -28015 -28187 -28359 
-28875 -29047 -29219 -29391 -29563 -29735 -29907 -30079 -30251 -30423 -30595 


img: 4
memory hw: 
17542 18318 19094 19870 20646 21422 22198 22974 23750 24526 25302 
27630 28406 29182 29958 30734 31510 32286 33062 33838 34614 35390 
37718 38494 39270 40046 40822 41598 42374 43150 43926 44702 45478 
47806 48582 49358 50134 50910 51686 52462 53238 54014 54790 55566 
57894 58670 59446 60222 60998 61774 62550 63326 64102 64878 65654 
67982 68758 69534 70310 71086 71862 72638 73414 74190 74966 75742 
78070 78846 79622 80398 81174 81950 82726 83502 84278 85054 85830 
88158 88934 89710 90486 91262 92038 92814 93590 94366 95142 95918 
98246 99022 99798 100574 101350 102126 102902 103678 104454 105230 106006 
108334 109110 109886 110662 111438 112214 112990 113766 114542 115318 116094 
118422 119198 119974 120750 121526 122302 123078 123854 124630 125406 126182 

-6515 -6687 -6859 -7031 -7203 -7375 -7547 -7719 -7891 -8063 -8235 
-8751 -8923 -9095 -9267 -9439 -9611 -9783 -9955 -10127 -10299 -10471 
-10987 -11159 -11331 -11503 -11675 -11847 -12019 -12191 -12363 -12535 -12707 
-13223 -13395 -13567 -13739 -13911 -14083 -14255 -14427 -14599 -14771 -14943 
-15459 -15631 -15803 -15975 -16147 -16319 -16491 -16663 -16835 -17007 -17179 
-17695 -17867 -18039 -18211 -18383 -18555 -18727 -18899 -19071 -19243 -19415 
-19931 -20103 -20275 -20447 -20619 -20791 -20963 -21135 -21307 -21479 -21651 
-22167 -22339 -22511 -22683 -22855 -23027 -23199 -23371 -23543 -23715 -23887 
-24403 -24575 -24747 -24919 -25091 -25263 -25435 -25607 -25779 -25951 -26123 
-26639 -26811 -26983 -27155 -27327 -27499 -27671 -27843 -28015 -28187 -28359 
-28875 -29047 -29219 -29391 -29563 -29735 -29907 -30079 -30251 -30423 -30595 


golden_out_tb: 
17542 18318 19094 19870 20646 21422 22198 22974 23750 24526 25302 
27630 28406 29182 29958 30734 31510 32286 33062 33838 34614 35390 
37718 38494 39270 40046 40822 41598 42374 43150 43926 44702 45478 
47806 48582 49358 50134 50910 51686 52462 53238 54014 54790 55566 
57894 58670 59446 60222 60998 61774 62550 63326 64102 64878 65654 
67982 68758 69534 70310 71086 71862 72638 73414 74190 74966 75742 
78070 78846 79622 80398 81174 81950 82726 83502 84278 85054 85830 
88158 88934 89710 90486 91262 92038 92814 93590 94366 95142 95918 
98246 99022 99798 100574 101350 102126 102902 103678 104454 105230 106006 
108334 109110 109886 110662 111438 112214 112990 113766 114542 115318 116094 
118422 119198 119974 120750 121526 122302 123078 123854 124630 125406 126182 

-6515 -6687 -6859 -7031 -7203 -7375 -7547 -7719 -7891 -8063 -8235 
-8751 -8923 -9095 -9267 -9439 -9611 -9783 -9955 -10127 -10299 -10471 
-10987 -11159 -11331 -11503 -11675 -11847 -12019 -12191 -12363 -12535 -12707 
-13223 -13395 -13567 -13739 -13911 -14083 -14255 -14427 -14599 -14771 -14943 
-15459 -15631 -15803 -15975 -16147 -16319 -16491 -16663 -16835 -17007 -17179 
-17695 -17867 -18039 -18211 -18383 -18555 -18727 -18899 -19071 -19243 -19415 
-19931 -20103 -20275 -20447 -20619 -20791 -20963 -21135 -21307 -21479 -21651 
-22167 -22339 -22511 -22683 -22855 -23027 -23199 -23371 -23543 -23715 -23887 
-24403 -24575 -24747 -24919 -25091 -25263 -25435 -25607 -25779 -25951 -26123 
-26639 -26811 -26983 -27155 -27327 -27499 -27671 -27843 -28015 -28187 -28359 
-28875 -29047 -29219 -29391 -29563 -29735 -29907 -30079 -30251 -30423 -30595 


17542 18318 19094 19870 20646 21422 22198 22974 23750 24526 25302 
27630 28406 29182 29958 30734 31510 32286 33062 33838 34614 35390 
37718 38494 39270 40046 40822 41598 42374 43150 43926 44702 45478 
47806 48582 49358 50134 50910 51686 52462 53238 54014 54790 55566 
57894 58670 59446 60222 60998 61774 62550 63326 64102 64878 65654 
67982 68758 69534 70310 71086 71862 72638 73414 74190 74966 75742 
78070 78846 79622 80398 81174 81950 82726 83502 84278 85054 85830 
88158 88934 89710 90486 91262 92038 92814 93590 94366 95142 95918 
98246 99022 99798 100574 101350 102126 102902 103678 104454 105230 106006 
108334 109110 109886 110662 111438 112214 112990 113766 114542 115318 116094 
118422 119198 119974 120750 121526 122302 123078 123854 124630 125406 126182 

-6515 -6687 -6859 -7031 -7203 -7375 -7547 -7719 -7891 -8063 -8235 
-8751 -8923 -9095 -9267 -9439 -9611 -9783 -9955 -10127 -10299 -10471 
-10987 -11159 -11331 -11503 -11675 -11847 -12019 -12191 -12363 -12535 -12707 
-13223 -13395 -13567 -13739 -13911 -14083 -14255 -14427 -14599 -14771 -14943 
-15459 -15631 -15803 -15975 -16147 -16319 -16491 -16663 -16835 -17007 -17179 
-17695 -17867 -18039 -18211 -18383 -18555 -18727 -18899 -19071 -19243 -19415 
-19931 -20103 -20275 -20447 -20619 -20791 -20963 -21135 -21307 -21479 -21651 
-22167 -22339 -22511 -22683 -22855 -23027 -23199 -23371 -23543 -23715 -23887 
-24403 -24575 -24747 -24919 -25091 -25263 -25435 -25607 -25779 -25951 -26123 
-26639 -26811 -26983 -27155 -27327 -27499 -27671 -27843 -28015 -28187 -28359 
-28875 -29047 -29219 -29391 -29563 -29735 -29907 -30079 -30251 -30423 -30595 


17542 18318 19094 19870 20646 21422 22198 22974 23750 24526 25302 
27630 28406 29182 29958 30734 31510 32286 33062 33838 34614 35390 
37718 38494 39270 40046 40822 41598 42374 43150 43926 44702 45478 
47806 48582 49358 50134 50910 51686 52462 53238 54014 54790 55566 
57894 58670 59446 60222 60998 61774 62550 63326 64102 64878 65654 
67982 68758 69534 70310 71086 71862 72638 73414 74190 74966 75742 
78070 78846 79622 80398 81174 81950 82726 83502 84278 85054 85830 
88158 88934 89710 90486 91262 92038 92814 93590 94366 95142 95918 
98246 99022 99798 100574 101350 102126 102902 103678 104454 105230 106006 
108334 109110 109886 110662 111438 112214 112990 113766 114542 115318 116094 
118422 119198 119974 120750 121526 122302 123078 123854 124630 125406 126182 

-6515 -6687 -6859 -7031 -7203 -7375 -7547 -7719 -7891 -8063 -8235 
-8751 -8923 -9095 -9267 -9439 -9611 -9783 -9955 -10127 -10299 -10471 
-10987 -11159 -11331 -11503 -11675 -11847 -12019 -12191 -12363 -12535 -12707 
-13223 -13395 -13567 -13739 -13911 -14083 -14255 -14427 -14599 -14771 -14943 
-15459 -15631 -15803 -15975 -16147 -16319 -16491 -16663 -16835 -17007 -17179 
-17695 -17867 -18039 -18211 -18383 -18555 -18727 -18899 -19071 -19243 -19415 
-19931 -20103 -20275 -20447 -20619 -20791 -20963 -21135 -21307 -21479 -21651 
-22167 -22339 -22511 -22683 -22855 -23027 -23199 -23371 -23543 -23715 -23887 
-24403 -24575 -24747 -24919 -25091 -25263 -25435 -25607 -25779 -25951 -26123 
-26639 -26811 -26983 -27155 -27327 -27499 -27671 -27843 -28015 -28187 -28359 
-28875 -29047 -29219 -29391 -29563 -29735 -29907 -30079 -30251 -30423 -30595 


17542 18318 19094 19870 20646 21422 22198 22974 23750 24526 25302 
27630 28406 29182 29958 30734 31510 32286 33062 33838 34614 35390 
37718 38494 39270 40046 40822 41598 42374 43150 43926 44702 45478 
47806 48582 49358 50134 50910 51686 52462 53238 54014 54790 55566 
57894 58670 59446 60222 60998 61774 62550 63326 64102 64878 65654 
67982 68758 69534 70310 71086 71862 72638 73414 74190 74966 75742 
78070 78846 79622 80398 81174 81950 82726 83502 84278 85054 85830 
88158 88934 89710 90486 91262 92038 92814 93590 94366 95142 95918 
98246 99022 99798 100574 101350 102126 102902 103678 104454 105230 106006 
108334 109110 109886 110662 111438 112214 112990 113766 114542 115318 116094 
118422 119198 119974 120750 121526 122302 123078 123854 124630 125406 126182 

-6515 -6687 -6859 -7031 -7203 -7375 -7547 -7719 -7891 -8063 -8235 
-8751 -8923 -9095 -9267 -9439 -9611 -9783 -9955 -10127 -10299 -10471 
-10987 -11159 -11331 -11503 -11675 -11847 -12019 -12191 -12363 -12535 -12707 
-13223 -13395 -13567 -13739 -13911 -14083 -14255 -14427 -14599 -14771 -14943 
-15459 -15631 -15803 -15975 -16147 -16319 -16491 -16663 -16835 -17007 -17179 
-17695 -17867 -18039 -18211 -18383 -18555 -18727 -18899 -19071 -19243 -19415 
-19931 -20103 -20275 -20447 -20619 -20791 -20963 -21135 -21307 -21479 -21651 
-22167 -22339 -22511 -22683 -22855 -23027 -23199 -23371 -23543 -23715 -23887 
-24403 -24575 -24747 -24919 -25091 -25263 -25435 -25607 -25779 -25951 -26123 
-26639 -26811 -26983 -27155 -27327 -27499 -27671 -27843 -28015 -28187 -28359 
-28875 -29047 -29219 -29391 -29563 -29735 -29907 -30079 -30251 -30423 -30595 


17542 18318 19094 19870 20646 21422 22198 22974 23750 24526 25302 
27630 28406 29182 29958 30734 31510 32286 33062 33838 34614 35390 
37718 38494 39270 40046 40822 41598 42374 43150 43926 44702 45478 
47806 48582 49358 50134 50910 51686 52462 53238 54014 54790 55566 
57894 58670 59446 60222 60998 61774 62550 63326 64102 64878 65654 
67982 68758 69534 70310 71086 71862 72638 73414 74190 74966 75742 
78070 78846 79622 80398 81174 81950 82726 83502 84278 85054 85830 
88158 88934 89710 90486 91262 92038 92814 93590 94366 95142 95918 
98246 99022 99798 100574 101350 102126 102902 103678 104454 105230 106006 
108334 109110 109886 110662 111438 112214 112990 113766 114542 115318 116094 
118422 119198 119974 120750 121526 122302 123078 123854 124630 125406 126182 

-6515 -6687 -6859 -7031 -7203 -7375 -7547 -7719 -7891 -8063 -8235 
-8751 -8923 -9095 -9267 -9439 -9611 -9783 -9955 -10127 -10299 -10471 
-10987 -11159 -11331 -11503 -11675 -11847 -12019 -12191 -12363 -12535 -12707 
-13223 -13395 -13567 -13739 -13911 -14083 -14255 -14427 -14599 -14771 -14943 
-15459 -15631 -15803 -15975 -16147 -16319 -16491 -16663 -16835 -17007 -17179 
-17695 -17867 -18039 -18211 -18383 -18555 -18727 -18899 -19071 -19243 -19415 
-19931 -20103 -20275 -20447 -20619 -20791 -20963 -21135 -21307 -21479 -21651 
-22167 -22339 -22511 -22683 -22855 -23027 -23199 -23371 -23543 -23715 -23887 
-24403 -24575 -24747 -24919 -25091 -25263 -25435 -25607 -25779 -25951 -26123 
-26639 -26811 -26983 -27155 -27327 -27499 -27671 -27843 -28015 -28187 -28359 
-28875 -29047 -29219 -29391 -29563 -29735 -29907 -30079 -30251 -30423 -30595 


INFO [HLS SIM]: The maximum depth reached by any hls::stream() instance in the design is 36
Vivado Simulator v2024.2.0
Copyright 1986-2022 Xilinx, Inc. All Rights Reserved.
Copyright 2022-2024 Advanced Micro Devices, Inc. All Rights Reserved.
Running: /tools/Xilinx/Vivado/2024.2/bin/unwrapped/lnx64.o/xelab xil_defaultlib.apatb_top_wrapper_top glbl -Oenable_linking_all_libraries -prj top_wrapper.prj -L smartconnect_v1_0 -L axi_protocol_checker_v1_1_12 -L axi_protocol_checker_v1_1_13 -L axis_protocol_checker_v1_1_11 -L axis_protocol_checker_v1_1_12 -L xil_defaultlib -L unisims_ver -L xpm -L floating_point_v7_0_24 -L floating_point_v7_1_19 --lib ieee_proposed=./ieee_proposed -s top_wrapper 
Multi-threading is on. Using 14 slave threads.
INFO: [VRFC 10-2263] Analyzing SystemVerilog file "/home/lorenzor/workspace/convolution/convolution/solution_0/sim/verilog/glbl.v" into library work
INFO: [VRFC 10-311] analyzing module glbl
INFO: [VRFC 10-2263] Analyzing SystemVerilog file "/home/lorenzor/workspace/convolution/convolution/solution_0/sim/verilog/top_wrapper.autotb.v" into library xil_defaultlib
INFO: [VRFC 10-311] analyzing module apatb_top_wrapper_top
INFO: [VRFC 10-2263] Analyzing SystemVerilog file "/home/lorenzor/workspace/convolution/convolution/solution_0/sim/verilog/AESL_axi_master_gmem2.v" into library xil_defaultlib
INFO: [VRFC 10-311] analyzing module AESL_axi_master_gmem2
INFO: [VRFC 10-2263] Analyzing SystemVerilog file "/home/lorenzor/workspace/convolution/convolution/solution_0/sim/verilog/AESL_axi_master_gmem1.v" into library xil_defaultlib
INFO: [VRFC 10-311] analyzing module AESL_axi_master_gmem1
INFO: [VRFC 10-2263] Analyzing SystemVerilog file "/home/lorenzor/workspace/convolution/convolution/solution_0/sim/verilog/AESL_axi_slave_gmem3.v" into library xil_defaultlib
INFO: [VRFC 10-311] analyzing module AESL_axi_slave_gmem3
INFO: [VRFC 10-2263] Analyzing SystemVerilog file "/home/lorenzor/workspace/convolution/convolution/solution_0/sim/verilog/AESL_axi_slave_control_r.v" into library xil_defaultlib
INFO: [VRFC 10-311] analyzing module AESL_axi_slave_control_r
INFO: [VRFC 10-2263] Analyzing SystemVerilog file "/home/lorenzor/workspace/convolution/convolution/solution_0/sim/verilog/AESL_axi_slave_control.v" into library xil_defaultlib
INFO: [VRFC 10-311] analyzing module AESL_axi_slave_control
INFO: [VRFC 10-2263] Analyzing SystemVerilog file "/home/lorenzor/workspace/convolution/convolution/solution_0/sim/verilog/AESL_deadlock_detection_unit.v" into library xil_defaultlib
INFO: [VRFC 10-311] analyzing module AESL_deadlock_detect_unit
INFO: [VRFC 10-2263] Analyzing SystemVerilog file "/home/lorenzor/workspace/convolution/convolution/solution_0/sim/verilog/AESL_deadlock_report_unit.v" into library xil_defaultlib
INFO: [VRFC 10-311] analyzing module AESL_deadlock_report_unit
INFO: [VRFC 10-2263] Analyzing SystemVerilog file "/home/lorenzor/workspace/convolution/convolution/solution_0/sim/verilog/AESL_deadlock_detector.v" into library xil_defaultlib
INFO: [VRFC 10-311] analyzing module AESL_deadlock_detector
INFO: [VRFC 10-2263] Analyzing SystemVerilog file "/home/lorenzor/workspace/convolution/convolution/solution_0/sim/verilog/top_wrapper_entry_proc.v" into library xil_defaultlib
INFO: [VRFC 10-311] analyzing module top_wrapper_entry_proc
INFO: [VRFC 10-2263] Analyzing SystemVerilog file "/home/lorenzor/workspace/convolution/convolution/solution_0/sim/verilog/top_wrapper_dataflow_in_loop_VITIS_LOOP_92_1_1_Loop_VITIS_LOOP_99_2_proc.v" into library xil_defaultlib
INFO: [VRFC 10-311] analyzing module top_wrapper_dataflow_in_loop_VITIS_LOOP_92_1_1_Loop_VITIS_LOOP_99_2_proc
INFO: [VRFC 10-2263] Analyzing SystemVerilog file "/home/lorenzor/workspace/convolution/convolution/solution_0/sim/verilog/top_wrapper_load_input_Pipeline_load_input_loop_VITIS_LOOP_9_1.v" into library xil_defaultlib
INFO: [VRFC 10-311] analyzing module top_wrapper_load_input_Pipeline_load_input_loop_VITIS_LOOP_9_1
INFO: [VRFC 10-2263] Analyzing SystemVerilog file "/home/lorenzor/workspace/convolution/convolution/solution_0/sim/verilog/top_wrapper_load_input.v" into library xil_defaultlib
INFO: [VRFC 10-311] analyzing module top_wrapper_load_input
INFO: [VRFC 10-2263] Analyzing SystemVerilog file "/home/lorenzor/workspace/convolution/convolution/solution_0/sim/verilog/top_wrapper_conv_Pipeline_VITIS_LOOP_41_1_VITIS_LOOP_42_2_VITIS_LOOP_43_3.v" into library xil_defaultlib
INFO: [VRFC 10-311] analyzing module top_wrapper_conv_Pipeline_VITIS_LOOP_41_1_VITIS_LOOP_42_2_VITIS_LOOP_43_3
INFO: [VRFC 10-2263] Analyzing SystemVerilog file "/home/lorenzor/workspace/convolution/convolution/solution_0/sim/verilog/top_wrapper_conv_2_13_13_3_3_2_11_11_1_1_5_1_5_5_2_3_Pipeline_L5_L4_L3.v" into library xil_defaultlib
INFO: [VRFC 10-311] analyzing module top_wrapper_conv_2_13_13_3_3_2_11_11_1_1_5_1_5_5_2_3_Pipeline_L5_L4_L3
INFO: [VRFC 10-2263] Analyzing SystemVerilog file "/home/lorenzor/workspace/convolution/convolution/solution_0/sim/verilog/top_wrapper_conv_2_13_13_3_3_2_11_11_1_1_5_1_5_5_2_3_s.v" into library xil_defaultlib
INFO: [VRFC 10-311] analyzing module top_wrapper_conv_2_13_13_3_3_2_11_11_1_1_5_1_5_5_2_3_s
INFO: [VRFC 10-2263] Analyzing SystemVerilog file "/home/lorenzor/workspace/convolution/convolution/solution_0/sim/verilog/top_wrapper_out_conv2mem_Pipeline_VITIS_LOOP_41_4.v" into library xil_defaultlib
INFO: [VRFC 10-311] analyzing module top_wrapper_out_conv2mem_Pipeline_VITIS_LOOP_41_4
INFO: [VRFC 10-2263] Analyzing SystemVerilog file "/home/lorenzor/workspace/convolution/convolution/solution_0/sim/verilog/top_wrapper_out_conv2mem_2_13_13_3_3_2_11_11_1_162_1_1_5_5_2_3_s.v" into library xil_defaultlib
INFO: [VRFC 10-311] analyzing module top_wrapper_out_conv2mem_2_13_13_3_3_2_11_11_1_162_1_1_5_5_2_3_s
INFO: [VRFC 10-2263] Analyzing SystemVerilog file "/home/lorenzor/workspace/convolution/convolution/solution_0/sim/verilog/top_wrapper_dataflow_in_loop_VITIS_LOOP_92_1_1.v" into library xil_defaultlib
INFO: [VRFC 10-311] analyzing module top_wrapper_dataflow_in_loop_VITIS_LOOP_92_1_1
INFO: [VRFC 10-2263] Analyzing SystemVerilog file "/home/lorenzor/workspace/convolution/convolution/solution_0/sim/verilog/top_wrapper.v" into library xil_defaultlib
INFO: [VRFC 10-311] analyzing module top_wrapper
INFO: [VRFC 10-2263] Analyzing SystemVerilog file "/home/lorenzor/workspace/convolution/convolution/solution_0/sim/verilog/top_wrapper_flow_control_loop_pipe.v" into library xil_defaultlib
INFO: [VRFC 10-311] analyzing module top_wrapper_flow_control_loop_pipe
INFO: [VRFC 10-2263] Analyzing SystemVerilog file "/home/lorenzor/workspace/convolution/convolution/solution_0/sim/verilog/top_wrapper_flow_control_loop_pipe_sequential_init.v" into library xil_defaultlib
INFO: [VRFC 10-311] analyzing module top_wrapper_flow_control_loop_pipe_sequential_init
INFO: [VRFC 10-2263] Analyzing SystemVerilog file "/home/lorenzor/workspace/convolution/convolution/solution_0/sim/verilog/top_wrapper_urem_12ns_7ns_12_16_1.v" into library xil_defaultlib
INFO: [VRFC 10-311] analyzing module top_wrapper_urem_12ns_7ns_12_16_1_divider
INFO: [VRFC 10-311] analyzing module top_wrapper_urem_12ns_7ns_12_16_1
INFO: [VRFC 10-2263] Analyzing SystemVerilog file "/home/lorenzor/workspace/convolution/convolution/solution_0/sim/verilog/top_wrapper_mul_15ns_17ns_31_1_1.v" into library xil_defaultlib
INFO: [VRFC 10-311] analyzing module top_wrapper_mul_15ns_17ns_31_1_1
INFO: [VRFC 10-2263] Analyzing SystemVerilog file "/home/lorenzor/workspace/convolution/convolution/solution_0/sim/verilog/top_wrapper_urem_6ns_5ns_6_10_1.v" into library xil_defaultlib
INFO: [VRFC 10-311] analyzing module top_wrapper_urem_6ns_5ns_6_10_1_divider
INFO: [VRFC 10-311] analyzing module top_wrapper_urem_6ns_5ns_6_10_1
INFO: [VRFC 10-2263] Analyzing SystemVerilog file "/home/lorenzor/workspace/convolution/convolution/solution_0/sim/verilog/top_wrapper_mac_muladd_9ns_4ns_9ns_12_4_1.v" into library xil_defaultlib
INFO: [VRFC 10-311] analyzing module top_wrapper_mac_muladd_9ns_4ns_9ns_12_4_1_DSP48_0
INFO: [VRFC 10-311] analyzing module top_wrapper_mac_muladd_9ns_4ns_9ns_12_4_1
INFO: [VRFC 10-2263] Analyzing SystemVerilog file "/home/lorenzor/workspace/convolution/convolution/solution_0/sim/verilog/top_wrapper_mac_muladd_6ns_6ns_7s_12_4_1.v" into library xil_defaultlib
INFO: [VRFC 10-311] analyzing module top_wrapper_mac_muladd_6ns_6ns_7s_12_4_1_DSP48_0
INFO: [VRFC 10-311] analyzing module top_wrapper_mac_muladd_6ns_6ns_7s_12_4_1
INFO: [VRFC 10-2263] Analyzing SystemVerilog file "/home/lorenzor/workspace/convolution/convolution/solution_0/sim/verilog/top_wrapper_mul_3ns_13ns_14_1_1.v" into library xil_defaultlib
INFO: [VRFC 10-311] analyzing module top_wrapper_mul_3ns_13ns_14_1_1
INFO: [VRFC 10-2263] Analyzing SystemVerilog file "/home/lorenzor/workspace/convolution/convolution/solution_0/sim/verilog/top_wrapper_mul_45s_8s_45_2_1.v" into library xil_defaultlib
INFO: [VRFC 10-311] analyzing module top_wrapper_mul_45s_8s_45_2_1
INFO: [VRFC 10-2263] Analyzing SystemVerilog file "/home/lorenzor/workspace/convolution/convolution/solution_0/sim/verilog/top_wrapper_mul_4ns_6ns_9_1_1.v" into library xil_defaultlib
INFO: [VRFC 10-311] analyzing module top_wrapper_mul_4ns_6ns_9_1_1
INFO: [VRFC 10-2263] Analyzing SystemVerilog file "/home/lorenzor/workspace/convolution/convolution/solution_0/sim/verilog/top_wrapper_urem_6ns_5ns_4_10_1.v" into library xil_defaultlib
INFO: [VRFC 10-311] analyzing module top_wrapper_urem_6ns_5ns_4_10_1_divider
INFO: [VRFC 10-311] analyzing module top_wrapper_urem_6ns_5ns_4_10_1
INFO: [VRFC 10-2263] Analyzing SystemVerilog file "/home/lorenzor/workspace/convolution/convolution/solution_0/sim/verilog/top_wrapper_urem_4ns_4ns_4_8_1.v" into library xil_defaultlib
INFO: [VRFC 10-311] analyzing module top_wrapper_urem_4ns_4ns_4_8_1_divider
INFO: [VRFC 10-311] analyzing module top_wrapper_urem_4ns_4ns_4_8_1
INFO: [VRFC 10-2263] Analyzing SystemVerilog file "/home/lorenzor/workspace/convolution/convolution/solution_0/sim/verilog/top_wrapper_urem_4ns_3ns_4_8_1.v" into library xil_defaultlib
INFO: [VRFC 10-311] analyzing module top_wrapper_urem_4ns_3ns_4_8_1_divider
INFO: [VRFC 10-311] analyzing module top_wrapper_urem_4ns_3ns_4_8_1
INFO: [VRFC 10-2263] Analyzing SystemVerilog file "/home/lorenzor/workspace/convolution/convolution/solution_0/sim/verilog/top_wrapper_sparsemux_77_6_45_1_1.v" into library xil_defaultlib
INFO: [VRFC 10-311] analyzing module top_wrapper_sparsemux_77_6_45_1_1
INFO: [VRFC 10-2263] Analyzing SystemVerilog file "/home/lorenzor/workspace/convolution/convolution/solution_0/sim/verilog/top_wrapper_sparsemux_19_4_45_1_1.v" into library xil_defaultlib
INFO: [VRFC 10-311] analyzing module top_wrapper_sparsemux_19_4_45_1_1
INFO: [VRFC 10-2263] Analyzing SystemVerilog file "/home/lorenzor/workspace/convolution/convolution/solution_0/sim/verilog/top_wrapper_sparsemux_81_6_45_1_1.v" into library xil_defaultlib
INFO: [VRFC 10-311] analyzing module top_wrapper_sparsemux_81_6_45_1_1
INFO: [VRFC 10-2263] Analyzing SystemVerilog file "/home/lorenzor/workspace/convolution/convolution/solution_0/sim/verilog/top_wrapper_sparsemux_97_6_45_1_1.v" into library xil_defaultlib
INFO: [VRFC 10-311] analyzing module top_wrapper_sparsemux_97_6_45_1_1
INFO: [VRFC 10-2263] Analyzing SystemVerilog file "/home/lorenzor/workspace/convolution/convolution/solution_0/sim/verilog/top_wrapper_sparsemux_101_6_45_1_1.v" into library xil_defaultlib
INFO: [VRFC 10-311] analyzing module top_wrapper_sparsemux_101_6_45_1_1
INFO: [VRFC 10-2263] Analyzing SystemVerilog file "/home/lorenzor/workspace/convolution/convolution/solution_0/sim/verilog/top_wrapper_sparsemux_51_5_32_1_1.v" into library xil_defaultlib
INFO: [VRFC 10-311] analyzing module top_wrapper_sparsemux_51_5_32_1_1
INFO: [VRFC 10-2263] Analyzing SystemVerilog file "/home/lorenzor/workspace/convolution/convolution/solution_0/sim/verilog/top_wrapper_mul_3ns_12ns_13_1_1.v" into library xil_defaultlib
INFO: [VRFC 10-311] analyzing module top_wrapper_mul_3ns_12ns_13_1_1
INFO: [VRFC 10-2263] Analyzing SystemVerilog file "/home/lorenzor/workspace/convolution/convolution/solution_0/sim/verilog/top_wrapper_sparsemux_19_5_32_1_1.v" into library xil_defaultlib
INFO: [VRFC 10-311] analyzing module top_wrapper_sparsemux_19_5_32_1_1
INFO: [VRFC 10-2263] Analyzing SystemVerilog file "/home/lorenzor/workspace/convolution/convolution/solution_0/sim/verilog/top_wrapper_fifo_w64_d4_S.v" into library xil_defaultlib
INFO: [VRFC 10-311] analyzing module top_wrapper_fifo_w64_d4_S
INFO: [VRFC 10-311] analyzing module top_wrapper_fifo_w64_d4_S_ShiftReg
INFO: [VRFC 10-2263] Analyzing SystemVerilog file "/home/lorenzor/workspace/convolution/convolution/solution_0/sim/verilog/top_wrapper_fifo_w8_d100_S.v" into library xil_defaultlib
INFO: [VRFC 10-311] analyzing module top_wrapper_fifo_w8_d100_S
INFO: [VRFC 10-311] analyzing module top_wrapper_fifo_w8_d100_S_ShiftReg
INFO: [VRFC 10-2263] Analyzing SystemVerilog file "/home/lorenzor/workspace/convolution/convolution/solution_0/sim/verilog/top_wrapper_fifo_w3_d3_S.v" into library xil_defaultlib
INFO: [VRFC 10-311] analyzing module top_wrapper_fifo_w3_d3_S
INFO: [VRFC 10-311] analyzing module top_wrapper_fifo_w3_d3_S_ShiftReg
INFO: [VRFC 10-2263] Analyzing SystemVerilog file "/home/lorenzor/workspace/convolution/convolution/solution_0/sim/verilog/top_wrapper_fifo_w45_d2_S.v" into library xil_defaultlib
INFO: [VRFC 10-311] analyzing module top_wrapper_fifo_w45_d2_S
INFO: [VRFC 10-311] analyzing module top_wrapper_fifo_w45_d2_S_ShiftReg
INFO: [VRFC 10-2263] Analyzing SystemVerilog file "/home/lorenzor/workspace/convolution/convolution/solution_0/sim/verilog/top_wrapper_fifo_w32_d2_S.v" into library xil_defaultlib
INFO: [VRFC 10-311] analyzing module top_wrapper_fifo_w32_d2_S
INFO: [VRFC 10-311] analyzing module top_wrapper_fifo_w32_d2_S_ShiftReg
INFO: [VRFC 10-2263] Analyzing SystemVerilog file "/home/lorenzor/workspace/convolution/convolution/solution_0/sim/verilog/top_wrapper_gmem2_m_axi.v" into library xil_defaultlib
INFO: [VRFC 10-311] analyzing module top_wrapper_gmem2_m_axi
INFO: [VRFC 10-311] analyzing module top_wrapper_gmem2_m_axi_load
INFO: [VRFC 10-311] analyzing module top_wrapper_gmem2_m_axi_store
INFO: [VRFC 10-311] analyzing module top_wrapper_gmem2_m_axi_read
INFO: [VRFC 10-311] analyzing module top_wrapper_gmem2_m_axi_write
INFO: [VRFC 10-311] analyzing module top_wrapper_gmem2_m_axi_burst_converter
INFO: [VRFC 10-311] analyzing module top_wrapper_gmem2_m_axi_throttle
INFO: [VRFC 10-311] analyzing module top_wrapper_gmem2_m_axi_reg_slice
INFO: [VRFC 10-311] analyzing module top_wrapper_gmem2_m_axi_fifo
INFO: [VRFC 10-311] analyzing module top_wrapper_gmem2_m_axi_srl
INFO: [VRFC 10-311] analyzing module top_wrapper_gmem2_m_axi_mem
INFO: [VRFC 10-2263] Analyzing SystemVerilog file "/home/lorenzor/workspace/convolution/convolution/solution_0/sim/verilog/top_wrapper_gmem1_m_axi.v" into library xil_defaultlib
INFO: [VRFC 10-311] analyzing module top_wrapper_gmem1_m_axi
INFO: [VRFC 10-311] analyzing module top_wrapper_gmem1_m_axi_load
INFO: [VRFC 10-311] analyzing module top_wrapper_gmem1_m_axi_store
INFO: [VRFC 10-311] analyzing module top_wrapper_gmem1_m_axi_read
INFO: [VRFC 10-311] analyzing module top_wrapper_gmem1_m_axi_write
INFO: [VRFC 10-311] analyzing module top_wrapper_gmem1_m_axi_burst_converter
INFO: [VRFC 10-311] analyzing module top_wrapper_gmem1_m_axi_throttle
INFO: [VRFC 10-311] analyzing module top_wrapper_gmem1_m_axi_reg_slice
INFO: [VRFC 10-311] analyzing module top_wrapper_gmem1_m_axi_fifo
INFO: [VRFC 10-311] analyzing module top_wrapper_gmem1_m_axi_srl
INFO: [VRFC 10-311] analyzing module top_wrapper_gmem1_m_axi_mem
INFO: [VRFC 10-2263] Analyzing SystemVerilog file "/home/lorenzor/workspace/convolution/convolution/solution_0/sim/verilog/top_wrapper_control_s_axi.v" into library xil_defaultlib
INFO: [VRFC 10-311] analyzing module top_wrapper_control_s_axi
INFO: [VRFC 10-2263] Analyzing SystemVerilog file "/home/lorenzor/workspace/convolution/convolution/solution_0/sim/verilog/top_wrapper_control_r_s_axi.v" into library xil_defaultlib
INFO: [VRFC 10-311] analyzing module top_wrapper_control_r_s_axi
INFO: [VRFC 10-2263] Analyzing SystemVerilog file "/home/lorenzor/workspace/convolution/convolution/solution_0/sim/verilog/top_wrapper_gmem3_s_axi.v" into library xil_defaultlib
INFO: [VRFC 10-311] analyzing module top_wrapper_gmem3_s_axi
INFO: [VRFC 10-311] analyzing module top_wrapper_gmem3_s_axi_ram
INFO: [VRFC 10-2263] Analyzing SystemVerilog file "/home/lorenzor/workspace/convolution/convolution/solution_0/sim/verilog/dataflow_monitor.sv" into library xil_defaultlib
INFO: [VRFC 10-311] analyzing module dataflow_monitor
Starting static elaboration
Pass Through NonSizing Optimizer
WARNING: [VRFC 10-3091] actual bit length 45 differs from formal bit length 48 for port 'd0' [/home/lorenzor/workspace/convolution/convolution/solution_0/sim/verilog/top_wrapper_gmem3_s_axi.v:99]
Completed static elaboration
Starting simulation data flow analysis
Completed simulation data flow analysis
Time Resolution for simulation is 1ps
Compiling package xil_defaultlib.$unit_dataflow_monitor_sv
Compiling module xil_defaultlib.top_wrapper_control_s_axi
Compiling module xil_defaultlib.top_wrapper_control_r_s_axi
Compiling module xil_defaultlib.top_wrapper_gmem3_s_axi_ram(MEM_...
Compiling module xil_defaultlib.top_wrapper_gmem3_s_axi
Compiling module xil_defaultlib.top_wrapper_gmem1_m_axi_srl(DATA...
Compiling module xil_defaultlib.top_wrapper_gmem1_m_axi_fifo(DAT...
Compiling module xil_defaultlib.top_wrapper_gmem1_m_axi_mem(MEM_...
Compiling module xil_defaultlib.top_wrapper_gmem1_m_axi_fifo(MEM...
Compiling module xil_defaultlib.top_wrapper_gmem1_m_axi_srl(DATA...
Compiling module xil_defaultlib.top_wrapper_gmem1_m_axi_fifo(DAT...
Compiling module xil_defaultlib.top_wrapper_gmem1_m_axi_srl(DATA...
Compiling module xil_defaultlib.top_wrapper_gmem1_m_axi_fifo(DAT...
Compiling module xil_defaultlib.top_wrapper_gmem1_m_axi_store(NU...
Compiling module xil_defaultlib.top_wrapper_gmem1_m_axi_reg_slic...
Compiling module xil_defaultlib.top_wrapper_gmem1_m_axi_burst_co...
Compiling module xil_defaultlib.top_wrapper_gmem1_m_axi_srl(DATA...
Compiling module xil_defaultlib.top_wrapper_gmem1_m_axi_fifo(DAT...
Compiling module xil_defaultlib.top_wrapper_gmem1_m_axi_reg_slic...
Compiling module xil_defaultlib.top_wrapper_gmem1_m_axi_srl(DATA...
Compiling module xil_defaultlib.top_wrapper_gmem1_m_axi_fifo(DAT...
Compiling module xil_defaultlib.top_wrapper_gmem1_m_axi_srl(DATA...
Compiling module xil_defaultlib.top_wrapper_gmem1_m_axi_fifo(DAT...
Compiling module xil_defaultlib.top_wrapper_gmem1_m_axi_throttle...
Compiling module xil_defaultlib.top_wrapper_gmem1_m_axi_reg_slic...
Compiling module xil_defaultlib.top_wrapper_gmem1_m_axi_write(CO...
Compiling module xil_defaultlib.top_wrapper_gmem1_m_axi(CONSERVA...
Compiling module xil_defaultlib.top_wrapper_gmem2_m_axi_srl(DATA...
Compiling module xil_defaultlib.top_wrapper_gmem2_m_axi_fifo(DAT...
Compiling module xil_defaultlib.top_wrapper_gmem2_m_axi_mem(MEM_...
Compiling module xil_defaultlib.top_wrapper_gmem2_m_axi_fifo(MEM...
Compiling module xil_defaultlib.top_wrapper_gmem2_m_axi_load(NUM...
Compiling module xil_defaultlib.top_wrapper_gmem2_m_axi_reg_slic...
Compiling module xil_defaultlib.top_wrapper_gmem2_m_axi_burst_co...
Compiling module xil_defaultlib.top_wrapper_gmem2_m_axi_reg_slic...
Compiling module xil_defaultlib.top_wrapper_gmem2_m_axi_srl(DATA...
Compiling module xil_defaultlib.top_wrapper_gmem2_m_axi_fifo(DAT...
Compiling module xil_defaultlib.top_wrapper_gmem2_m_axi_read(C_U...
Compiling module xil_defaultlib.top_wrapper_gmem2_m_axi(CONSERVA...
Compiling module xil_defaultlib.top_wrapper_entry_proc
Compiling module xil_defaultlib.top_wrapper_flow_control_loop_pi...
Compiling module xil_defaultlib.top_wrapper_dataflow_in_loop_VIT...
Compiling module xil_defaultlib.top_wrapper_urem_12ns_7ns_12_16_...
Compiling module xil_defaultlib.top_wrapper_urem_12ns_7ns_12_16_...
Compiling module xil_defaultlib.top_wrapper_mul_15ns_17ns_31_1_1...
Compiling module xil_defaultlib.top_wrapper_urem_6ns_5ns_6_10_1_...
Compiling module xil_defaultlib.top_wrapper_urem_6ns_5ns_6_10_1(...
Compiling module xil_defaultlib.top_wrapper_mac_muladd_9ns_4ns_9...
Compiling module xil_defaultlib.top_wrapper_mac_muladd_9ns_4ns_9...
Compiling module xil_defaultlib.top_wrapper_mac_muladd_6ns_6ns_7...
Compiling module xil_defaultlib.top_wrapper_mac_muladd_6ns_6ns_7...
Compiling module xil_defaultlib.top_wrapper_flow_control_loop_pi...
Compiling module xil_defaultlib.top_wrapper_load_input_Pipeline_...
Compiling module xil_defaultlib.top_wrapper_mul_3ns_13ns_14_1_1(...
Compiling module xil_defaultlib.top_wrapper_load_input
Compiling module xil_defaultlib.top_wrapper_conv_Pipeline_VITIS_...
Compiling module xil_defaultlib.top_wrapper_mul_45s_8s_45_2_1(NU...
Compiling module xil_defaultlib.top_wrapper_mul_4ns_6ns_9_1_1(NU...
Compiling module xil_defaultlib.top_wrapper_urem_6ns_5ns_4_10_1_...
Compiling module xil_defaultlib.top_wrapper_urem_6ns_5ns_4_10_1(...
Compiling module xil_defaultlib.top_wrapper_urem_4ns_4ns_4_8_1_d...
Compiling module xil_defaultlib.top_wrapper_urem_4ns_4ns_4_8_1(N...
Compiling module xil_defaultlib.top_wrapper_urem_4ns_3ns_4_8_1_d...
Compiling module xil_defaultlib.top_wrapper_urem_4ns_3ns_4_8_1(N...
Compiling module xil_defaultlib.top_wrapper_sparsemux_77_6_45_1_...
Compiling module xil_defaultlib.top_wrapper_sparsemux_19_4_45_1_...
Compiling module xil_defaultlib.top_wrapper_sparsemux_81_6_45_1_...
Compiling module xil_defaultlib.top_wrapper_sparsemux_97_6_45_1_...
Compiling module xil_defaultlib.top_wrapper_sparsemux_101_6_45_1...
Compiling module xil_defaultlib.top_wrapper_conv_2_13_13_3_3_2_1...
Compiling module xil_defaultlib.top_wrapper_conv_2_13_13_3_3_2_1...
Compiling module xil_defaultlib.top_wrapper_sparsemux_51_5_32_1_...
Compiling module xil_defaultlib.top_wrapper_out_conv2mem_Pipelin...
Compiling module xil_defaultlib.top_wrapper_mul_3ns_12ns_13_1_1(...
Compiling module xil_defaultlib.top_wrapper_sparsemux_19_5_32_1_...
Compiling module xil_defaultlib.top_wrapper_out_conv2mem_2_13_13...
Compiling module xil_defaultlib.top_wrapper_fifo_w64_d4_S_ShiftR...
Compiling module xil_defaultlib.top_wrapper_fifo_w64_d4_S_defaul...
Compiling module xil_defaultlib.top_wrapper_fifo_w8_d100_S_Shift...
Compiling module xil_defaultlib.top_wrapper_fifo_w8_d100_S_defau...
Compiling module xil_defaultlib.top_wrapper_fifo_w3_d3_S_ShiftRe...
Compiling module xil_defaultlib.top_wrapper_fifo_w3_d3_S_default
Compiling module xil_defaultlib.top_wrapper_fifo_w45_d2_S_ShiftR...
Compiling module xil_defaultlib.top_wrapper_fifo_w45_d2_S_defaul...
Compiling module xil_defaultlib.top_wrapper_fifo_w32_d2_S_ShiftR...
Compiling module xil_defaultlib.top_wrapper_fifo_w32_d2_S_defaul...
Compiling module xil_defaultlib.top_wrapper_dataflow_in_loop_VIT...
Compiling module xil_defaultlib.top_wrapper
Compiling module xil_defaultlib.AESL_axi_master_gmem2
Compiling module xil_defaultlib.AESL_axi_master_gmem1
Compiling module xil_defaultlib.AESL_axi_slave_gmem3
WARNING: [XSIM 43-3373] "/home/lorenzor/workspace/convolution/convolution/solution_0/sim/verilog/AESL_axi_slave_gmem3.v" Line 461. System function $fread is used as system task. This system function should have a LHS e.g. x=$fread().
WARNING: [XSIM 43-3373] "/home/lorenzor/workspace/convolution/convolution/solution_0/sim/verilog/AESL_axi_slave_gmem3.v" Line 470. System function $fread is used as system task. This system function should have a LHS e.g. x=$fread().
WARNING: [XSIM 43-3373] "/home/lorenzor/workspace/convolution/convolution/solution_0/sim/verilog/AESL_axi_slave_gmem3.v" Line 511. System function $fread is used as system task. This system function should have a LHS e.g. x=$fread().
Compiling module xil_defaultlib.AESL_axi_slave_control_r
Compiling module xil_defaultlib.AESL_axi_slave_control
Compiling module xil_defaultlib.AESL_deadlock_detect_unit(PROC_N...
Compiling module xil_defaultlib.AESL_deadlock_detect_unit(PROC_N...
Compiling module xil_defaultlib.AESL_deadlock_detect_unit(PROC_N...
Compiling module xil_defaultlib.AESL_deadlock_detect_unit(PROC_N...
Compiling module xil_defaultlib.AESL_deadlock_detect_unit(PROC_N...
Compiling module xil_defaultlib.AESL_deadlock_report_unit(PROC_N...
Compiling module xil_defaultlib.AESL_deadlock_detector_2
Compiling module xil_defaultlib.df_fifo_intf_default
Compiling module xil_defaultlib.df_process_intf_default
Compiling module xil_defaultlib.nodf_module_intf_default
Compiling module xil_defaultlib.df_loop_intf_default
Compiling module xil_defaultlib.seq_loop_intf(FSM_WIDTH=5)
Compiling module xil_defaultlib.seq_loop_intf(FSM_WIDTH=7)
Compiling module xil_defaultlib.upc_loop_intf(FSM_WIDTH=1)
Compiling module xil_defaultlib.upc_loop_intf_default
Compiling module xil_defaultlib.dataflow_monitor_1
Compiling module xil_defaultlib.apatb_top_wrapper_top
Compiling module work.glbl
Built simulation snapshot top_wrapper

****** xsim v2024.2 (64-bit)
  **** SW Build 5239630 on Fri Nov 08 22:34:34 MST 2024
  **** IP Build 5239520 on Sun Nov 10 16:12:51 MST 2024
  **** SharedData Build 5239561 on Fri Nov 08 14:39:27 MST 2024
  **** Start of session at: Tue May 27 16:13:52 2025
    ** Copyright 1986-2022 Xilinx, Inc. All Rights Reserved.
    ** Copyright 2022-2024 Advanced Micro Devices, Inc. All Rights Reserved.

source xsim.dir/top_wrapper/xsim_script.tcl
# xsim {top_wrapper} -autoloadwcfg -tclbatch {top_wrapper.tcl}
Time resolution is 1 ps
source top_wrapper.tcl
## run all
////////////////////////////////////////////////////////////////////////////////////
// Inter-Transaction Progress: Completed Transaction / Total Transaction
// Intra-Transaction Progress: Measured Latency / Latency Estimation * 100%
//
// RTL Simulation : "Inter-Transaction Progress" ["Intra-Transaction Progress"] @ "Simulation Time"
////////////////////////////////////////////////////////////////////////////////////
// RTL Simulation : 0 / 1 [n/a] @ "113000"
// RTL Simulation : 1 / 1 [n/a] @ "149393000"
////////////////////////////////////////////////////////////////////////////////////
$finish called at time : 149422500 ps : File "/home/lorenzor/workspace/convolution/convolution/solution_0/sim/verilog/top_wrapper.autotb.v" Line 705
run: Time (s): cpu = 00:00:00 ; elapsed = 00:00:17 . Memory (MB): peak = 1544.844 ; gain = 0.000 ; free physical = 1631 ; free virtual = 117708
## quit
INFO: xsimkernel Simulation Memory Usage: 517088 KB (Peak: 569308 KB), Simulation CPU Usage: 18220 ms
INFO: [Common 17-206] Exiting xsim at Tue May 27 16:14:13 2025...
golden_out_tb: 
17542 18318 19094 19870 20646 21422 22198 22974 23750 24526 25302 
27630 28406 29182 29958 30734 31510 32286 33062 33838 34614 35390 
37718 38494 39270 40046 40822 41598 42374 43150 43926 44702 45478 
47806 48582 49358 50134 50910 51686 52462 53238 54014 54790 55566 
57894 58670 59446 60222 60998 61774 62550 63326 64102 64878 65654 
67982 68758 69534 70310 71086 71862 72638 73414 74190 74966 75742 
78070 78846 79622 80398 81174 81950 82726 83502 84278 85054 85830 
88158 88934 89710 90486 91262 92038 92814 93590 94366 95142 95918 
98246 99022 99798 100574 101350 102126 102902 103678 104454 105230 106006 
108334 109110 109886 110662 111438 112214 112990 113766 114542 115318 116094 
118422 119198 119974 120750 121526 122302 123078 123854 124630 125406 126182 

-6515 -6687 -6859 -7031 -7203 -7375 -7547 -7719 -7891 -8063 -8235 
-8751 -8923 -9095 -9267 -9439 -9611 -9783 -9955 -10127 -10299 -10471 
-10987 -11159 -11331 -11503 -11675 -11847 -12019 -12191 -12363 -12535 -12707 
-13223 -13395 -13567 -13739 -13911 -14083 -14255 -14427 -14599 -14771 -14943 
-15459 -15631 -15803 -15975 -16147 -16319 -16491 -16663 -16835 -17007 -17179 
-17695 -17867 -18039 -18211 -18383 -18555 -18727 -18899 -19071 -19243 -19415 
-19931 -20103 -20275 -20447 -20619 -20791 -20963 -21135 -21307 -21479 -21651 
-22167 -22339 -22511 -22683 -22855 -23027 -23199 -23371 -23543 -23715 -23887 
-24403 -24575 -24747 -24919 -25091 -25263 -25435 -25607 -25779 -25951 -26123 
-26639 -26811 -26983 -27155 -27327 -27499 -27671 -27843 -28015 -28187 -28359 
-28875 -29047 -29219 -29391 -29563 -29735 -29907 -30079 -30251 -30423 -30595 


17542 18318 19094 19870 20646 21422 22198 22974 23750 24526 25302 
27630 28406 29182 29958 30734 31510 32286 33062 33838 34614 35390 
37718 38494 39270 40046 40822 41598 42374 43150 43926 44702 45478 
47806 48582 49358 50134 50910 51686 52462 53238 54014 54790 55566 
57894 58670 59446 60222 60998 61774 62550 63326 64102 64878 65654 
67982 68758 69534 70310 71086 71862 72638 73414 74190 74966 75742 
78070 78846 79622 80398 81174 81950 82726 83502 84278 85054 85830 
88158 88934 89710 90486 91262 92038 92814 93590 94366 95142 95918 
98246 99022 99798 100574 101350 102126 102902 103678 104454 105230 106006 
108334 109110 109886 110662 111438 112214 112990 113766 114542 115318 116094 
118422 119198 119974 120750 121526 122302 123078 123854 124630 125406 126182 

-6515 -6687 -6859 -7031 -7203 -7375 -7547 -7719 -7891 -8063 -8235 
-8751 -8923 -9095 -9267 -9439 -9611 -9783 -9955 -10127 -10299 -10471 
-10987 -11159 -11331 -11503 -11675 -11847 -12019 -12191 -12363 -12535 -12707 
-13223 -13395 -13567 -13739 -13911 -14083 -14255 -14427 -14599 -14771 -14943 
-15459 -15631 -15803 -15975 -16147 -16319 -16491 -16663 -16835 -17007 -17179 
-17695 -17867 -18039 -18211 -18383 -18555 -18727 -18899 -19071 -19243 -19415 
-19931 -20103 -20275 -20447 -20619 -20791 -20963 -21135 -21307 -21479 -21651 
-22167 -22339 -22511 -22683 -22855 -23027 -23199 -23371 -23543 -23715 -23887 
-24403 -24575 -24747 -24919 -25091 -25263 -25435 -25607 -25779 -25951 -26123 
-26639 -26811 -26983 -27155 -27327 -27499 -27671 -27843 -28015 -28187 -28359 
-28875 -29047 -29219 -29391 -29563 -29735 -29907 -30079 -30251 -30423 -30595 


17542 18318 19094 19870 20646 21422 22198 22974 23750 24526 25302 
27630 28406 29182 29958 30734 31510 32286 33062 33838 34614 35390 
37718 38494 39270 40046 40822 41598 42374 43150 43926 44702 45478 
47806 48582 49358 50134 50910 51686 52462 53238 54014 54790 55566 
57894 58670 59446 60222 60998 61774 62550 63326 64102 64878 65654 
67982 68758 69534 70310 71086 71862 72638 73414 74190 74966 75742 
78070 78846 79622 80398 81174 81950 82726 83502 84278 85054 85830 
88158 88934 89710 90486 91262 92038 92814 93590 94366 95142 95918 
98246 99022 99798 100574 101350 102126 102902 103678 104454 105230 106006 
108334 109110 109886 110662 111438 112214 112990 113766 114542 115318 116094 
118422 119198 119974 120750 121526 122302 123078 123854 124630 125406 126182 

-6515 -6687 -6859 -7031 -7203 -7375 -7547 -7719 -7891 -8063 -8235 
-8751 -8923 -9095 -9267 -9439 -9611 -9783 -9955 -10127 -10299 -10471 
-10987 -11159 -11331 -11503 -11675 -11847 -12019 -12191 -12363 -12535 -12707 
-13223 -13395 -13567 -13739 -13911 -14083 -14255 -14427 -14599 -14771 -14943 
-15459 -15631 -15803 -15975 -16147 -16319 -16491 -16663 -16835 -17007 -17179 
-17695 -17867 -18039 -18211 -18383 -18555 -18727 -18899 -19071 -19243 -19415 
-19931 -20103 -20275 -20447 -20619 -20791 -20963 -21135 -21307 -21479 -21651 
-22167 -22339 -22511 -22683 -22855 -23027 -23199 -23371 -23543 -23715 -23887 
-24403 -24575 -24747 -24919 -25091 -25263 -25435 -25607 -25779 -25951 -26123 
-26639 -26811 -26983 -27155 -27327 -27499 -27671 -27843 -28015 -28187 -28359 
-28875 -29047 -29219 -29391 -29563 -29735 -29907 -30079 -30251 -30423 -30595 


17542 18318 19094 19870 20646 21422 22198 22974 23750 24526 25302 
27630 28406 29182 29958 30734 31510 32286 33062 33838 34614 35390 
37718 38494 39270 40046 40822 41598 42374 43150 43926 44702 45478 
47806 48582 49358 50134 50910 51686 52462 53238 54014 54790 55566 
57894 58670 59446 60222 60998 61774 62550 63326 64102 64878 65654 
67982 68758 69534 70310 71086 71862 72638 73414 74190 74966 75742 
78070 78846 79622 80398 81174 81950 82726 83502 84278 85054 85830 
88158 88934 89710 90486 91262 92038 92814 93590 94366 95142 95918 
98246 99022 99798 100574 101350 102126 102902 103678 104454 105230 106006 
108334 109110 109886 110662 111438 112214 112990 113766 114542 115318 116094 
118422 119198 119974 120750 121526 122302 123078 123854 124630 125406 126182 

-6515 -6687 -6859 -7031 -7203 -7375 -7547 -7719 -7891 -8063 -8235 
-8751 -8923 -9095 -9267 -9439 -9611 -9783 -9955 -10127 -10299 -10471 
-10987 -11159 -11331 -11503 -11675 -11847 -12019 -12191 -12363 -12535 -12707 
-13223 -13395 -13567 -13739 -13911 -14083 -14255 -14427 -14599 -14771 -14943 
-15459 -15631 -15803 -15975 -16147 -16319 -16491 -16663 -16835 -17007 -17179 
-17695 -17867 -18039 -18211 -18383 -18555 -18727 -18899 -19071 -19243 -19415 
-19931 -20103 -20275 -20447 -20619 -20791 -20963 -21135 -21307 -21479 -21651 
-22167 -22339 -22511 -22683 -22855 -23027 -23199 -23371 -23543 -23715 -23887 
-24403 -24575 -24747 -24919 -25091 -25263 -25435 -25607 -25779 -25951 -26123 
-26639 -26811 -26983 -27155 -27327 -27499 -27671 -27843 -28015 -28187 -28359 
-28875 -29047 -29219 -29391 -29563 -29735 -29907 -30079 -30251 -30423 -30595 


17542 18318 19094 19870 20646 21422 22198 22974 23750 24526 25302 
27630 28406 29182 29958 30734 31510 32286 33062 33838 34614 35390 
37718 38494 39270 40046 40822 41598 42374 43150 43926 44702 45478 
47806 48582 49358 50134 50910 51686 52462 53238 54014 54790 55566 
57894 58670 59446 60222 60998 61774 62550 63326 64102 64878 65654 
67982 68758 69534 70310 71086 71862 72638 73414 74190 74966 75742 
78070 78846 79622 80398 81174 81950 82726 83502 84278 85054 85830 
88158 88934 89710 90486 91262 92038 92814 93590 94366 95142 95918 
98246 99022 99798 100574 101350 102126 102902 103678 104454 105230 106006 
108334 109110 109886 110662 111438 112214 112990 113766 114542 115318 116094 
118422 119198 119974 120750 121526 122302 123078 123854 124630 125406 126182 

-6515 -6687 -6859 -7031 -7203 -7375 -7547 -7719 -7891 -8063 -8235 
-8751 -8923 -9095 -9267 -9439 -9611 -9783 -9955 -10127 -10299 -10471 
-10987 -11159 -11331 -11503 -11675 -11847 -12019 -12191 -12363 -12535 -12707 
-13223 -13395 -13567 -13739 -13911 -14083 -14255 -14427 -14599 -14771 -14943 
-15459 -15631 -15803 -15975 -16147 -16319 -16491 -16663 -16835 -17007 -17179 
-17695 -17867 -18039 -18211 -18383 -18555 -18727 -18899 -19071 -19243 -19415 
-19931 -20103 -20275 -20447 -20619 -20791 -20963 -21135 -21307 -21479 -21651 
-22167 -22339 -22511 -22683 -22855 -23027 -23199 -23371 -23543 -23715 -23887 
-24403 -24575 -24747 -24919 -25091 -25263 -25435 -25607 -25779 -25951 -26123 
-26639 -26811 -26983 -27155 -27327 -27499 -27671 -27843 -28015 -28187 -28359 
-28875 -29047 -29219 -29391 -29563 -29735 -29907 -30079 -30251 -30423 -30595 


