

================================================================
== Vitis HLS Report for 'conv_Pipeline_VITIS_LOOP_41_1_VITIS_LOOP_42_2_VITIS_LOOP_43_3'
================================================================
* Date:           Tue May 27 16:09:42 2025

* Version:        2024.2 (Build 5238294 on Nov  8 2024)
* Project:        convolution
* Solution:       solution_0 (Vivado IP Flow Target)
* Product family: zynquplus
* Target device:  xck26-sfvc784-2LV-c


================================================================
== Performance Estimates
================================================================
+ Timing: 
    * Summary: 
    +--------+---------+----------+------------+
    |  Clock |  Target | Estimated| Uncertainty|
    +--------+---------+----------+------------+
    |ap_clk  |  5.00 ns|  2.707 ns|     1.35 ns|
    +--------+---------+----------+------------+

+ Latency: 
    * Summary: 
    +---------+---------+----------+----------+-----+-----+------------------------------------------------+
    |  Latency (cycles) |  Latency (absolute) |  Interval |                    Pipeline                    |
    |   min   |   max   |    min   |    max   | min | max |                      Type                      |
    +---------+---------+----------+----------+-----+-----+------------------------------------------------+
    |       20|       20|  0.100 us|  0.100 us|   19|   19|  loop auto-rewind stp (delay=0 clock cycles(s))|
    +---------+---------+----------+----------+-----+-----+------------------------------------------------+

    + Detail: 
        * Instance: 
        N/A

        * Loop: 
        +---------------------------------------------------+---------+---------+----------+-----------+-----------+------+----------+
        |                                                   |  Latency (cycles) | Iteration|  Initiation Interval  | Trip |          |
        |                     Loop Name                     |   min   |   max   |  Latency |  achieved |   target  | Count| Pipelined|
        +---------------------------------------------------+---------+---------+----------+-----------+-----------+------+----------+
        |- VITIS_LOOP_41_1_VITIS_LOOP_42_2_VITIS_LOOP_43_3  |       18|       18|         2|          1|          1|    18|       yes|
        +---------------------------------------------------+---------+---------+----------+-----------+-----------+------+----------+

============================================================
+ Verbose Summary: Synthesis Manager
============================================================
InlineROM: 1
ExposeGlobal: 0
============================================================
+ Verbose Summary: CDFG Model
============================================================
IsTopModel: 0
ResetActiveHigh: 1
IsCombinational: 0
IsDatapathOnly: 0
HasWiredReturn: 1
HasMFsm: 2
HasVarLatency: 1
IsPipeline: 0
IsRtlPipelined: 0
IsInstanceOverlapped: 0
IsDontTouch: 0
HasImplIP: 0
IsGatedGlobalClock: 0

+ Individual pipeline summary: 
  * Pipeline-0: initiation interval (II) = 1, depth = 2


============================================================
+ Verbose Summary: Schedule
============================================================
* Number of FSM states : 2
* Pipeline : 1
  Pipeline-0 : II = 1, D = 2, States = { 1 2 }
* Dataflow Pipeline: 0

* FSM state transitions: 
1 --> 2 
2 --> 

* FSM state operations: 

State 1 <SV = 0> <Delay = 2.04>
ST_1 : Operation 5 [1/1] (0.00ns)   --->   "%idx_depth = alloca i32 1" [./conv.h:47->top_wrapper.cpp:123]   --->   Operation 5 'alloca' 'idx_depth' <Predicate = true> <Delay = 0.00>
ST_1 : Operation 6 [1/1] (0.00ns)   --->   "%s_fw = alloca i32 1" [./conv.h:42->top_wrapper.cpp:123]   --->   Operation 6 'alloca' 's_fw' <Predicate = true> <Delay = 0.00>
ST_1 : Operation 7 [1/1] (0.00ns)   --->   "%indvar_flatten = alloca i32 1"   --->   Operation 7 'alloca' 'indvar_flatten' <Predicate = true> <Delay = 0.00>
ST_1 : Operation 8 [1/1] (0.00ns)   --->   "%s_fh = alloca i32 1" [./conv.h:41->top_wrapper.cpp:123]   --->   Operation 8 'alloca' 's_fh' <Predicate = true> <Delay = 0.00>
ST_1 : Operation 9 [1/1] (0.00ns)   --->   "%indvar_flatten48 = alloca i32 1"   --->   Operation 9 'alloca' 'indvar_flatten48' <Predicate = true> <Delay = 0.00>
ST_1 : Operation 10 [1/1] (0.00ns)   --->   "%filter_mem_18 = alloca i32 1" [./conv.h:36->top_wrapper.cpp:123]   --->   Operation 10 'alloca' 'filter_mem_18' <Predicate = true> <Delay = 0.00>
ST_1 : Operation 11 [1/1] (0.00ns)   --->   "%filter_mem_19 = alloca i32 1" [./conv.h:36->top_wrapper.cpp:123]   --->   Operation 11 'alloca' 'filter_mem_19' <Predicate = true> <Delay = 0.00>
ST_1 : Operation 12 [1/1] (0.00ns)   --->   "%filter_mem_20 = alloca i32 1" [./conv.h:36->top_wrapper.cpp:123]   --->   Operation 12 'alloca' 'filter_mem_20' <Predicate = true> <Delay = 0.00>
ST_1 : Operation 13 [1/1] (0.00ns)   --->   "%filter_mem_21 = alloca i32 1" [./conv.h:36->top_wrapper.cpp:123]   --->   Operation 13 'alloca' 'filter_mem_21' <Predicate = true> <Delay = 0.00>
ST_1 : Operation 14 [1/1] (0.00ns)   --->   "%filter_mem_22 = alloca i32 1" [./conv.h:36->top_wrapper.cpp:123]   --->   Operation 14 'alloca' 'filter_mem_22' <Predicate = true> <Delay = 0.00>
ST_1 : Operation 15 [1/1] (0.00ns)   --->   "%filter_mem_23 = alloca i32 1" [./conv.h:36->top_wrapper.cpp:123]   --->   Operation 15 'alloca' 'filter_mem_23' <Predicate = true> <Delay = 0.00>
ST_1 : Operation 16 [1/1] (0.00ns)   --->   "%filter_mem_24 = alloca i32 1" [./conv.h:36->top_wrapper.cpp:123]   --->   Operation 16 'alloca' 'filter_mem_24' <Predicate = true> <Delay = 0.00>
ST_1 : Operation 17 [1/1] (0.00ns)   --->   "%filter_mem_25 = alloca i32 1" [./conv.h:36->top_wrapper.cpp:123]   --->   Operation 17 'alloca' 'filter_mem_25' <Predicate = true> <Delay = 0.00>
ST_1 : Operation 18 [1/1] (0.00ns)   --->   "%filter_mem_26 = alloca i32 1" [./conv.h:36->top_wrapper.cpp:123]   --->   Operation 18 'alloca' 'filter_mem_26' <Predicate = true> <Delay = 0.00>
ST_1 : Operation 19 [1/1] (0.00ns)   --->   "%filter_mem_27 = alloca i32 1" [./conv.h:36->top_wrapper.cpp:123]   --->   Operation 19 'alloca' 'filter_mem_27' <Predicate = true> <Delay = 0.00>
ST_1 : Operation 20 [1/1] (0.00ns)   --->   "%filter_mem_28 = alloca i32 1" [./conv.h:36->top_wrapper.cpp:123]   --->   Operation 20 'alloca' 'filter_mem_28' <Predicate = true> <Delay = 0.00>
ST_1 : Operation 21 [1/1] (0.00ns)   --->   "%filter_mem_29 = alloca i32 1" [./conv.h:36->top_wrapper.cpp:123]   --->   Operation 21 'alloca' 'filter_mem_29' <Predicate = true> <Delay = 0.00>
ST_1 : Operation 22 [1/1] (0.00ns)   --->   "%filter_mem_30 = alloca i32 1" [./conv.h:36->top_wrapper.cpp:123]   --->   Operation 22 'alloca' 'filter_mem_30' <Predicate = true> <Delay = 0.00>
ST_1 : Operation 23 [1/1] (0.00ns)   --->   "%filter_mem_31 = alloca i32 1" [./conv.h:36->top_wrapper.cpp:123]   --->   Operation 23 'alloca' 'filter_mem_31' <Predicate = true> <Delay = 0.00>
ST_1 : Operation 24 [1/1] (0.00ns)   --->   "%filter_mem_32 = alloca i32 1" [./conv.h:36->top_wrapper.cpp:123]   --->   Operation 24 'alloca' 'filter_mem_32' <Predicate = true> <Delay = 0.00>
ST_1 : Operation 25 [1/1] (0.00ns)   --->   "%filter_mem_33 = alloca i32 1" [./conv.h:36->top_wrapper.cpp:123]   --->   Operation 25 'alloca' 'filter_mem_33' <Predicate = true> <Delay = 0.00>
ST_1 : Operation 26 [1/1] (0.00ns)   --->   "%filter_mem_34 = alloca i32 1" [./conv.h:36->top_wrapper.cpp:123]   --->   Operation 26 'alloca' 'filter_mem_34' <Predicate = true> <Delay = 0.00>
ST_1 : Operation 27 [1/1] (0.00ns)   --->   "%filter_mem_35 = alloca i32 1" [./conv.h:36->top_wrapper.cpp:123]   --->   Operation 27 'alloca' 'filter_mem_35' <Predicate = true> <Delay = 0.00>
ST_1 : Operation 28 [1/1] (0.00ns)   --->   "%specinterface_ln0 = specinterface void @_ssdm_op_SpecInterface, i8 %filter2conv, void @empty_22, i32 0, i32 0, void @empty_20, i32 0, i32 0, void @empty_20, void @empty_20, void @empty_20, i32 0, i32 0, i32 0, i32 0, void @empty_20, void @empty_20, i32 4294967295, i32 0, i32 0"   --->   Operation 28 'specinterface' 'specinterface_ln0' <Predicate = true> <Delay = 0.00>
ST_1 : Operation 29 [1/1] (0.00ns)   --->   "%filter_mem_read = read i8 @_ssdm_op_Read.ap_auto.i8, i8 %filter_mem" [./conv.h:21->top_wrapper.cpp:123]   --->   Operation 29 'read' 'filter_mem_read' <Predicate = true> <Delay = 0.00>
ST_1 : Operation 30 [1/1] (0.00ns)   --->   "%filter_mem_1_read = read i8 @_ssdm_op_Read.ap_auto.i8, i8 %filter_mem_1" [./conv.h:21->top_wrapper.cpp:123]   --->   Operation 30 'read' 'filter_mem_1_read' <Predicate = true> <Delay = 0.00>
ST_1 : Operation 31 [1/1] (0.00ns)   --->   "%filter_mem_2_read = read i8 @_ssdm_op_Read.ap_auto.i8, i8 %filter_mem_2" [./conv.h:21->top_wrapper.cpp:123]   --->   Operation 31 'read' 'filter_mem_2_read' <Predicate = true> <Delay = 0.00>
ST_1 : Operation 32 [1/1] (0.00ns)   --->   "%filter_mem_3_read = read i8 @_ssdm_op_Read.ap_auto.i8, i8 %filter_mem_3" [./conv.h:21->top_wrapper.cpp:123]   --->   Operation 32 'read' 'filter_mem_3_read' <Predicate = true> <Delay = 0.00>
ST_1 : Operation 33 [1/1] (0.00ns)   --->   "%filter_mem_4_read = read i8 @_ssdm_op_Read.ap_auto.i8, i8 %filter_mem_4" [./conv.h:21->top_wrapper.cpp:123]   --->   Operation 33 'read' 'filter_mem_4_read' <Predicate = true> <Delay = 0.00>
ST_1 : Operation 34 [1/1] (0.00ns)   --->   "%filter_mem_5_read = read i8 @_ssdm_op_Read.ap_auto.i8, i8 %filter_mem_5" [./conv.h:21->top_wrapper.cpp:123]   --->   Operation 34 'read' 'filter_mem_5_read' <Predicate = true> <Delay = 0.00>
ST_1 : Operation 35 [1/1] (0.00ns)   --->   "%filter_mem_6_read = read i8 @_ssdm_op_Read.ap_auto.i8, i8 %filter_mem_6" [./conv.h:21->top_wrapper.cpp:123]   --->   Operation 35 'read' 'filter_mem_6_read' <Predicate = true> <Delay = 0.00>
ST_1 : Operation 36 [1/1] (0.00ns)   --->   "%filter_mem_7_read = read i8 @_ssdm_op_Read.ap_auto.i8, i8 %filter_mem_7" [./conv.h:21->top_wrapper.cpp:123]   --->   Operation 36 'read' 'filter_mem_7_read' <Predicate = true> <Delay = 0.00>
ST_1 : Operation 37 [1/1] (0.00ns)   --->   "%filter_mem_8_read = read i8 @_ssdm_op_Read.ap_auto.i8, i8 %filter_mem_8" [./conv.h:21->top_wrapper.cpp:123]   --->   Operation 37 'read' 'filter_mem_8_read' <Predicate = true> <Delay = 0.00>
ST_1 : Operation 38 [1/1] (0.00ns)   --->   "%filter_mem_9_read = read i8 @_ssdm_op_Read.ap_auto.i8, i8 %filter_mem_9" [./conv.h:21->top_wrapper.cpp:123]   --->   Operation 38 'read' 'filter_mem_9_read' <Predicate = true> <Delay = 0.00>
ST_1 : Operation 39 [1/1] (0.00ns)   --->   "%filter_mem_10_read = read i8 @_ssdm_op_Read.ap_auto.i8, i8 %filter_mem_10" [./conv.h:21->top_wrapper.cpp:123]   --->   Operation 39 'read' 'filter_mem_10_read' <Predicate = true> <Delay = 0.00>
ST_1 : Operation 40 [1/1] (0.00ns)   --->   "%filter_mem_11_read = read i8 @_ssdm_op_Read.ap_auto.i8, i8 %filter_mem_11" [./conv.h:21->top_wrapper.cpp:123]   --->   Operation 40 'read' 'filter_mem_11_read' <Predicate = true> <Delay = 0.00>
ST_1 : Operation 41 [1/1] (0.00ns)   --->   "%filter_mem_12_read = read i8 @_ssdm_op_Read.ap_auto.i8, i8 %filter_mem_12" [./conv.h:21->top_wrapper.cpp:123]   --->   Operation 41 'read' 'filter_mem_12_read' <Predicate = true> <Delay = 0.00>
ST_1 : Operation 42 [1/1] (0.00ns)   --->   "%filter_mem_13_read = read i8 @_ssdm_op_Read.ap_auto.i8, i8 %filter_mem_13" [./conv.h:21->top_wrapper.cpp:123]   --->   Operation 42 'read' 'filter_mem_13_read' <Predicate = true> <Delay = 0.00>
ST_1 : Operation 43 [1/1] (0.00ns)   --->   "%filter_mem_14_read = read i8 @_ssdm_op_Read.ap_auto.i8, i8 %filter_mem_14" [./conv.h:21->top_wrapper.cpp:123]   --->   Operation 43 'read' 'filter_mem_14_read' <Predicate = true> <Delay = 0.00>
ST_1 : Operation 44 [1/1] (0.00ns)   --->   "%filter_mem_15_read = read i8 @_ssdm_op_Read.ap_auto.i8, i8 %filter_mem_15" [./conv.h:21->top_wrapper.cpp:123]   --->   Operation 44 'read' 'filter_mem_15_read' <Predicate = true> <Delay = 0.00>
ST_1 : Operation 45 [1/1] (0.00ns)   --->   "%filter_mem_16_read = read i8 @_ssdm_op_Read.ap_auto.i8, i8 %filter_mem_16" [./conv.h:21->top_wrapper.cpp:123]   --->   Operation 45 'read' 'filter_mem_16_read' <Predicate = true> <Delay = 0.00>
ST_1 : Operation 46 [1/1] (0.00ns)   --->   "%filter_mem_17_read = read i8 @_ssdm_op_Read.ap_auto.i8, i8 %filter_mem_17" [./conv.h:21->top_wrapper.cpp:123]   --->   Operation 46 'read' 'filter_mem_17_read' <Predicate = true> <Delay = 0.00>
ST_1 : Operation 47 [1/1] (0.42ns)   --->   "%store_ln36 = store i8 %filter_mem_17_read, i8 %filter_mem_35" [./conv.h:36->top_wrapper.cpp:123]   --->   Operation 47 'store' 'store_ln36' <Predicate = true> <Delay = 0.42>
ST_1 : Operation 48 [1/1] (0.42ns)   --->   "%store_ln36 = store i8 %filter_mem_16_read, i8 %filter_mem_34" [./conv.h:36->top_wrapper.cpp:123]   --->   Operation 48 'store' 'store_ln36' <Predicate = true> <Delay = 0.42>
ST_1 : Operation 49 [1/1] (0.42ns)   --->   "%store_ln36 = store i8 %filter_mem_15_read, i8 %filter_mem_33" [./conv.h:36->top_wrapper.cpp:123]   --->   Operation 49 'store' 'store_ln36' <Predicate = true> <Delay = 0.42>
ST_1 : Operation 50 [1/1] (0.42ns)   --->   "%store_ln36 = store i8 %filter_mem_14_read, i8 %filter_mem_32" [./conv.h:36->top_wrapper.cpp:123]   --->   Operation 50 'store' 'store_ln36' <Predicate = true> <Delay = 0.42>
ST_1 : Operation 51 [1/1] (0.42ns)   --->   "%store_ln36 = store i8 %filter_mem_13_read, i8 %filter_mem_31" [./conv.h:36->top_wrapper.cpp:123]   --->   Operation 51 'store' 'store_ln36' <Predicate = true> <Delay = 0.42>
ST_1 : Operation 52 [1/1] (0.42ns)   --->   "%store_ln36 = store i8 %filter_mem_12_read, i8 %filter_mem_30" [./conv.h:36->top_wrapper.cpp:123]   --->   Operation 52 'store' 'store_ln36' <Predicate = true> <Delay = 0.42>
ST_1 : Operation 53 [1/1] (0.42ns)   --->   "%store_ln36 = store i8 %filter_mem_11_read, i8 %filter_mem_29" [./conv.h:36->top_wrapper.cpp:123]   --->   Operation 53 'store' 'store_ln36' <Predicate = true> <Delay = 0.42>
ST_1 : Operation 54 [1/1] (0.42ns)   --->   "%store_ln36 = store i8 %filter_mem_10_read, i8 %filter_mem_28" [./conv.h:36->top_wrapper.cpp:123]   --->   Operation 54 'store' 'store_ln36' <Predicate = true> <Delay = 0.42>
ST_1 : Operation 55 [1/1] (0.42ns)   --->   "%store_ln36 = store i8 %filter_mem_9_read, i8 %filter_mem_27" [./conv.h:36->top_wrapper.cpp:123]   --->   Operation 55 'store' 'store_ln36' <Predicate = true> <Delay = 0.42>
ST_1 : Operation 56 [1/1] (0.42ns)   --->   "%store_ln36 = store i8 %filter_mem_8_read, i8 %filter_mem_26" [./conv.h:36->top_wrapper.cpp:123]   --->   Operation 56 'store' 'store_ln36' <Predicate = true> <Delay = 0.42>
ST_1 : Operation 57 [1/1] (0.42ns)   --->   "%store_ln36 = store i8 %filter_mem_7_read, i8 %filter_mem_25" [./conv.h:36->top_wrapper.cpp:123]   --->   Operation 57 'store' 'store_ln36' <Predicate = true> <Delay = 0.42>
ST_1 : Operation 58 [1/1] (0.42ns)   --->   "%store_ln36 = store i8 %filter_mem_6_read, i8 %filter_mem_24" [./conv.h:36->top_wrapper.cpp:123]   --->   Operation 58 'store' 'store_ln36' <Predicate = true> <Delay = 0.42>
ST_1 : Operation 59 [1/1] (0.42ns)   --->   "%store_ln36 = store i8 %filter_mem_5_read, i8 %filter_mem_23" [./conv.h:36->top_wrapper.cpp:123]   --->   Operation 59 'store' 'store_ln36' <Predicate = true> <Delay = 0.42>
ST_1 : Operation 60 [1/1] (0.42ns)   --->   "%store_ln36 = store i8 %filter_mem_4_read, i8 %filter_mem_22" [./conv.h:36->top_wrapper.cpp:123]   --->   Operation 60 'store' 'store_ln36' <Predicate = true> <Delay = 0.42>
ST_1 : Operation 61 [1/1] (0.42ns)   --->   "%store_ln36 = store i8 %filter_mem_3_read, i8 %filter_mem_21" [./conv.h:36->top_wrapper.cpp:123]   --->   Operation 61 'store' 'store_ln36' <Predicate = true> <Delay = 0.42>
ST_1 : Operation 62 [1/1] (0.42ns)   --->   "%store_ln36 = store i8 %filter_mem_2_read, i8 %filter_mem_20" [./conv.h:36->top_wrapper.cpp:123]   --->   Operation 62 'store' 'store_ln36' <Predicate = true> <Delay = 0.42>
ST_1 : Operation 63 [1/1] (0.42ns)   --->   "%store_ln36 = store i8 %filter_mem_1_read, i8 %filter_mem_19" [./conv.h:36->top_wrapper.cpp:123]   --->   Operation 63 'store' 'store_ln36' <Predicate = true> <Delay = 0.42>
ST_1 : Operation 64 [1/1] (0.42ns)   --->   "%store_ln36 = store i8 %filter_mem_read, i8 %filter_mem_18" [./conv.h:36->top_wrapper.cpp:123]   --->   Operation 64 'store' 'store_ln36' <Predicate = true> <Delay = 0.42>
ST_1 : Operation 65 [1/1] (0.42ns)   --->   "%store_ln0 = store i5 0, i5 %indvar_flatten48"   --->   Operation 65 'store' 'store_ln0' <Predicate = true> <Delay = 0.42>
ST_1 : Operation 66 [1/1] (0.42ns)   --->   "%store_ln41 = store i2 0, i2 %s_fh" [./conv.h:41->top_wrapper.cpp:123]   --->   Operation 66 'store' 'store_ln41' <Predicate = true> <Delay = 0.42>
ST_1 : Operation 67 [1/1] (0.42ns)   --->   "%store_ln0 = store i4 0, i4 %indvar_flatten"   --->   Operation 67 'store' 'store_ln0' <Predicate = true> <Delay = 0.42>
ST_1 : Operation 68 [1/1] (0.42ns)   --->   "%store_ln42 = store i2 0, i2 %s_fw" [./conv.h:42->top_wrapper.cpp:123]   --->   Operation 68 'store' 'store_ln42' <Predicate = true> <Delay = 0.42>
ST_1 : Operation 69 [1/1] (0.42ns)   --->   "%store_ln47 = store i2 0, i2 %idx_depth" [./conv.h:47->top_wrapper.cpp:123]   --->   Operation 69 'store' 'store_ln47' <Predicate = true> <Delay = 0.42>
ST_1 : Operation 70 [1/1] (0.00ns)   --->   "%br_ln41 = br void %VITIS_LOOP_44_4.i" [./conv.h:41->top_wrapper.cpp:123]   --->   Operation 70 'br' 'br_ln41' <Predicate = true> <Delay = 0.00>
ST_1 : Operation 71 [1/1] (0.00ns)   --->   "%indvar_flatten_load = load i4 %indvar_flatten" [./conv.h:42->top_wrapper.cpp:123]   --->   Operation 71 'load' 'indvar_flatten_load' <Predicate = true> <Delay = 0.00>
ST_1 : Operation 72 [1/1] (0.00ns)   --->   "%indvar_flatten48_load = load i5 %indvar_flatten48" [./conv.h:41->top_wrapper.cpp:123]   --->   Operation 72 'load' 'indvar_flatten48_load' <Predicate = true> <Delay = 0.00>
ST_1 : Operation 73 [1/1] (0.78ns)   --->   "%icmp_ln41 = icmp_eq  i5 %indvar_flatten48_load, i5 18" [./conv.h:41->top_wrapper.cpp:123]   --->   Operation 73 'icmp' 'icmp_ln41' <Predicate = true> <Delay = 0.78> <CoreInst = "Cmp">   --->   Core 9 'Cmp' <Latency = 0> <II = 1> <Delay = 0.78> <FuncUnit> <Opcode : 'seteq' 'setne' 'setle' 'setge' 'setlt' 'setgt'> <InPorts = 2> <OutPorts = 1>
ST_1 : Operation 74 [1/1] (0.78ns)   --->   "%add_ln41_1 = add i5 %indvar_flatten48_load, i5 1" [./conv.h:41->top_wrapper.cpp:123]   --->   Operation 74 'add' 'add_ln41_1' <Predicate = true> <Delay = 0.78> <CoreInst = "Adder">   --->   Core 1 'Adder' <Latency = 0> <II = 1> <Delay = 0.78> <FuncUnit> <Opcode : 'add' 'sub'> <InPorts = 2> <OutPorts = 1>
ST_1 : Operation 75 [1/1] (0.00ns)   --->   "%br_ln41 = br i1 %icmp_ln41, void %for.inc42.i, void %L3_bis.i.preheader.exitStub" [./conv.h:41->top_wrapper.cpp:123]   --->   Operation 75 'br' 'br_ln41' <Predicate = true> <Delay = 0.00>
ST_1 : Operation 76 [1/1] (0.79ns)   --->   "%icmp_ln42 = icmp_eq  i4 %indvar_flatten_load, i4 6" [./conv.h:42->top_wrapper.cpp:123]   --->   Operation 76 'icmp' 'icmp_ln42' <Predicate = (!icmp_ln41)> <Delay = 0.79> <CoreInst = "Cmp">   --->   Core 9 'Cmp' <Latency = 0> <II = 1> <Delay = 0.79> <FuncUnit> <Opcode : 'seteq' 'setne' 'setle' 'setge' 'setlt' 'setgt'> <InPorts = 2> <OutPorts = 1>
ST_1 : Operation 77 [1/1] (0.79ns)   --->   "%add_ln42_3 = add i4 %indvar_flatten_load, i4 1" [./conv.h:42->top_wrapper.cpp:123]   --->   Operation 77 'add' 'add_ln42_3' <Predicate = (!icmp_ln41)> <Delay = 0.79> <CoreInst = "Adder">   --->   Core 1 'Adder' <Latency = 0> <II = 1> <Delay = 0.79> <FuncUnit> <Opcode : 'add' 'sub'> <InPorts = 2> <OutPorts = 1>
ST_1 : Operation 78 [1/1] (0.39ns)   --->   "%select_ln42_1 = select i1 %icmp_ln42, i4 1, i4 %add_ln42_3" [./conv.h:42->top_wrapper.cpp:123]   --->   Operation 78 'select' 'select_ln42_1' <Predicate = (!icmp_ln41)> <Delay = 0.39> <CoreInst = "Sel">   --->   Core 73 'Sel' <Latency = 0> <II = 1> <Delay = 0.39> <FuncUnit> <Opcode : 'select'> <InPorts = 3> <OutPorts = 1>
ST_1 : Operation 79 [1/1] (0.42ns)   --->   "%store_ln41 = store i5 %add_ln41_1, i5 %indvar_flatten48" [./conv.h:41->top_wrapper.cpp:123]   --->   Operation 79 'store' 'store_ln41' <Predicate = (!icmp_ln41)> <Delay = 0.42>
ST_1 : Operation 80 [1/1] (0.42ns)   --->   "%store_ln42 = store i4 %select_ln42_1, i4 %indvar_flatten" [./conv.h:42->top_wrapper.cpp:123]   --->   Operation 80 'store' 'store_ln42' <Predicate = (!icmp_ln41)> <Delay = 0.42>
ST_1 : Operation 173 [1/1] (0.00ns)   --->   "%filter_mem_18_load = load i8 %filter_mem_18"   --->   Operation 173 'load' 'filter_mem_18_load' <Predicate = (icmp_ln41)> <Delay = 0.00>
ST_1 : Operation 174 [1/1] (0.00ns)   --->   "%filter_mem_19_load = load i8 %filter_mem_19"   --->   Operation 174 'load' 'filter_mem_19_load' <Predicate = (icmp_ln41)> <Delay = 0.00>
ST_1 : Operation 175 [1/1] (0.00ns)   --->   "%filter_mem_20_load = load i8 %filter_mem_20"   --->   Operation 175 'load' 'filter_mem_20_load' <Predicate = (icmp_ln41)> <Delay = 0.00>
ST_1 : Operation 176 [1/1] (0.00ns)   --->   "%filter_mem_21_load = load i8 %filter_mem_21"   --->   Operation 176 'load' 'filter_mem_21_load' <Predicate = (icmp_ln41)> <Delay = 0.00>
ST_1 : Operation 177 [1/1] (0.00ns)   --->   "%filter_mem_22_load = load i8 %filter_mem_22"   --->   Operation 177 'load' 'filter_mem_22_load' <Predicate = (icmp_ln41)> <Delay = 0.00>
ST_1 : Operation 178 [1/1] (0.00ns)   --->   "%filter_mem_23_load = load i8 %filter_mem_23"   --->   Operation 178 'load' 'filter_mem_23_load' <Predicate = (icmp_ln41)> <Delay = 0.00>
ST_1 : Operation 179 [1/1] (0.00ns)   --->   "%filter_mem_24_load = load i8 %filter_mem_24"   --->   Operation 179 'load' 'filter_mem_24_load' <Predicate = (icmp_ln41)> <Delay = 0.00>
ST_1 : Operation 180 [1/1] (0.00ns)   --->   "%filter_mem_25_load = load i8 %filter_mem_25"   --->   Operation 180 'load' 'filter_mem_25_load' <Predicate = (icmp_ln41)> <Delay = 0.00>
ST_1 : Operation 181 [1/1] (0.00ns)   --->   "%filter_mem_26_load = load i8 %filter_mem_26"   --->   Operation 181 'load' 'filter_mem_26_load' <Predicate = (icmp_ln41)> <Delay = 0.00>
ST_1 : Operation 182 [1/1] (0.00ns)   --->   "%filter_mem_27_load = load i8 %filter_mem_27"   --->   Operation 182 'load' 'filter_mem_27_load' <Predicate = (icmp_ln41)> <Delay = 0.00>
ST_1 : Operation 183 [1/1] (0.00ns)   --->   "%filter_mem_28_load = load i8 %filter_mem_28"   --->   Operation 183 'load' 'filter_mem_28_load' <Predicate = (icmp_ln41)> <Delay = 0.00>
ST_1 : Operation 184 [1/1] (0.00ns)   --->   "%filter_mem_29_load = load i8 %filter_mem_29"   --->   Operation 184 'load' 'filter_mem_29_load' <Predicate = (icmp_ln41)> <Delay = 0.00>
ST_1 : Operation 185 [1/1] (0.00ns)   --->   "%filter_mem_30_load = load i8 %filter_mem_30"   --->   Operation 185 'load' 'filter_mem_30_load' <Predicate = (icmp_ln41)> <Delay = 0.00>
ST_1 : Operation 186 [1/1] (0.00ns)   --->   "%filter_mem_31_load = load i8 %filter_mem_31"   --->   Operation 186 'load' 'filter_mem_31_load' <Predicate = (icmp_ln41)> <Delay = 0.00>
ST_1 : Operation 187 [1/1] (0.00ns)   --->   "%filter_mem_32_load = load i8 %filter_mem_32"   --->   Operation 187 'load' 'filter_mem_32_load' <Predicate = (icmp_ln41)> <Delay = 0.00>
ST_1 : Operation 188 [1/1] (0.00ns)   --->   "%filter_mem_33_load = load i8 %filter_mem_33"   --->   Operation 188 'load' 'filter_mem_33_load' <Predicate = (icmp_ln41)> <Delay = 0.00>
ST_1 : Operation 189 [1/1] (0.00ns)   --->   "%filter_mem_34_load = load i8 %filter_mem_34"   --->   Operation 189 'load' 'filter_mem_34_load' <Predicate = (icmp_ln41)> <Delay = 0.00>
ST_1 : Operation 190 [1/1] (0.00ns)   --->   "%filter_mem_35_load = load i8 %filter_mem_35"   --->   Operation 190 'load' 'filter_mem_35_load' <Predicate = (icmp_ln41)> <Delay = 0.00>
ST_1 : Operation 191 [1/1] (0.00ns)   --->   "%write_ln0 = write void @_ssdm_op_Write.ap_auto.i8P0A, i8 %filter_mem_35_out, i8 %filter_mem_35_load"   --->   Operation 191 'write' 'write_ln0' <Predicate = (icmp_ln41)> <Delay = 0.00>
ST_1 : Operation 192 [1/1] (0.00ns)   --->   "%write_ln0 = write void @_ssdm_op_Write.ap_auto.i8P0A, i8 %filter_mem_34_out, i8 %filter_mem_34_load"   --->   Operation 192 'write' 'write_ln0' <Predicate = (icmp_ln41)> <Delay = 0.00>
ST_1 : Operation 193 [1/1] (0.00ns)   --->   "%write_ln0 = write void @_ssdm_op_Write.ap_auto.i8P0A, i8 %filter_mem_33_out, i8 %filter_mem_33_load"   --->   Operation 193 'write' 'write_ln0' <Predicate = (icmp_ln41)> <Delay = 0.00>
ST_1 : Operation 194 [1/1] (0.00ns)   --->   "%write_ln0 = write void @_ssdm_op_Write.ap_auto.i8P0A, i8 %filter_mem_32_out, i8 %filter_mem_32_load"   --->   Operation 194 'write' 'write_ln0' <Predicate = (icmp_ln41)> <Delay = 0.00>
ST_1 : Operation 195 [1/1] (0.00ns)   --->   "%write_ln0 = write void @_ssdm_op_Write.ap_auto.i8P0A, i8 %filter_mem_31_out, i8 %filter_mem_31_load"   --->   Operation 195 'write' 'write_ln0' <Predicate = (icmp_ln41)> <Delay = 0.00>
ST_1 : Operation 196 [1/1] (0.00ns)   --->   "%write_ln0 = write void @_ssdm_op_Write.ap_auto.i8P0A, i8 %filter_mem_30_out, i8 %filter_mem_30_load"   --->   Operation 196 'write' 'write_ln0' <Predicate = (icmp_ln41)> <Delay = 0.00>
ST_1 : Operation 197 [1/1] (0.00ns)   --->   "%write_ln0 = write void @_ssdm_op_Write.ap_auto.i8P0A, i8 %filter_mem_29_out, i8 %filter_mem_29_load"   --->   Operation 197 'write' 'write_ln0' <Predicate = (icmp_ln41)> <Delay = 0.00>
ST_1 : Operation 198 [1/1] (0.00ns)   --->   "%write_ln0 = write void @_ssdm_op_Write.ap_auto.i8P0A, i8 %filter_mem_28_out, i8 %filter_mem_28_load"   --->   Operation 198 'write' 'write_ln0' <Predicate = (icmp_ln41)> <Delay = 0.00>
ST_1 : Operation 199 [1/1] (0.00ns)   --->   "%write_ln0 = write void @_ssdm_op_Write.ap_auto.i8P0A, i8 %filter_mem_27_out, i8 %filter_mem_27_load"   --->   Operation 199 'write' 'write_ln0' <Predicate = (icmp_ln41)> <Delay = 0.00>
ST_1 : Operation 200 [1/1] (0.00ns)   --->   "%write_ln0 = write void @_ssdm_op_Write.ap_auto.i8P0A, i8 %filter_mem_26_out, i8 %filter_mem_26_load"   --->   Operation 200 'write' 'write_ln0' <Predicate = (icmp_ln41)> <Delay = 0.00>
ST_1 : Operation 201 [1/1] (0.00ns)   --->   "%write_ln0 = write void @_ssdm_op_Write.ap_auto.i8P0A, i8 %filter_mem_25_out, i8 %filter_mem_25_load"   --->   Operation 201 'write' 'write_ln0' <Predicate = (icmp_ln41)> <Delay = 0.00>
ST_1 : Operation 202 [1/1] (0.00ns)   --->   "%write_ln0 = write void @_ssdm_op_Write.ap_auto.i8P0A, i8 %filter_mem_24_out, i8 %filter_mem_24_load"   --->   Operation 202 'write' 'write_ln0' <Predicate = (icmp_ln41)> <Delay = 0.00>
ST_1 : Operation 203 [1/1] (0.00ns)   --->   "%write_ln0 = write void @_ssdm_op_Write.ap_auto.i8P0A, i8 %filter_mem_23_out, i8 %filter_mem_23_load"   --->   Operation 203 'write' 'write_ln0' <Predicate = (icmp_ln41)> <Delay = 0.00>
ST_1 : Operation 204 [1/1] (0.00ns)   --->   "%write_ln0 = write void @_ssdm_op_Write.ap_auto.i8P0A, i8 %filter_mem_22_out, i8 %filter_mem_22_load"   --->   Operation 204 'write' 'write_ln0' <Predicate = (icmp_ln41)> <Delay = 0.00>
ST_1 : Operation 205 [1/1] (0.00ns)   --->   "%write_ln0 = write void @_ssdm_op_Write.ap_auto.i8P0A, i8 %filter_mem_21_out, i8 %filter_mem_21_load"   --->   Operation 205 'write' 'write_ln0' <Predicate = (icmp_ln41)> <Delay = 0.00>
ST_1 : Operation 206 [1/1] (0.00ns)   --->   "%write_ln0 = write void @_ssdm_op_Write.ap_auto.i8P0A, i8 %filter_mem_20_out, i8 %filter_mem_20_load"   --->   Operation 206 'write' 'write_ln0' <Predicate = (icmp_ln41)> <Delay = 0.00>
ST_1 : Operation 207 [1/1] (0.00ns)   --->   "%write_ln0 = write void @_ssdm_op_Write.ap_auto.i8P0A, i8 %filter_mem_19_out, i8 %filter_mem_19_load"   --->   Operation 207 'write' 'write_ln0' <Predicate = (icmp_ln41)> <Delay = 0.00>
ST_1 : Operation 208 [1/1] (0.00ns)   --->   "%write_ln0 = write void @_ssdm_op_Write.ap_auto.i8P0A, i8 %filter_mem_18_out, i8 %filter_mem_18_load"   --->   Operation 208 'write' 'write_ln0' <Predicate = (icmp_ln41)> <Delay = 0.00>
ST_1 : Operation 209 [1/1] (0.42ns)   --->   "%ret_ln0 = ret"   --->   Operation 209 'ret' 'ret_ln0' <Predicate = (icmp_ln41)> <Delay = 0.42>

State 2 <SV = 1> <Delay = 2.70>
ST_2 : Operation 81 [1/1] (0.00ns)   --->   "%idx_depth_load = load i2 %idx_depth" [./conv.h:43->top_wrapper.cpp:123]   --->   Operation 81 'load' 'idx_depth_load' <Predicate = true> <Delay = 0.00>
ST_2 : Operation 82 [1/1] (0.00ns)   --->   "%s_fw_load = load i2 %s_fw" [./conv.h:36->top_wrapper.cpp:123]   --->   Operation 82 'load' 's_fw_load' <Predicate = (!icmp_ln42)> <Delay = 0.00>
ST_2 : Operation 83 [1/1] (0.00ns)   --->   "%s_fh_load = load i2 %s_fh" [./conv.h:41->top_wrapper.cpp:123]   --->   Operation 83 'load' 's_fh_load' <Predicate = true> <Delay = 0.00>
ST_2 : Operation 84 [1/1] (0.54ns)   --->   "%add_ln41 = add i2 %s_fh_load, i2 1" [./conv.h:41->top_wrapper.cpp:123]   --->   Operation 84 'add' 'add_ln41' <Predicate = (icmp_ln42)> <Delay = 0.54> <CoreInst = "Adder">   --->   Core 1 'Adder' <Latency = 0> <II = 1> <Delay = 0.54> <FuncUnit> <Opcode : 'add' 'sub'> <InPorts = 2> <OutPorts = 1>
ST_2 : Operation 85 [1/1] (0.00ns)   --->   "%specloopname_ln0 = specloopname void @_ssdm_op_SpecLoopName, void @VITIS_LOOP_41_1_VITIS_LOOP_42_2_VITIS_LOOP_43_3_str"   --->   Operation 85 'specloopname' 'specloopname_ln0' <Predicate = true> <Delay = 0.00>
ST_2 : Operation 86 [1/1] (0.00ns)   --->   "%speclooptripcount_ln0 = speclooptripcount void @_ssdm_op_SpecLoopTripCount, i64 18, i64 18, i64 18"   --->   Operation 86 'speclooptripcount' 'speclooptripcount_ln0' <Predicate = true> <Delay = 0.00>
ST_2 : Operation 87 [1/1] (0.17ns)   --->   "%select_ln36 = select i1 %icmp_ln42, i2 0, i2 %s_fw_load" [./conv.h:36->top_wrapper.cpp:123]   --->   Operation 87 'select' 'select_ln36' <Predicate = true> <Delay = 0.17> <CoreInst = "Sel">   --->   Core 73 'Sel' <Latency = 0> <II = 1> <Delay = 0.17> <FuncUnit> <Opcode : 'select'> <InPorts = 3> <OutPorts = 1>
ST_2 : Operation 88 [1/1] (0.00ns) (grouped into LUT with out node and_ln36)   --->   "%xor_ln36 = xor i1 %icmp_ln42, i1 1" [./conv.h:36->top_wrapper.cpp:123]   --->   Operation 88 'xor' 'xor_ln36' <Predicate = true> <Delay = 0.00> <CoreInst = "LogicGate">   --->   Core 74 'LogicGate' <Latency = 0> <II = 1> <Delay = 0.28> <FuncUnit> <Opcode : 'and' 'or' 'xor'> <InPorts = 2> <OutPorts = 1>
ST_2 : Operation 89 [1/1] (0.54ns)   --->   "%icmp_ln43 = icmp_eq  i2 %idx_depth_load, i2 2" [./conv.h:43->top_wrapper.cpp:123]   --->   Operation 89 'icmp' 'icmp_ln43' <Predicate = true> <Delay = 0.54> <CoreInst = "Cmp">   --->   Core 9 'Cmp' <Latency = 0> <II = 1> <Delay = 0.54> <FuncUnit> <Opcode : 'seteq' 'setne' 'setle' 'setge' 'setlt' 'setgt'> <InPorts = 2> <OutPorts = 1>
ST_2 : Operation 90 [1/1] (0.28ns) (out node of the LUT)   --->   "%and_ln36 = and i1 %icmp_ln43, i1 %xor_ln36" [./conv.h:36->top_wrapper.cpp:123]   --->   Operation 90 'and' 'and_ln36' <Predicate = true> <Delay = 0.28> <CoreInst = "LogicGate">   --->   Core 74 'LogicGate' <Latency = 0> <II = 1> <Delay = 0.28> <FuncUnit> <Opcode : 'and' 'or' 'xor'> <InPorts = 2> <OutPorts = 1>
ST_2 : Operation 91 [1/1] (0.17ns)   --->   "%select_ln41 = select i1 %icmp_ln42, i2 %add_ln41, i2 %s_fh_load" [./conv.h:41->top_wrapper.cpp:123]   --->   Operation 91 'select' 'select_ln41' <Predicate = true> <Delay = 0.17> <CoreInst = "Sel">   --->   Core 73 'Sel' <Latency = 0> <II = 1> <Delay = 0.17> <FuncUnit> <Opcode : 'select'> <InPorts = 3> <OutPorts = 1>
ST_2 : Operation 92 [1/1] (0.54ns)   --->   "%add_ln42 = add i2 %select_ln36, i2 1" [./conv.h:42->top_wrapper.cpp:123]   --->   Operation 92 'add' 'add_ln42' <Predicate = true> <Delay = 0.54> <CoreInst = "Adder">   --->   Core 1 'Adder' <Latency = 0> <II = 1> <Delay = 0.54> <FuncUnit> <Opcode : 'add' 'sub'> <InPorts = 2> <OutPorts = 1>
ST_2 : Operation 93 [1/1] (0.00ns) (grouped into LUT with out node s_ich_mid2)   --->   "%empty = or i1 %and_ln36, i1 %icmp_ln42" [./conv.h:36->top_wrapper.cpp:123]   --->   Operation 93 'or' 'empty' <Predicate = true> <Delay = 0.00> <CoreInst = "LogicGate">   --->   Core 74 'LogicGate' <Latency = 0> <II = 1> <Delay = 0.28> <FuncUnit> <Opcode : 'and' 'or' 'xor'> <InPorts = 2> <OutPorts = 1>
ST_2 : Operation 94 [1/1] (0.28ns) (out node of the LUT)   --->   "%s_ich_mid2 = select i1 %empty, i2 0, i2 %idx_depth_load" [./conv.h:36->top_wrapper.cpp:123]   --->   Operation 94 'select' 's_ich_mid2' <Predicate = true> <Delay = 0.28> <CoreInst = "Sel">   --->   Core 73 'Sel' <Latency = 0> <II = 1> <Delay = 0.17> <FuncUnit> <Opcode : 'select'> <InPorts = 3> <OutPorts = 1>
ST_2 : Operation 95 [1/1] (0.17ns)   --->   "%select_ln42 = select i1 %and_ln36, i2 %add_ln42, i2 %select_ln36" [./conv.h:42->top_wrapper.cpp:123]   --->   Operation 95 'select' 'select_ln42' <Predicate = true> <Delay = 0.17> <CoreInst = "Sel">   --->   Core 73 'Sel' <Latency = 0> <II = 1> <Delay = 0.17> <FuncUnit> <Opcode : 'select'> <InPorts = 3> <OutPorts = 1>
ST_2 : Operation 96 [1/1] (0.00ns)   --->   "%zext_ln41 = zext i2 %select_ln41" [./conv.h:41->top_wrapper.cpp:123]   --->   Operation 96 'zext' 'zext_ln41' <Predicate = true> <Delay = 0.00>
ST_2 : Operation 97 [1/1] (0.00ns)   --->   "%p_shl = bitconcatenate i4 @_ssdm_op_BitConcatenate.i4.i2.i2, i2 %select_ln41, i2 0" [./conv.h:41->top_wrapper.cpp:123]   --->   Operation 97 'bitconcatenate' 'p_shl' <Predicate = true> <Delay = 0.00>
ST_2 : Operation 98 [1/1] (0.00ns) (grouped into TernaryAdder)   --->   "%empty_47 = sub i4 %p_shl, i4 %zext_ln41" [./conv.h:41->top_wrapper.cpp:123]   --->   Operation 98 'sub' 'empty_47' <Predicate = true> <Delay = 0.00> <CoreInst = "TAddSub">   --->   Core 10 'TAddSub' <Latency = 0> <II = 1> <Delay = 0.23> <IPBlock> <Opcode : '' 'add' 'sub'> <InPorts = 3> <OutPorts = 1> <Sync> <CReg>
ST_2 : Operation 99 [1/1] (0.00ns)   --->   "%zext_ln42 = zext i2 %select_ln42" [./conv.h:42->top_wrapper.cpp:123]   --->   Operation 99 'zext' 'zext_ln42' <Predicate = true> <Delay = 0.00>
ST_2 : Operation 100 [1/1] (0.46ns) (root node of TernaryAdder)   --->   "%empty_48 = add i4 %empty_47, i4 %zext_ln42" [./conv.h:41->top_wrapper.cpp:123]   --->   Operation 100 'add' 'empty_48' <Predicate = true> <Delay = 0.46> <CoreInst = "TAddSub">   --->   Core 10 'TAddSub' <Latency = 0> <II = 1> <Delay = 0.23> <IPBlock> <Opcode : '' 'add' 'sub'> <InPorts = 3> <OutPorts = 1> <Sync> <CReg>
ST_2 : Operation 101 [1/1] (0.00ns)   --->   "%specpipeline_ln36 = specpipeline void @_ssdm_op_SpecPipeline, i32 4294967295, i32 0, i32 0, i32 0, void @empty_20" [./conv.h:36->top_wrapper.cpp:123]   --->   Operation 101 'specpipeline' 'specpipeline_ln36' <Predicate = true> <Delay = 0.00>
ST_2 : Operation 102 [1/1] ( I:1.82ns O:1.82ns )   --->   "%filter2conv_read = read i8 @_ssdm_op_Read.ap_fifo.volatile.i8P0A, i8 %filter2conv" [./conv.h:48->top_wrapper.cpp:123]   --->   Operation 102 'read' 'filter2conv_read' <Predicate = true> <Delay = 1.82> <CoreInst = "FIFO_SRL">   --->   Core 80 'FIFO_SRL' <Latency = 0> <II = 1> <Delay = 2.50> <Storage> <Opcode : 'read' 'write' 'nbread' 'nbwrite'> <Ports = 0> <Width = 8> <Depth = 100> <FIFO>
ST_2 : Operation 103 [1/1] (0.54ns)   --->   "%icmp_ln48 = icmp_eq  i2 %s_ich_mid2, i2 0" [./conv.h:48->top_wrapper.cpp:123]   --->   Operation 103 'icmp' 'icmp_ln48' <Predicate = true> <Delay = 0.54> <CoreInst = "Cmp">   --->   Core 9 'Cmp' <Latency = 0> <II = 1> <Delay = 0.54> <FuncUnit> <Opcode : 'seteq' 'setne' 'setle' 'setge' 'setlt' 'setgt'> <InPorts = 2> <OutPorts = 1>
ST_2 : Operation 104 [1/1] (0.79ns)   --->   "%switch_ln48 = switch i4 %empty_48, void %arrayidx357.case.8.i, i4 0, void %arrayidx357.case.0.i, i4 1, void %arrayidx357.case.1.i, i4 2, void %arrayidx357.case.2.i, i4 3, void %arrayidx357.case.3.i, i4 4, void %arrayidx357.case.4.i, i4 5, void %arrayidx357.case.5.i, i4 6, void %arrayidx357.case.6.i, i4 7, void %arrayidx357.case.7.i" [./conv.h:48->top_wrapper.cpp:123]   --->   Operation 104 'switch' 'switch_ln48' <Predicate = true> <Delay = 0.79>
ST_2 : Operation 105 [1/1] (0.00ns)   --->   "%filter_mem_32_load_1 = load i8 %filter_mem_32" [./conv.h:48->top_wrapper.cpp:123]   --->   Operation 105 'load' 'filter_mem_32_load_1' <Predicate = (empty_48 == 7)> <Delay = 0.00>
ST_2 : Operation 106 [1/1] (0.00ns)   --->   "%filter_mem_33_load_1 = load i8 %filter_mem_33" [./conv.h:48->top_wrapper.cpp:123]   --->   Operation 106 'load' 'filter_mem_33_load_1' <Predicate = (empty_48 == 7)> <Delay = 0.00>
ST_2 : Operation 107 [1/1] (0.39ns)   --->   "%select_ln48_16 = select i1 %icmp_ln48, i8 %filter_mem_33_load_1, i8 %filter2conv_read" [./conv.h:48->top_wrapper.cpp:123]   --->   Operation 107 'select' 'select_ln48_16' <Predicate = (empty_48 == 7)> <Delay = 0.39> <CoreInst = "Sel">   --->   Core 73 'Sel' <Latency = 0> <II = 1> <Delay = 0.39> <FuncUnit> <Opcode : 'select'> <InPorts = 3> <OutPorts = 1>
ST_2 : Operation 108 [1/1] (0.39ns)   --->   "%select_ln48_17 = select i1 %icmp_ln48, i8 %filter2conv_read, i8 %filter_mem_32_load_1" [./conv.h:48->top_wrapper.cpp:123]   --->   Operation 108 'select' 'select_ln48_17' <Predicate = (empty_48 == 7)> <Delay = 0.39> <CoreInst = "Sel">   --->   Core 73 'Sel' <Latency = 0> <II = 1> <Delay = 0.39> <FuncUnit> <Opcode : 'select'> <InPorts = 3> <OutPorts = 1>
ST_2 : Operation 109 [1/1] (0.42ns)   --->   "%store_ln36 = store i8 %select_ln48_16, i8 %filter_mem_33" [./conv.h:36->top_wrapper.cpp:123]   --->   Operation 109 'store' 'store_ln36' <Predicate = (empty_48 == 7)> <Delay = 0.42>
ST_2 : Operation 110 [1/1] (0.42ns)   --->   "%store_ln36 = store i8 %select_ln48_17, i8 %filter_mem_32" [./conv.h:36->top_wrapper.cpp:123]   --->   Operation 110 'store' 'store_ln36' <Predicate = (empty_48 == 7)> <Delay = 0.42>
ST_2 : Operation 111 [1/1] (0.00ns)   --->   "%br_ln48 = br void %arrayidx357.exit.i" [./conv.h:48->top_wrapper.cpp:123]   --->   Operation 111 'br' 'br_ln48' <Predicate = (empty_48 == 7)> <Delay = 0.00>
ST_2 : Operation 112 [1/1] (0.00ns)   --->   "%filter_mem_30_load_1 = load i8 %filter_mem_30" [./conv.h:48->top_wrapper.cpp:123]   --->   Operation 112 'load' 'filter_mem_30_load_1' <Predicate = (empty_48 == 6)> <Delay = 0.00>
ST_2 : Operation 113 [1/1] (0.00ns)   --->   "%filter_mem_31_load_1 = load i8 %filter_mem_31" [./conv.h:48->top_wrapper.cpp:123]   --->   Operation 113 'load' 'filter_mem_31_load_1' <Predicate = (empty_48 == 6)> <Delay = 0.00>
ST_2 : Operation 114 [1/1] (0.39ns)   --->   "%select_ln48_14 = select i1 %icmp_ln48, i8 %filter_mem_31_load_1, i8 %filter2conv_read" [./conv.h:48->top_wrapper.cpp:123]   --->   Operation 114 'select' 'select_ln48_14' <Predicate = (empty_48 == 6)> <Delay = 0.39> <CoreInst = "Sel">   --->   Core 73 'Sel' <Latency = 0> <II = 1> <Delay = 0.39> <FuncUnit> <Opcode : 'select'> <InPorts = 3> <OutPorts = 1>
ST_2 : Operation 115 [1/1] (0.39ns)   --->   "%select_ln48_15 = select i1 %icmp_ln48, i8 %filter2conv_read, i8 %filter_mem_30_load_1" [./conv.h:48->top_wrapper.cpp:123]   --->   Operation 115 'select' 'select_ln48_15' <Predicate = (empty_48 == 6)> <Delay = 0.39> <CoreInst = "Sel">   --->   Core 73 'Sel' <Latency = 0> <II = 1> <Delay = 0.39> <FuncUnit> <Opcode : 'select'> <InPorts = 3> <OutPorts = 1>
ST_2 : Operation 116 [1/1] (0.42ns)   --->   "%store_ln36 = store i8 %select_ln48_14, i8 %filter_mem_31" [./conv.h:36->top_wrapper.cpp:123]   --->   Operation 116 'store' 'store_ln36' <Predicate = (empty_48 == 6)> <Delay = 0.42>
ST_2 : Operation 117 [1/1] (0.42ns)   --->   "%store_ln36 = store i8 %select_ln48_15, i8 %filter_mem_30" [./conv.h:36->top_wrapper.cpp:123]   --->   Operation 117 'store' 'store_ln36' <Predicate = (empty_48 == 6)> <Delay = 0.42>
ST_2 : Operation 118 [1/1] (0.00ns)   --->   "%br_ln48 = br void %arrayidx357.exit.i" [./conv.h:48->top_wrapper.cpp:123]   --->   Operation 118 'br' 'br_ln48' <Predicate = (empty_48 == 6)> <Delay = 0.00>
ST_2 : Operation 119 [1/1] (0.00ns)   --->   "%filter_mem_28_load_1 = load i8 %filter_mem_28" [./conv.h:48->top_wrapper.cpp:123]   --->   Operation 119 'load' 'filter_mem_28_load_1' <Predicate = (empty_48 == 5)> <Delay = 0.00>
ST_2 : Operation 120 [1/1] (0.00ns)   --->   "%filter_mem_29_load_1 = load i8 %filter_mem_29" [./conv.h:48->top_wrapper.cpp:123]   --->   Operation 120 'load' 'filter_mem_29_load_1' <Predicate = (empty_48 == 5)> <Delay = 0.00>
ST_2 : Operation 121 [1/1] (0.39ns)   --->   "%select_ln48_12 = select i1 %icmp_ln48, i8 %filter_mem_29_load_1, i8 %filter2conv_read" [./conv.h:48->top_wrapper.cpp:123]   --->   Operation 121 'select' 'select_ln48_12' <Predicate = (empty_48 == 5)> <Delay = 0.39> <CoreInst = "Sel">   --->   Core 73 'Sel' <Latency = 0> <II = 1> <Delay = 0.39> <FuncUnit> <Opcode : 'select'> <InPorts = 3> <OutPorts = 1>
ST_2 : Operation 122 [1/1] (0.39ns)   --->   "%select_ln48_13 = select i1 %icmp_ln48, i8 %filter2conv_read, i8 %filter_mem_28_load_1" [./conv.h:48->top_wrapper.cpp:123]   --->   Operation 122 'select' 'select_ln48_13' <Predicate = (empty_48 == 5)> <Delay = 0.39> <CoreInst = "Sel">   --->   Core 73 'Sel' <Latency = 0> <II = 1> <Delay = 0.39> <FuncUnit> <Opcode : 'select'> <InPorts = 3> <OutPorts = 1>
ST_2 : Operation 123 [1/1] (0.42ns)   --->   "%store_ln36 = store i8 %select_ln48_12, i8 %filter_mem_29" [./conv.h:36->top_wrapper.cpp:123]   --->   Operation 123 'store' 'store_ln36' <Predicate = (empty_48 == 5)> <Delay = 0.42>
ST_2 : Operation 124 [1/1] (0.42ns)   --->   "%store_ln36 = store i8 %select_ln48_13, i8 %filter_mem_28" [./conv.h:36->top_wrapper.cpp:123]   --->   Operation 124 'store' 'store_ln36' <Predicate = (empty_48 == 5)> <Delay = 0.42>
ST_2 : Operation 125 [1/1] (0.00ns)   --->   "%br_ln48 = br void %arrayidx357.exit.i" [./conv.h:48->top_wrapper.cpp:123]   --->   Operation 125 'br' 'br_ln48' <Predicate = (empty_48 == 5)> <Delay = 0.00>
ST_2 : Operation 126 [1/1] (0.00ns)   --->   "%filter_mem_26_load_1 = load i8 %filter_mem_26" [./conv.h:48->top_wrapper.cpp:123]   --->   Operation 126 'load' 'filter_mem_26_load_1' <Predicate = (empty_48 == 4)> <Delay = 0.00>
ST_2 : Operation 127 [1/1] (0.00ns)   --->   "%filter_mem_27_load_1 = load i8 %filter_mem_27" [./conv.h:48->top_wrapper.cpp:123]   --->   Operation 127 'load' 'filter_mem_27_load_1' <Predicate = (empty_48 == 4)> <Delay = 0.00>
ST_2 : Operation 128 [1/1] (0.39ns)   --->   "%select_ln48_10 = select i1 %icmp_ln48, i8 %filter_mem_27_load_1, i8 %filter2conv_read" [./conv.h:48->top_wrapper.cpp:123]   --->   Operation 128 'select' 'select_ln48_10' <Predicate = (empty_48 == 4)> <Delay = 0.39> <CoreInst = "Sel">   --->   Core 73 'Sel' <Latency = 0> <II = 1> <Delay = 0.39> <FuncUnit> <Opcode : 'select'> <InPorts = 3> <OutPorts = 1>
ST_2 : Operation 129 [1/1] (0.39ns)   --->   "%select_ln48_11 = select i1 %icmp_ln48, i8 %filter2conv_read, i8 %filter_mem_26_load_1" [./conv.h:48->top_wrapper.cpp:123]   --->   Operation 129 'select' 'select_ln48_11' <Predicate = (empty_48 == 4)> <Delay = 0.39> <CoreInst = "Sel">   --->   Core 73 'Sel' <Latency = 0> <II = 1> <Delay = 0.39> <FuncUnit> <Opcode : 'select'> <InPorts = 3> <OutPorts = 1>
ST_2 : Operation 130 [1/1] (0.42ns)   --->   "%store_ln36 = store i8 %select_ln48_10, i8 %filter_mem_27" [./conv.h:36->top_wrapper.cpp:123]   --->   Operation 130 'store' 'store_ln36' <Predicate = (empty_48 == 4)> <Delay = 0.42>
ST_2 : Operation 131 [1/1] (0.42ns)   --->   "%store_ln36 = store i8 %select_ln48_11, i8 %filter_mem_26" [./conv.h:36->top_wrapper.cpp:123]   --->   Operation 131 'store' 'store_ln36' <Predicate = (empty_48 == 4)> <Delay = 0.42>
ST_2 : Operation 132 [1/1] (0.00ns)   --->   "%br_ln48 = br void %arrayidx357.exit.i" [./conv.h:48->top_wrapper.cpp:123]   --->   Operation 132 'br' 'br_ln48' <Predicate = (empty_48 == 4)> <Delay = 0.00>
ST_2 : Operation 133 [1/1] (0.00ns)   --->   "%filter_mem_24_load_1 = load i8 %filter_mem_24" [./conv.h:48->top_wrapper.cpp:123]   --->   Operation 133 'load' 'filter_mem_24_load_1' <Predicate = (empty_48 == 3)> <Delay = 0.00>
ST_2 : Operation 134 [1/1] (0.00ns)   --->   "%filter_mem_25_load_1 = load i8 %filter_mem_25" [./conv.h:48->top_wrapper.cpp:123]   --->   Operation 134 'load' 'filter_mem_25_load_1' <Predicate = (empty_48 == 3)> <Delay = 0.00>
ST_2 : Operation 135 [1/1] (0.39ns)   --->   "%select_ln48_8 = select i1 %icmp_ln48, i8 %filter_mem_25_load_1, i8 %filter2conv_read" [./conv.h:48->top_wrapper.cpp:123]   --->   Operation 135 'select' 'select_ln48_8' <Predicate = (empty_48 == 3)> <Delay = 0.39> <CoreInst = "Sel">   --->   Core 73 'Sel' <Latency = 0> <II = 1> <Delay = 0.39> <FuncUnit> <Opcode : 'select'> <InPorts = 3> <OutPorts = 1>
ST_2 : Operation 136 [1/1] (0.39ns)   --->   "%select_ln48_9 = select i1 %icmp_ln48, i8 %filter2conv_read, i8 %filter_mem_24_load_1" [./conv.h:48->top_wrapper.cpp:123]   --->   Operation 136 'select' 'select_ln48_9' <Predicate = (empty_48 == 3)> <Delay = 0.39> <CoreInst = "Sel">   --->   Core 73 'Sel' <Latency = 0> <II = 1> <Delay = 0.39> <FuncUnit> <Opcode : 'select'> <InPorts = 3> <OutPorts = 1>
ST_2 : Operation 137 [1/1] (0.42ns)   --->   "%store_ln36 = store i8 %select_ln48_8, i8 %filter_mem_25" [./conv.h:36->top_wrapper.cpp:123]   --->   Operation 137 'store' 'store_ln36' <Predicate = (empty_48 == 3)> <Delay = 0.42>
ST_2 : Operation 138 [1/1] (0.42ns)   --->   "%store_ln36 = store i8 %select_ln48_9, i8 %filter_mem_24" [./conv.h:36->top_wrapper.cpp:123]   --->   Operation 138 'store' 'store_ln36' <Predicate = (empty_48 == 3)> <Delay = 0.42>
ST_2 : Operation 139 [1/1] (0.00ns)   --->   "%br_ln48 = br void %arrayidx357.exit.i" [./conv.h:48->top_wrapper.cpp:123]   --->   Operation 139 'br' 'br_ln48' <Predicate = (empty_48 == 3)> <Delay = 0.00>
ST_2 : Operation 140 [1/1] (0.00ns)   --->   "%filter_mem_22_load_1 = load i8 %filter_mem_22" [./conv.h:48->top_wrapper.cpp:123]   --->   Operation 140 'load' 'filter_mem_22_load_1' <Predicate = (empty_48 == 2)> <Delay = 0.00>
ST_2 : Operation 141 [1/1] (0.00ns)   --->   "%filter_mem_23_load_1 = load i8 %filter_mem_23" [./conv.h:48->top_wrapper.cpp:123]   --->   Operation 141 'load' 'filter_mem_23_load_1' <Predicate = (empty_48 == 2)> <Delay = 0.00>
ST_2 : Operation 142 [1/1] (0.39ns)   --->   "%select_ln48_6 = select i1 %icmp_ln48, i8 %filter_mem_23_load_1, i8 %filter2conv_read" [./conv.h:48->top_wrapper.cpp:123]   --->   Operation 142 'select' 'select_ln48_6' <Predicate = (empty_48 == 2)> <Delay = 0.39> <CoreInst = "Sel">   --->   Core 73 'Sel' <Latency = 0> <II = 1> <Delay = 0.39> <FuncUnit> <Opcode : 'select'> <InPorts = 3> <OutPorts = 1>
ST_2 : Operation 143 [1/1] (0.39ns)   --->   "%select_ln48_7 = select i1 %icmp_ln48, i8 %filter2conv_read, i8 %filter_mem_22_load_1" [./conv.h:48->top_wrapper.cpp:123]   --->   Operation 143 'select' 'select_ln48_7' <Predicate = (empty_48 == 2)> <Delay = 0.39> <CoreInst = "Sel">   --->   Core 73 'Sel' <Latency = 0> <II = 1> <Delay = 0.39> <FuncUnit> <Opcode : 'select'> <InPorts = 3> <OutPorts = 1>
ST_2 : Operation 144 [1/1] (0.42ns)   --->   "%store_ln36 = store i8 %select_ln48_6, i8 %filter_mem_23" [./conv.h:36->top_wrapper.cpp:123]   --->   Operation 144 'store' 'store_ln36' <Predicate = (empty_48 == 2)> <Delay = 0.42>
ST_2 : Operation 145 [1/1] (0.42ns)   --->   "%store_ln36 = store i8 %select_ln48_7, i8 %filter_mem_22" [./conv.h:36->top_wrapper.cpp:123]   --->   Operation 145 'store' 'store_ln36' <Predicate = (empty_48 == 2)> <Delay = 0.42>
ST_2 : Operation 146 [1/1] (0.00ns)   --->   "%br_ln48 = br void %arrayidx357.exit.i" [./conv.h:48->top_wrapper.cpp:123]   --->   Operation 146 'br' 'br_ln48' <Predicate = (empty_48 == 2)> <Delay = 0.00>
ST_2 : Operation 147 [1/1] (0.00ns)   --->   "%filter_mem_20_load_1 = load i8 %filter_mem_20" [./conv.h:48->top_wrapper.cpp:123]   --->   Operation 147 'load' 'filter_mem_20_load_1' <Predicate = (empty_48 == 1)> <Delay = 0.00>
ST_2 : Operation 148 [1/1] (0.00ns)   --->   "%filter_mem_21_load_1 = load i8 %filter_mem_21" [./conv.h:48->top_wrapper.cpp:123]   --->   Operation 148 'load' 'filter_mem_21_load_1' <Predicate = (empty_48 == 1)> <Delay = 0.00>
ST_2 : Operation 149 [1/1] (0.39ns)   --->   "%select_ln48_4 = select i1 %icmp_ln48, i8 %filter_mem_21_load_1, i8 %filter2conv_read" [./conv.h:48->top_wrapper.cpp:123]   --->   Operation 149 'select' 'select_ln48_4' <Predicate = (empty_48 == 1)> <Delay = 0.39> <CoreInst = "Sel">   --->   Core 73 'Sel' <Latency = 0> <II = 1> <Delay = 0.39> <FuncUnit> <Opcode : 'select'> <InPorts = 3> <OutPorts = 1>
ST_2 : Operation 150 [1/1] (0.39ns)   --->   "%select_ln48_5 = select i1 %icmp_ln48, i8 %filter2conv_read, i8 %filter_mem_20_load_1" [./conv.h:48->top_wrapper.cpp:123]   --->   Operation 150 'select' 'select_ln48_5' <Predicate = (empty_48 == 1)> <Delay = 0.39> <CoreInst = "Sel">   --->   Core 73 'Sel' <Latency = 0> <II = 1> <Delay = 0.39> <FuncUnit> <Opcode : 'select'> <InPorts = 3> <OutPorts = 1>
ST_2 : Operation 151 [1/1] (0.42ns)   --->   "%store_ln36 = store i8 %select_ln48_4, i8 %filter_mem_21" [./conv.h:36->top_wrapper.cpp:123]   --->   Operation 151 'store' 'store_ln36' <Predicate = (empty_48 == 1)> <Delay = 0.42>
ST_2 : Operation 152 [1/1] (0.42ns)   --->   "%store_ln36 = store i8 %select_ln48_5, i8 %filter_mem_20" [./conv.h:36->top_wrapper.cpp:123]   --->   Operation 152 'store' 'store_ln36' <Predicate = (empty_48 == 1)> <Delay = 0.42>
ST_2 : Operation 153 [1/1] (0.00ns)   --->   "%br_ln48 = br void %arrayidx357.exit.i" [./conv.h:48->top_wrapper.cpp:123]   --->   Operation 153 'br' 'br_ln48' <Predicate = (empty_48 == 1)> <Delay = 0.00>
ST_2 : Operation 154 [1/1] (0.00ns)   --->   "%filter_mem_18_load_1 = load i8 %filter_mem_18" [./conv.h:48->top_wrapper.cpp:123]   --->   Operation 154 'load' 'filter_mem_18_load_1' <Predicate = (empty_48 == 0)> <Delay = 0.00>
ST_2 : Operation 155 [1/1] (0.00ns)   --->   "%filter_mem_19_load_1 = load i8 %filter_mem_19" [./conv.h:48->top_wrapper.cpp:123]   --->   Operation 155 'load' 'filter_mem_19_load_1' <Predicate = (empty_48 == 0)> <Delay = 0.00>
ST_2 : Operation 156 [1/1] (0.39ns)   --->   "%select_ln48_2 = select i1 %icmp_ln48, i8 %filter_mem_19_load_1, i8 %filter2conv_read" [./conv.h:48->top_wrapper.cpp:123]   --->   Operation 156 'select' 'select_ln48_2' <Predicate = (empty_48 == 0)> <Delay = 0.39> <CoreInst = "Sel">   --->   Core 73 'Sel' <Latency = 0> <II = 1> <Delay = 0.39> <FuncUnit> <Opcode : 'select'> <InPorts = 3> <OutPorts = 1>
ST_2 : Operation 157 [1/1] (0.39ns)   --->   "%select_ln48_3 = select i1 %icmp_ln48, i8 %filter2conv_read, i8 %filter_mem_18_load_1" [./conv.h:48->top_wrapper.cpp:123]   --->   Operation 157 'select' 'select_ln48_3' <Predicate = (empty_48 == 0)> <Delay = 0.39> <CoreInst = "Sel">   --->   Core 73 'Sel' <Latency = 0> <II = 1> <Delay = 0.39> <FuncUnit> <Opcode : 'select'> <InPorts = 3> <OutPorts = 1>
ST_2 : Operation 158 [1/1] (0.42ns)   --->   "%store_ln36 = store i8 %select_ln48_2, i8 %filter_mem_19" [./conv.h:36->top_wrapper.cpp:123]   --->   Operation 158 'store' 'store_ln36' <Predicate = (empty_48 == 0)> <Delay = 0.42>
ST_2 : Operation 159 [1/1] (0.42ns)   --->   "%store_ln36 = store i8 %select_ln48_3, i8 %filter_mem_18" [./conv.h:36->top_wrapper.cpp:123]   --->   Operation 159 'store' 'store_ln36' <Predicate = (empty_48 == 0)> <Delay = 0.42>
ST_2 : Operation 160 [1/1] (0.00ns)   --->   "%br_ln48 = br void %arrayidx357.exit.i" [./conv.h:48->top_wrapper.cpp:123]   --->   Operation 160 'br' 'br_ln48' <Predicate = (empty_48 == 0)> <Delay = 0.00>
ST_2 : Operation 161 [1/1] (0.00ns)   --->   "%filter_mem_34_load_1 = load i8 %filter_mem_34" [./conv.h:48->top_wrapper.cpp:123]   --->   Operation 161 'load' 'filter_mem_34_load_1' <Predicate = (empty_48 != 0 & empty_48 != 1 & empty_48 != 2 & empty_48 != 3 & empty_48 != 4 & empty_48 != 5 & empty_48 != 6 & empty_48 != 7)> <Delay = 0.00>
ST_2 : Operation 162 [1/1] (0.00ns)   --->   "%filter_mem_35_load_1 = load i8 %filter_mem_35" [./conv.h:48->top_wrapper.cpp:123]   --->   Operation 162 'load' 'filter_mem_35_load_1' <Predicate = (empty_48 != 0 & empty_48 != 1 & empty_48 != 2 & empty_48 != 3 & empty_48 != 4 & empty_48 != 5 & empty_48 != 6 & empty_48 != 7)> <Delay = 0.00>
ST_2 : Operation 163 [1/1] (0.39ns)   --->   "%select_ln48 = select i1 %icmp_ln48, i8 %filter_mem_35_load_1, i8 %filter2conv_read" [./conv.h:48->top_wrapper.cpp:123]   --->   Operation 163 'select' 'select_ln48' <Predicate = (empty_48 != 0 & empty_48 != 1 & empty_48 != 2 & empty_48 != 3 & empty_48 != 4 & empty_48 != 5 & empty_48 != 6 & empty_48 != 7)> <Delay = 0.39> <CoreInst = "Sel">   --->   Core 73 'Sel' <Latency = 0> <II = 1> <Delay = 0.39> <FuncUnit> <Opcode : 'select'> <InPorts = 3> <OutPorts = 1>
ST_2 : Operation 164 [1/1] (0.39ns)   --->   "%select_ln48_1 = select i1 %icmp_ln48, i8 %filter2conv_read, i8 %filter_mem_34_load_1" [./conv.h:48->top_wrapper.cpp:123]   --->   Operation 164 'select' 'select_ln48_1' <Predicate = (empty_48 != 0 & empty_48 != 1 & empty_48 != 2 & empty_48 != 3 & empty_48 != 4 & empty_48 != 5 & empty_48 != 6 & empty_48 != 7)> <Delay = 0.39> <CoreInst = "Sel">   --->   Core 73 'Sel' <Latency = 0> <II = 1> <Delay = 0.39> <FuncUnit> <Opcode : 'select'> <InPorts = 3> <OutPorts = 1>
ST_2 : Operation 165 [1/1] (0.42ns)   --->   "%store_ln36 = store i8 %select_ln48, i8 %filter_mem_35" [./conv.h:36->top_wrapper.cpp:123]   --->   Operation 165 'store' 'store_ln36' <Predicate = (empty_48 != 0 & empty_48 != 1 & empty_48 != 2 & empty_48 != 3 & empty_48 != 4 & empty_48 != 5 & empty_48 != 6 & empty_48 != 7)> <Delay = 0.42>
ST_2 : Operation 166 [1/1] (0.42ns)   --->   "%store_ln36 = store i8 %select_ln48_1, i8 %filter_mem_34" [./conv.h:36->top_wrapper.cpp:123]   --->   Operation 166 'store' 'store_ln36' <Predicate = (empty_48 != 0 & empty_48 != 1 & empty_48 != 2 & empty_48 != 3 & empty_48 != 4 & empty_48 != 5 & empty_48 != 6 & empty_48 != 7)> <Delay = 0.42>
ST_2 : Operation 167 [1/1] (0.00ns)   --->   "%br_ln48 = br void %arrayidx357.exit.i" [./conv.h:48->top_wrapper.cpp:123]   --->   Operation 167 'br' 'br_ln48' <Predicate = (empty_48 != 0 & empty_48 != 1 & empty_48 != 2 & empty_48 != 3 & empty_48 != 4 & empty_48 != 5 & empty_48 != 6 & empty_48 != 7)> <Delay = 0.00>
ST_2 : Operation 168 [1/1] (0.54ns)   --->   "%add_ln43 = add i2 %s_ich_mid2, i2 1" [./conv.h:43->top_wrapper.cpp:123]   --->   Operation 168 'add' 'add_ln43' <Predicate = true> <Delay = 0.54> <CoreInst = "Adder">   --->   Core 1 'Adder' <Latency = 0> <II = 1> <Delay = 0.54> <FuncUnit> <Opcode : 'add' 'sub'> <InPorts = 2> <OutPorts = 1>
ST_2 : Operation 169 [1/1] (0.42ns)   --->   "%store_ln41 = store i2 %select_ln41, i2 %s_fh" [./conv.h:41->top_wrapper.cpp:123]   --->   Operation 169 'store' 'store_ln41' <Predicate = true> <Delay = 0.42>
ST_2 : Operation 170 [1/1] (0.42ns)   --->   "%store_ln42 = store i2 %select_ln42, i2 %s_fw" [./conv.h:42->top_wrapper.cpp:123]   --->   Operation 170 'store' 'store_ln42' <Predicate = true> <Delay = 0.42>
ST_2 : Operation 171 [1/1] (0.42ns)   --->   "%store_ln47 = store i2 %add_ln43, i2 %idx_depth" [./conv.h:47->top_wrapper.cpp:123]   --->   Operation 171 'store' 'store_ln47' <Predicate = true> <Delay = 0.42>
ST_2 : Operation 172 [1/1] (0.00ns)   --->   "%br_ln43 = br void %VITIS_LOOP_44_4.i" [./conv.h:43->top_wrapper.cpp:123]   --->   Operation 172 'br' 'br_ln43' <Predicate = true> <Delay = 0.00>


============================================================
+ Verbose Summary: Timing violations
============================================================
Target clock period: 5.000ns, clock uncertainty: 1.350ns.

 <State 1>: 2.042ns
The critical path consists of the following:
	'store' operation 0 bit ('store_ln0') of constant 0 on local variable 'indvar_flatten' [100]  (0.427 ns)
	'load' operation 4 bit ('indvar_flatten_load', ./conv.h:42->top_wrapper.cpp:123) on local variable 'indvar_flatten' [105]  (0.000 ns)
	'add' operation 4 bit ('add_ln42_3', ./conv.h:42->top_wrapper.cpp:123) [210]  (0.797 ns)
	'select' operation 4 bit ('select_ln42_1', ./conv.h:42->top_wrapper.cpp:123) [211]  (0.391 ns)
	'store' operation 0 bit ('store_ln42', ./conv.h:42->top_wrapper.cpp:123) of variable 'select_ln42_1', ./conv.h:42->top_wrapper.cpp:123 on local variable 'indvar_flatten' [214]  (0.427 ns)

 <State 2>: 2.707ns
The critical path consists of the following:
	'load' operation 2 bit ('idx_depth_load', ./conv.h:43->top_wrapper.cpp:123) on local variable 'idx_depth', ./conv.h:47->top_wrapper.cpp:123 [111]  (0.000 ns)
	'icmp' operation 1 bit ('icmp_ln43', ./conv.h:43->top_wrapper.cpp:123) [120]  (0.548 ns)
	'and' operation 1 bit ('and_ln36', ./conv.h:36->top_wrapper.cpp:123) [121]  (0.287 ns)
	'select' operation 2 bit ('select_ln42', ./conv.h:42->top_wrapper.cpp:123) [126]  (0.179 ns)
	'add' operation 4 bit ('empty_48', ./conv.h:41->top_wrapper.cpp:123) [131]  (0.469 ns)
	'store' operation 0 bit ('store_ln36', ./conv.h:36->top_wrapper.cpp:123) of variable 'select_ln48_16', ./conv.h:48->top_wrapper.cpp:123 on local variable 'filter_mem', ./conv.h:36->top_wrapper.cpp:123 [141]  (0.427 ns)
	blocking operation 0.797 ns on control path)


============================================================
+ Verbose Summary: Binding
============================================================
N/A
* FSMD analyzer results:
  - Output states:
 - Input state : 
  - Chain level:
	State 1
	State 2


============================================================
+ Verbose Summary: Datapath Resource usage 
============================================================
N/A
