

================================================================
== Vitis HLS Report for 'dataflow_in_loop_VITIS_LOOP_92_1_1_Loop_VITIS_LOOP_99_2_proc'
================================================================
* Date:           Tue May 27 16:09:39 2025

* Version:        2024.2 (Build 5238294 on Nov  8 2024)
* Project:        convolution
* Solution:       solution_0 (Vivado IP Flow Target)
* Product family: zynquplus
* Target device:  xck26-sfvc784-2LV-c


================================================================
== Performance Estimates
================================================================
+ Timing: 
    * Summary: 
    +--------+---------+----------+------------+
    |  Clock |  Target | Estimated| Uncertainty|
    +--------+---------+----------+------------+
    |ap_clk  |  5.00 ns|  3.650 ns|     1.35 ns|
    +--------+---------+----------+------------+

+ Latency: 
    * Summary: 
    +---------+---------+----------+----------+-----+-----+------------------------------------------------+
    |  Latency (cycles) |  Latency (absolute) |  Interval |                    Pipeline                    |
    |   min   |   max   |    min   |    max   | min | max |                      Type                      |
    +---------+---------+----------+----------+-----+-----+------------------------------------------------+
    |       47|       47|  0.235 us|  0.235 us|   36|   36|  loop auto-rewind stp (delay=0 clock cycles(s))|
    +---------+---------+----------+----------+-----+-----+------------------------------------------------+

    + Detail: 
        * Instance: 
        N/A

        * Loop: 
        +-------------------+---------+---------+----------+-----------+-----------+------+----------+
        |                   |  Latency (cycles) | Iteration|  Initiation Interval  | Trip |          |
        |     Loop Name     |   min   |   max   |  Latency |  achieved |   target  | Count| Pipelined|
        +-------------------+---------+---------+----------+-----------+-----------+------+----------+
        |- VITIS_LOOP_99_2  |       45|       45|        11|          1|          1|    36|       yes|
        +-------------------+---------+---------+----------+-----------+-----------+------+----------+

============================================================
+ Verbose Summary: Synthesis Manager
============================================================
InlineROM: 1
ExposeGlobal: 0
============================================================
+ Verbose Summary: CDFG Model
============================================================
IsTopModel: 0
ResetActiveHigh: 1
IsCombinational: 2
IsDatapathOnly: 0
HasWiredReturn: 1
HasMFsm: 2
HasVarLatency: 1
IsPipeline: 0
IsRtlPipelined: 0
IsInstanceOverlapped: 0
IsDontTouch: 0
HasImplIP: 0
IsGatedGlobalClock: 0

+ Individual pipeline summary: 
  * Pipeline-0: initiation interval (II) = 1, depth = 11


============================================================
+ Verbose Summary: Schedule
============================================================
* Number of FSM states : 11
* Pipeline : 1
  Pipeline-0 : II = 1, D = 11, States = { 1 2 3 4 5 6 7 8 9 10 11 }
* Dataflow Pipeline: 0

* FSM state transitions: 
1 --> 2 
2 --> 3 
3 --> 4 
4 --> 5 
5 --> 6 
6 --> 7 
7 --> 8 
8 --> 9 
9 --> 10 
10 --> 11 
11 --> 

* FSM state operations: 

State 1 <SV = 0> <Delay = 1.63>
ST_1 : Operation 14 [1/1] (0.00ns)   --->   "%i1 = alloca i32 1"   --->   Operation 14 'alloca' 'i1' <Predicate = true> <Delay = 0.00>
ST_1 : Operation 15 [1/1] (0.00ns)   --->   "%specinterface_ln0 = specinterface void @_ssdm_op_SpecInterface, i8 %filter2conv, void @empty_22, i32 0, i32 0, void @empty_20, i32 0, i32 0, void @empty_20, void @empty_20, void @empty_20, i32 0, i32 0, i32 0, i32 0, void @empty_20, void @empty_20, i32 4294967295, i32 0, i32 0"   --->   Operation 15 'specinterface' 'specinterface_ln0' <Predicate = true> <Delay = 0.00>
ST_1 : Operation 16 [1/1] (0.00ns)   --->   "%specinterface_ln0 = specinterface void @_ssdm_op_SpecInterface, i32 %gmem2, void @empty_21, i32 0, i32 0, void @empty_20, i32 0, i32 100, void @empty_19, void @empty_15, void @empty_20, i32 16, i32 16, i32 16, i32 16, void @empty_20, void @empty_20, i32 4294967295, i32 0, i32 0"   --->   Operation 16 'specinterface' 'specinterface_ln0' <Predicate = true> <Delay = 0.00>
ST_1 : Operation 17 [1/1] (0.00ns)   --->   "%filter_val1_read = read i64 @_ssdm_op_Read.ap_auto.i64, i64 %filter_val1" [top_wrapper.cpp:99->top_wrapper.cpp:99]   --->   Operation 17 'read' 'filter_val1_read' <Predicate = true> <Delay = 0.00>
ST_1 : Operation 18 [1/1] (0.42ns)   --->   "%store_ln0 = store i6 0, i6 %i1"   --->   Operation 18 'store' 'store_ln0' <Predicate = true> <Delay = 0.42>
ST_1 : Operation 19 [1/1] (0.42ns)   --->   "%br_ln99 = br void %new.header" [top_wrapper.cpp:99->top_wrapper.cpp:99]   --->   Operation 19 'br' 'br_ln99' <Predicate = true> <Delay = 0.42>
ST_1 : Operation 20 [1/1] (0.00ns)   --->   "%first_iter_0 = phi i1 1, void %newFuncRoot, i1 0, void %for.inc.i.split"   --->   Operation 20 'phi' 'first_iter_0' <Predicate = true> <Delay = 0.00>
ST_1 : Operation 21 [1/1] (0.00ns)   --->   "%br_ln99 = br i1 %first_iter_0, void %for.inc.i.split, void %for.first.iter.for.inc.i.split" [top_wrapper.cpp:99->top_wrapper.cpp:99]   --->   Operation 21 'br' 'br_ln99' <Predicate = true> <Delay = 0.00>
ST_1 : Operation 22 [1/1] (0.00ns)   --->   "%i1_load = load i6 %i1" [top_wrapper.cpp:99->top_wrapper.cpp:99]   --->   Operation 22 'load' 'i1_load' <Predicate = true> <Delay = 0.00>
ST_1 : Operation 23 [1/1] (0.78ns)   --->   "%i = add i6 %i1_load, i6 1" [top_wrapper.cpp:99->top_wrapper.cpp:99]   --->   Operation 23 'add' 'i' <Predicate = true> <Delay = 0.78> <CoreInst = "Adder">   --->   Core 1 'Adder' <Latency = 0> <II = 1> <Delay = 0.78> <FuncUnit> <Opcode : 'add' 'sub'> <InPorts = 2> <OutPorts = 1>
ST_1 : Operation 24 [1/1] (0.78ns)   --->   "%icmp_ln99 = icmp_eq  i6 %i1_load, i6 35" [top_wrapper.cpp:99->top_wrapper.cpp:99]   --->   Operation 24 'icmp' 'icmp_ln99' <Predicate = true> <Delay = 0.78> <CoreInst = "Cmp">   --->   Core 9 'Cmp' <Latency = 0> <II = 1> <Delay = 0.78> <FuncUnit> <Opcode : 'seteq' 'setne' 'setle' 'setge' 'setlt' 'setgt'> <InPorts = 2> <OutPorts = 1>
ST_1 : Operation 25 [1/1] (0.42ns)   --->   "%store_ln99 = store i6 %i, i6 %i1" [top_wrapper.cpp:99->top_wrapper.cpp:99]   --->   Operation 25 'store' 'store_ln99' <Predicate = true> <Delay = 0.42>
ST_1 : Operation 26 [1/1] (0.00ns)   --->   "%br_ln99 = br i1 %icmp_ln99, void %new.header, void %dataflow_in_loop_VITIS_LOOP_92_1.1_Loop_VITIS_LOOP_99_2_proc.1.exit" [top_wrapper.cpp:99->top_wrapper.cpp:99]   --->   Operation 26 'br' 'br_ln99' <Predicate = true> <Delay = 0.00>

State 2 <SV = 1> <Delay = 3.65>
ST_2 : Operation 27 [1/1] (0.00ns)   --->   "%trunc_ln = partselect i62 @_ssdm_op_PartSelect.i62.i64.i32.i32, i64 %filter_val1_read, i32 2, i32 63" [top_wrapper.cpp:99]   --->   Operation 27 'partselect' 'trunc_ln' <Predicate = true> <Delay = 0.00>
ST_2 : Operation 28 [1/1] (0.00ns)   --->   "%sext_ln99 = sext i62 %trunc_ln" [top_wrapper.cpp:99]   --->   Operation 28 'sext' 'sext_ln99' <Predicate = true> <Delay = 0.00>
ST_2 : Operation 29 [1/1] (0.00ns)   --->   "%gmem2_addr = getelementptr i32 %gmem2, i64 %sext_ln99" [top_wrapper.cpp:99]   --->   Operation 29 'getelementptr' 'gmem2_addr' <Predicate = true> <Delay = 0.00>
ST_2 : Operation 30 [8/8] (3.65ns)   --->   "%empty = readreq i1 @_ssdm_op_ReadReq.m_axi.p1i32, i32 %gmem2_addr, i64 36" [top_wrapper.cpp:99]   --->   Operation 30 'readreq' 'empty' <Predicate = (first_iter_0)> <Delay = 3.65> <CoreInst = "m_axi">   --->   Core 119 'm_axi' <Latency = 6> <II = 1> <Delay = 1.00> <Adapter> <Opcode : 'read' 'write' 'readreq' 'writereq' 'writeresp'>

State 3 <SV = 2> <Delay = 3.65>
ST_3 : Operation 31 [7/8] (3.65ns)   --->   "%empty = readreq i1 @_ssdm_op_ReadReq.m_axi.p1i32, i32 %gmem2_addr, i64 36" [top_wrapper.cpp:99]   --->   Operation 31 'readreq' 'empty' <Predicate = (first_iter_0)> <Delay = 3.65> <CoreInst = "m_axi">   --->   Core 119 'm_axi' <Latency = 6> <II = 1> <Delay = 1.00> <Adapter> <Opcode : 'read' 'write' 'readreq' 'writereq' 'writeresp'>

State 4 <SV = 3> <Delay = 3.65>
ST_4 : Operation 32 [6/8] (3.65ns)   --->   "%empty = readreq i1 @_ssdm_op_ReadReq.m_axi.p1i32, i32 %gmem2_addr, i64 36" [top_wrapper.cpp:99]   --->   Operation 32 'readreq' 'empty' <Predicate = (first_iter_0)> <Delay = 3.65> <CoreInst = "m_axi">   --->   Core 119 'm_axi' <Latency = 6> <II = 1> <Delay = 1.00> <Adapter> <Opcode : 'read' 'write' 'readreq' 'writereq' 'writeresp'>

State 5 <SV = 4> <Delay = 3.65>
ST_5 : Operation 33 [5/8] (3.65ns)   --->   "%empty = readreq i1 @_ssdm_op_ReadReq.m_axi.p1i32, i32 %gmem2_addr, i64 36" [top_wrapper.cpp:99]   --->   Operation 33 'readreq' 'empty' <Predicate = (first_iter_0)> <Delay = 3.65> <CoreInst = "m_axi">   --->   Core 119 'm_axi' <Latency = 6> <II = 1> <Delay = 1.00> <Adapter> <Opcode : 'read' 'write' 'readreq' 'writereq' 'writeresp'>

State 6 <SV = 5> <Delay = 3.65>
ST_6 : Operation 34 [4/8] (3.65ns)   --->   "%empty = readreq i1 @_ssdm_op_ReadReq.m_axi.p1i32, i32 %gmem2_addr, i64 36" [top_wrapper.cpp:99]   --->   Operation 34 'readreq' 'empty' <Predicate = (first_iter_0)> <Delay = 3.65> <CoreInst = "m_axi">   --->   Core 119 'm_axi' <Latency = 6> <II = 1> <Delay = 1.00> <Adapter> <Opcode : 'read' 'write' 'readreq' 'writereq' 'writeresp'>

State 7 <SV = 6> <Delay = 3.65>
ST_7 : Operation 35 [3/8] (3.65ns)   --->   "%empty = readreq i1 @_ssdm_op_ReadReq.m_axi.p1i32, i32 %gmem2_addr, i64 36" [top_wrapper.cpp:99]   --->   Operation 35 'readreq' 'empty' <Predicate = (first_iter_0)> <Delay = 3.65> <CoreInst = "m_axi">   --->   Core 119 'm_axi' <Latency = 6> <II = 1> <Delay = 1.00> <Adapter> <Opcode : 'read' 'write' 'readreq' 'writereq' 'writeresp'>

State 8 <SV = 7> <Delay = 3.65>
ST_8 : Operation 36 [2/8] (3.65ns)   --->   "%empty = readreq i1 @_ssdm_op_ReadReq.m_axi.p1i32, i32 %gmem2_addr, i64 36" [top_wrapper.cpp:99]   --->   Operation 36 'readreq' 'empty' <Predicate = (first_iter_0)> <Delay = 3.65> <CoreInst = "m_axi">   --->   Core 119 'm_axi' <Latency = 6> <II = 1> <Delay = 1.00> <Adapter> <Opcode : 'read' 'write' 'readreq' 'writereq' 'writeresp'>

State 9 <SV = 8> <Delay = 3.65>
ST_9 : Operation 37 [1/8] (3.65ns)   --->   "%empty = readreq i1 @_ssdm_op_ReadReq.m_axi.p1i32, i32 %gmem2_addr, i64 36" [top_wrapper.cpp:99]   --->   Operation 37 'readreq' 'empty' <Predicate = (first_iter_0)> <Delay = 3.65> <CoreInst = "m_axi">   --->   Core 119 'm_axi' <Latency = 6> <II = 1> <Delay = 1.00> <Adapter> <Opcode : 'read' 'write' 'readreq' 'writereq' 'writeresp'>
ST_9 : Operation 38 [1/1] (0.00ns)   --->   "%br_ln99 = br void %for.inc.i.split" [top_wrapper.cpp:99->top_wrapper.cpp:99]   --->   Operation 38 'br' 'br_ln99' <Predicate = (first_iter_0)> <Delay = 0.00>

State 10 <SV = 9> <Delay = 3.65>
ST_10 : Operation 39 [1/1] (3.65ns)   --->   "%gmem2_addr_read = read i32 @_ssdm_op_Read.m_axi.p1i32, i32 %gmem2_addr" [top_wrapper.cpp:101->top_wrapper.cpp:99]   --->   Operation 39 'read' 'gmem2_addr_read' <Predicate = true> <Delay = 3.65> <CoreInst = "m_axi">   --->   Core 119 'm_axi' <Latency = 3> <II = 1> <Delay = 1.00> <Adapter> <Opcode : 'read' 'write' 'readreq' 'writereq' 'writeresp'>
ST_10 : Operation 40 [1/1] (0.00ns)   --->   "%trunc_ln101 = trunc i32 %gmem2_addr_read" [top_wrapper.cpp:101->top_wrapper.cpp:99]   --->   Operation 40 'trunc' 'trunc_ln101' <Predicate = true> <Delay = 0.00>

State 11 <SV = 10> <Delay = 1.82>
ST_11 : Operation 41 [1/1] (0.00ns)   --->   "%specpipeline_ln100 = specpipeline void @_ssdm_op_SpecPipeline, i32 1, i32 0, i32 0, i32 0, void @empty_20" [top_wrapper.cpp:100->top_wrapper.cpp:99]   --->   Operation 41 'specpipeline' 'specpipeline_ln100' <Predicate = true> <Delay = 0.00>
ST_11 : Operation 42 [1/1] (0.00ns)   --->   "%speclooptripcount_ln99 = speclooptripcount void @_ssdm_op_SpecLoopTripCount, i64 36, i64 36, i64 36" [top_wrapper.cpp:99->top_wrapper.cpp:99]   --->   Operation 42 'speclooptripcount' 'speclooptripcount_ln99' <Predicate = true> <Delay = 0.00>
ST_11 : Operation 43 [1/1] (0.00ns)   --->   "%specloopname_ln99 = specloopname void @_ssdm_op_SpecLoopName, void @empty_11" [top_wrapper.cpp:99->top_wrapper.cpp:99]   --->   Operation 43 'specloopname' 'specloopname_ln99' <Predicate = true> <Delay = 0.00>
ST_11 : Operation 44 [1/1] ( I:1.82ns O:1.82ns )   --->   "%write_ln101 = write void @_ssdm_op_Write.ap_fifo.volatile.i8P0A, i8 %filter2conv, i8 %trunc_ln101" [top_wrapper.cpp:101->top_wrapper.cpp:99]   --->   Operation 44 'write' 'write_ln101' <Predicate = true> <Delay = 1.82> <CoreInst = "FIFO_SRL">   --->   Core 80 'FIFO_SRL' <Latency = 0> <II = 1> <Delay = 2.50> <Storage> <Opcode : 'read' 'write' 'nbread' 'nbwrite'> <Ports = 0> <Width = 8> <Depth = 100> <FIFO>
ST_11 : Operation 45 [1/1] (0.42ns)   --->   "%ret_ln0 = ret"   --->   Operation 45 'ret' 'ret_ln0' <Predicate = (icmp_ln99)> <Delay = 0.42>


============================================================
+ Verbose Summary: Timing violations
============================================================
Target clock period: 5.000ns, clock uncertainty: 1.350ns.

 <State 1>: 1.635ns
The critical path consists of the following:
	'store' operation 0 bit ('store_ln0') of constant 0 on local variable 'i1' [8]  (0.427 ns)
	'load' operation 6 bit ('i1_load', top_wrapper.cpp:99->top_wrapper.cpp:99) on local variable 'i1' [20]  (0.000 ns)
	'add' operation 6 bit ('i', top_wrapper.cpp:99->top_wrapper.cpp:99) [27]  (0.781 ns)
	'store' operation 0 bit ('store_ln99', top_wrapper.cpp:99->top_wrapper.cpp:99) of variable 'i', top_wrapper.cpp:99->top_wrapper.cpp:99 on local variable 'i1' [29]  (0.427 ns)

 <State 2>: 3.650ns
The critical path consists of the following:
	'getelementptr' operation 32 bit ('gmem2_addr', top_wrapper.cpp:99) [14]  (0.000 ns)
	bus request operation ('empty', top_wrapper.cpp:99) on port 'gmem2' (top_wrapper.cpp:99) [17]  (3.650 ns)

 <State 3>: 3.650ns
The critical path consists of the following:
	bus request operation ('empty', top_wrapper.cpp:99) on port 'gmem2' (top_wrapper.cpp:99) [17]  (3.650 ns)

 <State 4>: 3.650ns
The critical path consists of the following:
	bus request operation ('empty', top_wrapper.cpp:99) on port 'gmem2' (top_wrapper.cpp:99) [17]  (3.650 ns)

 <State 5>: 3.650ns
The critical path consists of the following:
	bus request operation ('empty', top_wrapper.cpp:99) on port 'gmem2' (top_wrapper.cpp:99) [17]  (3.650 ns)

 <State 6>: 3.650ns
The critical path consists of the following:
	bus request operation ('empty', top_wrapper.cpp:99) on port 'gmem2' (top_wrapper.cpp:99) [17]  (3.650 ns)

 <State 7>: 3.650ns
The critical path consists of the following:
	bus request operation ('empty', top_wrapper.cpp:99) on port 'gmem2' (top_wrapper.cpp:99) [17]  (3.650 ns)

 <State 8>: 3.650ns
The critical path consists of the following:
	bus request operation ('empty', top_wrapper.cpp:99) on port 'gmem2' (top_wrapper.cpp:99) [17]  (3.650 ns)

 <State 9>: 3.650ns
The critical path consists of the following:
	bus request operation ('empty', top_wrapper.cpp:99) on port 'gmem2' (top_wrapper.cpp:99) [17]  (3.650 ns)

 <State 10>: 3.650ns
The critical path consists of the following:
	bus read operation ('gmem2_addr_read', top_wrapper.cpp:101->top_wrapper.cpp:99) on port 'gmem2' (top_wrapper.cpp:101->top_wrapper.cpp:99) [24]  (3.650 ns)

 <State 11>: 1.825ns
The critical path consists of the following:
	fifo write operation ('write_ln101', top_wrapper.cpp:101->top_wrapper.cpp:99) on port 'filter2conv' (top_wrapper.cpp:101->top_wrapper.cpp:99) [26]  (1.825 ns)


============================================================
+ Verbose Summary: Binding
============================================================
N/A
* FSMD analyzer results:
  - Output states:
 - Input state : 
  - Chain level:
	State 1
	State 2
	State 3
	State 4
	State 5
	State 6
	State 7
	State 8
	State 9
	State 10
	State 11


============================================================
+ Verbose Summary: Datapath Resource usage 
============================================================
N/A
