

================================================================
== Vitis HLS Report for 'out_conv2mem_Pipeline_VITIS_LOOP_41_4'
================================================================
* Date:           Tue May 27 16:09:48 2025

* Version:        2024.2 (Build 5238294 on Nov  8 2024)
* Project:        convolution
* Solution:       solution_0 (Vivado IP Flow Target)
* Product family: zynquplus
* Target device:  xck26-sfvc784-2LV-c


================================================================
== Performance Estimates
================================================================
+ Timing: 
    * Summary: 
    +--------+---------+----------+------------+
    |  Clock |  Target | Estimated| Uncertainty|
    +--------+---------+----------+------------+
    |ap_clk  |  5.00 ns|  3.650 ns|     1.35 ns|
    +--------+---------+----------+------------+

+ Latency: 
    * Summary: 
    +---------+---------+----------+----------+-----+-----+------------------------------------------------+
    |  Latency (cycles) |  Latency (absolute) |  Interval |                    Pipeline                    |
    |   min   |   max   |    min   |    max   | min | max |                      Type                      |
    +---------+---------+----------+----------+-----+-----+------------------------------------------------+
    |        ?|        ?|         ?|         ?|    0|    0|  loop auto-rewind stp (delay=0 clock cycles(s))|
    +---------+---------+----------+----------+-----+-----+------------------------------------------------+

    + Detail: 
        * Instance: 
        N/A

        * Loop: 
        +-------------------+---------+---------+----------+-----------+-----------+------+----------+
        |                   |  Latency (cycles) | Iteration|  Initiation Interval  | Trip |          |
        |     Loop Name     |   min   |   max   |  Latency |  achieved |   target  | Count| Pipelined|
        +-------------------+---------+---------+----------+-----------+-----------+------+----------+
        |- VITIS_LOOP_41_4  |        ?|        ?|        10|          2|          1|     ?|       yes|
        +-------------------+---------+---------+----------+-----------+-----------+------+----------+

============================================================
+ Verbose Summary: Synthesis Manager
============================================================
InlineROM: 1
ExposeGlobal: 0
============================================================
+ Verbose Summary: CDFG Model
============================================================
IsTopModel: 0
ResetActiveHigh: 1
IsCombinational: 0
IsDatapathOnly: 0
HasWiredReturn: 1
HasMFsm: 2
HasVarLatency: 1
IsPipeline: 0
IsRtlPipelined: 0
IsInstanceOverlapped: 0
IsDontTouch: 0
HasImplIP: 0
IsGatedGlobalClock: 0

+ Individual pipeline summary: 
  * Pipeline-0: initiation interval (II) = 2, depth = 10


============================================================
+ Verbose Summary: Schedule
============================================================
* Number of FSM states : 10
* Pipeline : 1
  Pipeline-0 : II = 2, D = 10, States = { 1 2 3 4 5 6 7 8 9 10 }
* Dataflow Pipeline: 0

* FSM state transitions: 
1 --> 2 
2 --> 3 
3 --> 4 
4 --> 5 
5 --> 6 
6 --> 7 
7 --> 8 
8 --> 9 
9 --> 10 
10 --> 

* FSM state operations: 

State 1 <SV = 0> <Delay = 3.50>
ST_1 : Operation 13 [1/1] (0.00ns)   --->   "%s_fw = alloca i32 1" [top_wrapper.cpp:41->top_wrapper.cpp:129]   --->   Operation 13 'alloca' 's_fw' <Predicate = true> <Delay = 0.00>
ST_1 : Operation 14 [1/1] (0.00ns)   --->   "%s_iw_read = read i4 @_ssdm_op_Read.ap_auto.i4, i4 %s_iw"   --->   Operation 14 'read' 's_iw_read' <Predicate = true> <Delay = 0.00>
ST_1 : Operation 15 [1/1] (0.00ns)   --->   "%tmp_48_i_read = read i32 @_ssdm_op_Read.ap_auto.i32, i32 %tmp_48_i"   --->   Operation 15 'read' 'tmp_48_i_read' <Predicate = true> <Delay = 0.00>
ST_1 : Operation 16 [1/1] (0.00ns)   --->   "%tmp_47_i_read = read i32 @_ssdm_op_Read.ap_auto.i32, i32 %tmp_47_i"   --->   Operation 16 'read' 'tmp_47_i_read' <Predicate = true> <Delay = 0.00>
ST_1 : Operation 17 [1/1] (0.00ns)   --->   "%tmp_46_i_read = read i32 @_ssdm_op_Read.ap_auto.i32, i32 %tmp_46_i"   --->   Operation 17 'read' 'tmp_46_i_read' <Predicate = true> <Delay = 0.00>
ST_1 : Operation 18 [1/1] (0.00ns)   --->   "%tmp_45_i_read = read i32 @_ssdm_op_Read.ap_auto.i32, i32 %tmp_45_i"   --->   Operation 18 'read' 'tmp_45_i_read' <Predicate = true> <Delay = 0.00>
ST_1 : Operation 19 [1/1] (0.00ns)   --->   "%tmp_44_i_read = read i32 @_ssdm_op_Read.ap_auto.i32, i32 %tmp_44_i"   --->   Operation 19 'read' 'tmp_44_i_read' <Predicate = true> <Delay = 0.00>
ST_1 : Operation 20 [1/1] (0.00ns)   --->   "%tmp_43_i_read = read i32 @_ssdm_op_Read.ap_auto.i32, i32 %tmp_43_i"   --->   Operation 20 'read' 'tmp_43_i_read' <Predicate = true> <Delay = 0.00>
ST_1 : Operation 21 [1/1] (0.00ns)   --->   "%tmp_42_i_read = read i32 @_ssdm_op_Read.ap_auto.i32, i32 %tmp_42_i"   --->   Operation 21 'read' 'tmp_42_i_read' <Predicate = true> <Delay = 0.00>
ST_1 : Operation 22 [1/1] (0.00ns)   --->   "%tmp_41_i_read = read i32 @_ssdm_op_Read.ap_auto.i32, i32 %tmp_41_i"   --->   Operation 22 'read' 'tmp_41_i_read' <Predicate = true> <Delay = 0.00>
ST_1 : Operation 23 [1/1] (0.00ns)   --->   "%tmp_40_i_read = read i32 @_ssdm_op_Read.ap_auto.i32, i32 %tmp_40_i"   --->   Operation 23 'read' 'tmp_40_i_read' <Predicate = true> <Delay = 0.00>
ST_1 : Operation 24 [1/1] (0.00ns)   --->   "%tmp_39_i_read = read i32 @_ssdm_op_Read.ap_auto.i32, i32 %tmp_39_i"   --->   Operation 24 'read' 'tmp_39_i_read' <Predicate = true> <Delay = 0.00>
ST_1 : Operation 25 [1/1] (0.00ns)   --->   "%tmp_38_i_read = read i32 @_ssdm_op_Read.ap_auto.i32, i32 %tmp_38_i"   --->   Operation 25 'read' 'tmp_38_i_read' <Predicate = true> <Delay = 0.00>
ST_1 : Operation 26 [1/1] (0.00ns)   --->   "%tmp_37_i_read = read i32 @_ssdm_op_Read.ap_auto.i32, i32 %tmp_37_i"   --->   Operation 26 'read' 'tmp_37_i_read' <Predicate = true> <Delay = 0.00>
ST_1 : Operation 27 [1/1] (0.00ns)   --->   "%tmp_36_i_read = read i32 @_ssdm_op_Read.ap_auto.i32, i32 %tmp_36_i"   --->   Operation 27 'read' 'tmp_36_i_read' <Predicate = true> <Delay = 0.00>
ST_1 : Operation 28 [1/1] (0.00ns)   --->   "%tmp_35_i_read = read i32 @_ssdm_op_Read.ap_auto.i32, i32 %tmp_35_i"   --->   Operation 28 'read' 'tmp_35_i_read' <Predicate = true> <Delay = 0.00>
ST_1 : Operation 29 [1/1] (0.00ns)   --->   "%tmp_34_i_read = read i32 @_ssdm_op_Read.ap_auto.i32, i32 %tmp_34_i"   --->   Operation 29 'read' 'tmp_34_i_read' <Predicate = true> <Delay = 0.00>
ST_1 : Operation 30 [1/1] (0.00ns)   --->   "%tmp_33_i_read = read i32 @_ssdm_op_Read.ap_auto.i32, i32 %tmp_33_i"   --->   Operation 30 'read' 'tmp_33_i_read' <Predicate = true> <Delay = 0.00>
ST_1 : Operation 31 [1/1] (0.00ns)   --->   "%tmp_32_i_read = read i32 @_ssdm_op_Read.ap_auto.i32, i32 %tmp_32_i"   --->   Operation 31 'read' 'tmp_32_i_read' <Predicate = true> <Delay = 0.00>
ST_1 : Operation 32 [1/1] (0.00ns)   --->   "%tmp_31_i_read = read i32 @_ssdm_op_Read.ap_auto.i32, i32 %tmp_31_i"   --->   Operation 32 'read' 'tmp_31_i_read' <Predicate = true> <Delay = 0.00>
ST_1 : Operation 33 [1/1] (0.00ns)   --->   "%tmp_30_i_read = read i32 @_ssdm_op_Read.ap_auto.i32, i32 %tmp_30_i"   --->   Operation 33 'read' 'tmp_30_i_read' <Predicate = true> <Delay = 0.00>
ST_1 : Operation 34 [1/1] (0.00ns)   --->   "%tmp_29_i_read = read i32 @_ssdm_op_Read.ap_auto.i32, i32 %tmp_29_i"   --->   Operation 34 'read' 'tmp_29_i_read' <Predicate = true> <Delay = 0.00>
ST_1 : Operation 35 [1/1] (0.00ns)   --->   "%tmp_28_i_read = read i32 @_ssdm_op_Read.ap_auto.i32, i32 %tmp_28_i"   --->   Operation 35 'read' 'tmp_28_i_read' <Predicate = true> <Delay = 0.00>
ST_1 : Operation 36 [1/1] (0.00ns)   --->   "%tmp_27_i_read = read i32 @_ssdm_op_Read.ap_auto.i32, i32 %tmp_27_i"   --->   Operation 36 'read' 'tmp_27_i_read' <Predicate = true> <Delay = 0.00>
ST_1 : Operation 37 [1/1] (0.00ns)   --->   "%tmp_26_i_read = read i32 @_ssdm_op_Read.ap_auto.i32, i32 %tmp_26_i"   --->   Operation 37 'read' 'tmp_26_i_read' <Predicate = true> <Delay = 0.00>
ST_1 : Operation 38 [1/1] (0.00ns)   --->   "%tmp_25_i_read = read i32 @_ssdm_op_Read.ap_auto.i32, i32 %tmp_25_i"   --->   Operation 38 'read' 'tmp_25_i_read' <Predicate = true> <Delay = 0.00>
ST_1 : Operation 39 [1/1] (0.00ns)   --->   "%tmp_24_i_read = read i32 @_ssdm_op_Read.ap_auto.i32, i32 %tmp_24_i"   --->   Operation 39 'read' 'tmp_24_i_read' <Predicate = true> <Delay = 0.00>
ST_1 : Operation 40 [1/1] (0.00ns)   --->   "%tmp_23_i_read = read i32 @_ssdm_op_Read.ap_auto.i32, i32 %tmp_23_i"   --->   Operation 40 'read' 'tmp_23_i_read' <Predicate = true> <Delay = 0.00>
ST_1 : Operation 41 [1/1] (0.00ns)   --->   "%tmp_22_i_read = read i32 @_ssdm_op_Read.ap_auto.i32, i32 %tmp_22_i"   --->   Operation 41 'read' 'tmp_22_i_read' <Predicate = true> <Delay = 0.00>
ST_1 : Operation 42 [1/1] (0.00ns)   --->   "%tmp_21_i_read = read i32 @_ssdm_op_Read.ap_auto.i32, i32 %tmp_21_i"   --->   Operation 42 'read' 'tmp_21_i_read' <Predicate = true> <Delay = 0.00>
ST_1 : Operation 43 [1/1] (0.00ns)   --->   "%tmp_20_i_read = read i32 @_ssdm_op_Read.ap_auto.i32, i32 %tmp_20_i"   --->   Operation 43 'read' 'tmp_20_i_read' <Predicate = true> <Delay = 0.00>
ST_1 : Operation 44 [1/1] (0.00ns)   --->   "%tmp_19_i_read = read i32 @_ssdm_op_Read.ap_auto.i32, i32 %tmp_19_i"   --->   Operation 44 'read' 'tmp_19_i_read' <Predicate = true> <Delay = 0.00>
ST_1 : Operation 45 [1/1] (0.00ns)   --->   "%tmp_18_i_read = read i32 @_ssdm_op_Read.ap_auto.i32, i32 %tmp_18_i"   --->   Operation 45 'read' 'tmp_18_i_read' <Predicate = true> <Delay = 0.00>
ST_1 : Operation 46 [1/1] (0.00ns)   --->   "%tmp_17_i_read = read i32 @_ssdm_op_Read.ap_auto.i32, i32 %tmp_17_i"   --->   Operation 46 'read' 'tmp_17_i_read' <Predicate = true> <Delay = 0.00>
ST_1 : Operation 47 [1/1] (0.00ns)   --->   "%tmp_16_i_read = read i32 @_ssdm_op_Read.ap_auto.i32, i32 %tmp_16_i"   --->   Operation 47 'read' 'tmp_16_i_read' <Predicate = true> <Delay = 0.00>
ST_1 : Operation 48 [1/1] (0.00ns)   --->   "%tmp_15_i_read = read i32 @_ssdm_op_Read.ap_auto.i32, i32 %tmp_15_i"   --->   Operation 48 'read' 'tmp_15_i_read' <Predicate = true> <Delay = 0.00>
ST_1 : Operation 49 [1/1] (0.00ns)   --->   "%tmp_14_i_read = read i32 @_ssdm_op_Read.ap_auto.i32, i32 %tmp_14_i"   --->   Operation 49 'read' 'tmp_14_i_read' <Predicate = true> <Delay = 0.00>
ST_1 : Operation 50 [1/1] (0.00ns)   --->   "%tmp_13_i_read = read i32 @_ssdm_op_Read.ap_auto.i32, i32 %tmp_13_i"   --->   Operation 50 'read' 'tmp_13_i_read' <Predicate = true> <Delay = 0.00>
ST_1 : Operation 51 [1/1] (0.00ns)   --->   "%tmp_12_i_read = read i32 @_ssdm_op_Read.ap_auto.i32, i32 %tmp_12_i"   --->   Operation 51 'read' 'tmp_12_i_read' <Predicate = true> <Delay = 0.00>
ST_1 : Operation 52 [1/1] (0.00ns)   --->   "%tmp_11_i_read = read i32 @_ssdm_op_Read.ap_auto.i32, i32 %tmp_11_i"   --->   Operation 52 'read' 'tmp_11_i_read' <Predicate = true> <Delay = 0.00>
ST_1 : Operation 53 [1/1] (0.00ns)   --->   "%tmp_10_i_read = read i32 @_ssdm_op_Read.ap_auto.i32, i32 %tmp_10_i"   --->   Operation 53 'read' 'tmp_10_i_read' <Predicate = true> <Delay = 0.00>
ST_1 : Operation 54 [1/1] (0.00ns)   --->   "%tmp_i_read = read i32 @_ssdm_op_Read.ap_auto.i32, i32 %tmp_i"   --->   Operation 54 'read' 'tmp_i_read' <Predicate = true> <Delay = 0.00>
ST_1 : Operation 55 [1/1] (0.00ns)   --->   "%tmp_9_i_read = read i32 @_ssdm_op_Read.ap_auto.i32, i32 %tmp_9_i"   --->   Operation 55 'read' 'tmp_9_i_read' <Predicate = true> <Delay = 0.00>
ST_1 : Operation 56 [1/1] (0.00ns)   --->   "%tmp_8_i_read = read i32 @_ssdm_op_Read.ap_auto.i32, i32 %tmp_8_i"   --->   Operation 56 'read' 'tmp_8_i_read' <Predicate = true> <Delay = 0.00>
ST_1 : Operation 57 [1/1] (0.00ns)   --->   "%tmp_7_i_read = read i32 @_ssdm_op_Read.ap_auto.i32, i32 %tmp_7_i"   --->   Operation 57 'read' 'tmp_7_i_read' <Predicate = true> <Delay = 0.00>
ST_1 : Operation 58 [1/1] (0.00ns)   --->   "%tmp_6_i_read = read i32 @_ssdm_op_Read.ap_auto.i32, i32 %tmp_6_i"   --->   Operation 58 'read' 'tmp_6_i_read' <Predicate = true> <Delay = 0.00>
ST_1 : Operation 59 [1/1] (0.00ns)   --->   "%tmp_5_i_read = read i32 @_ssdm_op_Read.ap_auto.i32, i32 %tmp_5_i"   --->   Operation 59 'read' 'tmp_5_i_read' <Predicate = true> <Delay = 0.00>
ST_1 : Operation 60 [1/1] (0.00ns)   --->   "%tmp_4_i_read = read i32 @_ssdm_op_Read.ap_auto.i32, i32 %tmp_4_i"   --->   Operation 60 'read' 'tmp_4_i_read' <Predicate = true> <Delay = 0.00>
ST_1 : Operation 61 [1/1] (0.00ns)   --->   "%tmp_3_i_read = read i32 @_ssdm_op_Read.ap_auto.i32, i32 %tmp_3_i"   --->   Operation 61 'read' 'tmp_3_i_read' <Predicate = true> <Delay = 0.00>
ST_1 : Operation 62 [1/1] (0.00ns)   --->   "%tmp_2_i_read = read i32 @_ssdm_op_Read.ap_auto.i32, i32 %tmp_2_i"   --->   Operation 62 'read' 'tmp_2_i_read' <Predicate = true> <Delay = 0.00>
ST_1 : Operation 63 [1/1] (0.00ns)   --->   "%tmp_1_i_read = read i32 @_ssdm_op_Read.ap_auto.i32, i32 %tmp_1_i"   --->   Operation 63 'read' 'tmp_1_i_read' <Predicate = true> <Delay = 0.00>
ST_1 : Operation 64 [1/1] (0.00ns)   --->   "%tmp_i_read_40 = read i32 @_ssdm_op_Read.ap_auto.i32, i32 %tmp_i_23"   --->   Operation 64 'read' 'tmp_i_read_40' <Predicate = true> <Delay = 0.00>
ST_1 : Operation 65 [1/1] (0.00ns)   --->   "%memory_load_read = read i64 @_ssdm_op_Read.ap_auto.i64, i64 %memory_load"   --->   Operation 65 'read' 'memory_load_read' <Predicate = true> <Delay = 0.00>
ST_1 : Operation 66 [1/1] (0.00ns)   --->   "%p_cast_i_read = read i13 @_ssdm_op_Read.ap_auto.i13, i13 %p_cast_i"   --->   Operation 66 'read' 'p_cast_i_read' <Predicate = true> <Delay = 0.00>
ST_1 : Operation 67 [1/1] (0.00ns)   --->   "%mul_ln40_read = read i37 @_ssdm_op_Read.ap_auto.i37, i37 %mul_ln40"   --->   Operation 67 'read' 'mul_ln40_read' <Predicate = true> <Delay = 0.00>
ST_1 : Operation 68 [1/1] (0.00ns)   --->   "%cmp31_i_read = read i1 @_ssdm_op_Read.ap_auto.i1, i1 %cmp31_i"   --->   Operation 68 'read' 'cmp31_i_read' <Predicate = true> <Delay = 0.00>
ST_1 : Operation 69 [1/1] (0.00ns)   --->   "%zext_ln40_read = read i4 @_ssdm_op_Read.ap_auto.i4, i4 %zext_ln40"   --->   Operation 69 'read' 'zext_ln40_read' <Predicate = true> <Delay = 0.00>
ST_1 : Operation 70 [1/1] (0.00ns)   --->   "%mul_i_read = read i5 @_ssdm_op_Read.ap_auto.i5, i5 %mul_i"   --->   Operation 70 'read' 'mul_i_read' <Predicate = true> <Delay = 0.00>
ST_1 : Operation 71 [1/1] (0.00ns)   --->   "%zext_ln40_cast = zext i4 %zext_ln40_read"   --->   Operation 71 'zext' 'zext_ln40_cast' <Predicate = true> <Delay = 0.00>
ST_1 : Operation 72 [1/1] (0.00ns)   --->   "%p_cast_i_cast = zext i13 %p_cast_i_read"   --->   Operation 72 'zext' 'p_cast_i_cast' <Predicate = true> <Delay = 0.00>
ST_1 : Operation 73 [1/1] (0.00ns)   --->   "%specinterface_ln0 = specinterface void @_ssdm_op_SpecInterface, i64 %gmem1, void @empty_21, i32 0, i32 0, void @empty_20, i32 0, i32 0, void @empty_18, void @empty_15, void @empty_20, i32 16, i32 16, i32 16, i32 16, void @empty_20, void @empty_20, i32 4294967295, i32 0, i32 0"   --->   Operation 73 'specinterface' 'specinterface_ln0' <Predicate = true> <Delay = 0.00>
ST_1 : Operation 74 [1/1] (0.79ns)   --->   "%cmp46_i = icmp_ugt  i4 %s_iw_read, i4 5"   --->   Operation 74 'icmp' 'cmp46_i' <Predicate = true> <Delay = 0.79> <CoreInst = "Cmp">   --->   Core 9 'Cmp' <Latency = 0> <II = 1> <Delay = 0.79> <FuncUnit> <Opcode : 'seteq' 'setne' 'setle' 'setge' 'setlt' 'setgt'> <InPorts = 2> <OutPorts = 1>
ST_1 : Operation 75 [1/1] (0.42ns)   --->   "%store_ln41 = store i32 0, i32 %s_fw" [top_wrapper.cpp:41->top_wrapper.cpp:129]   --->   Operation 75 'store' 'store_ln41' <Predicate = true> <Delay = 0.42>
ST_1 : Operation 76 [1/1] (0.00ns)   --->   "%br_ln41 = br void %for.cond9.i" [top_wrapper.cpp:41->top_wrapper.cpp:129]   --->   Operation 76 'br' 'br_ln41' <Predicate = true> <Delay = 0.00>
ST_1 : Operation 77 [1/1] (0.00ns)   --->   "%s_fw_4 = load i32 %s_fw" [top_wrapper.cpp:41->top_wrapper.cpp:129]   --->   Operation 77 'load' 's_fw_4' <Predicate = true> <Delay = 0.00>
ST_1 : Operation 78 [1/1] (1.01ns)   --->   "%icmp_ln41 = icmp_slt  i32 %s_fw_4, i32 5" [top_wrapper.cpp:41->top_wrapper.cpp:129]   --->   Operation 78 'icmp' 'icmp_ln41' <Predicate = true> <Delay = 1.01> <CoreInst = "Cmp">   --->   Core 9 'Cmp' <Latency = 0> <II = 1> <Delay = 1.01> <FuncUnit> <Opcode : 'seteq' 'setne' 'setle' 'setge' 'setlt' 'setgt'> <InPorts = 2> <OutPorts = 1>
ST_1 : Operation 79 [1/1] (0.00ns)   --->   "%br_ln41 = br i1 %icmp_ln41, void %for.inc60.i.exitStub, void %VITIS_LOOP_42_5.i" [top_wrapper.cpp:41->top_wrapper.cpp:129]   --->   Operation 79 'br' 'br_ln41' <Predicate = true> <Delay = 0.00>
ST_1 : Operation 80 [1/1] (0.00ns)   --->   "%trunc_ln41 = trunc i32 %s_fw_4" [top_wrapper.cpp:41->top_wrapper.cpp:129]   --->   Operation 80 'trunc' 'trunc_ln41' <Predicate = (icmp_ln41)> <Delay = 0.00>
ST_1 : Operation 81 [1/1] (0.78ns)   --->   "%s_mem_i = add i5 %trunc_ln41, i5 %mul_i_read" [top_wrapper.cpp:41->top_wrapper.cpp:129]   --->   Operation 81 'add' 's_mem_i' <Predicate = (icmp_ln41)> <Delay = 0.78> <CoreInst = "Adder">   --->   Core 1 'Adder' <Latency = 0> <II = 1> <Delay = 0.78> <FuncUnit> <Opcode : 'add' 'sub'> <InPorts = 2> <OutPorts = 1>
ST_1 : Operation 82 [1/1] (1.01ns)   --->   "%in_w = add i32 %s_fw_4, i32 %zext_ln40_cast" [top_wrapper.cpp:41->top_wrapper.cpp:129]   --->   Operation 82 'add' 'in_w' <Predicate = (icmp_ln41)> <Delay = 1.01> <CoreInst = "Adder">   --->   Core 1 'Adder' <Latency = 0> <II = 1> <Delay = 1.01> <FuncUnit> <Opcode : 'add' 'sub'> <InPorts = 2> <OutPorts = 1>
ST_1 : Operation 83 [1/1] (1.01ns)   --->   "%cmp32_i = icmp_slt  i32 %in_w, i32 13" [top_wrapper.cpp:41->top_wrapper.cpp:129]   --->   Operation 83 'icmp' 'cmp32_i' <Predicate = (icmp_ln41)> <Delay = 1.01> <CoreInst = "Cmp">   --->   Core 9 'Cmp' <Latency = 0> <II = 1> <Delay = 1.01> <FuncUnit> <Opcode : 'seteq' 'setne' 'setle' 'setge' 'setlt' 'setgt'> <InPorts = 2> <OutPorts = 1>
ST_1 : Operation 84 [1/1] (0.28ns)   --->   "%brmerge_not_i = and i1 %cmp32_i, i1 %cmp31_i_read" [top_wrapper.cpp:41->top_wrapper.cpp:129]   --->   Operation 84 'and' 'brmerge_not_i' <Predicate = (icmp_ln41)> <Delay = 0.28> <CoreInst = "LogicGate">   --->   Core 74 'LogicGate' <Latency = 0> <II = 1> <Delay = 0.28> <FuncUnit> <Opcode : 'and' 'or' 'xor'> <InPorts = 2> <OutPorts = 1>
ST_1 : Operation 85 [1/1] (0.00ns)   --->   "%shl_ln = bitconcatenate i33 @_ssdm_op_BitConcatenate.i33.i32.i1, i32 %in_w, i1 0" [top_wrapper.cpp:42->top_wrapper.cpp:129]   --->   Operation 85 'bitconcatenate' 'shl_ln' <Predicate = (icmp_ln41)> <Delay = 0.00>
ST_1 : Operation 86 [1/1] (0.00ns)   --->   "%sext_ln42 = sext i33 %shl_ln" [top_wrapper.cpp:42->top_wrapper.cpp:129]   --->   Operation 86 'sext' 'sext_ln42' <Predicate = (icmp_ln41)> <Delay = 0.00>
ST_1 : Operation 87 [1/1] (1.02ns)   --->   "%add_ln42 = add i37 %mul_ln40_read, i37 %sext_ln42" [top_wrapper.cpp:42->top_wrapper.cpp:129]   --->   Operation 87 'add' 'add_ln42' <Predicate = (icmp_ln41)> <Delay = 1.02> <CoreInst = "Adder">   --->   Core 1 'Adder' <Latency = 0> <II = 1> <Delay = 1.02> <FuncUnit> <Opcode : 'add' 'sub'> <InPorts = 2> <OutPorts = 1>
ST_1 : Operation 88 [1/1] (0.00ns)   --->   "%tmp = bitconcatenate i40 @_ssdm_op_BitConcatenate.i40.i37.i3, i37 %add_ln42, i3 0" [top_wrapper.cpp:42->top_wrapper.cpp:129]   --->   Operation 88 'bitconcatenate' 'tmp' <Predicate = (icmp_ln41)> <Delay = 0.00>
ST_1 : Operation 89 [1/1] (0.00ns)   --->   "%sext_ln42_1 = sext i40 %tmp" [top_wrapper.cpp:42->top_wrapper.cpp:129]   --->   Operation 89 'sext' 'sext_ln42_1' <Predicate = (icmp_ln41)> <Delay = 0.00>
ST_1 : Operation 90 [1/1] (1.03ns)   --->   "%add_ln42_2 = add i41 %sext_ln42_1, i41 %p_cast_i_cast" [top_wrapper.cpp:42->top_wrapper.cpp:129]   --->   Operation 90 'add' 'add_ln42_2' <Predicate = (icmp_ln41)> <Delay = 1.03> <CoreInst = "Adder">   --->   Core 1 'Adder' <Latency = 0> <II = 1> <Delay = 1.03> <FuncUnit> <Opcode : 'add' 'sub'> <InPorts = 2> <OutPorts = 1>
ST_1 : Operation 91 [1/1] (0.20ns)   --->   "%select_ln42 = select i1 %brmerge_not_i, i64 2, i64 0" [top_wrapper.cpp:42->top_wrapper.cpp:129]   --->   Operation 91 'select' 'select_ln42' <Predicate = (icmp_ln41)> <Delay = 0.20> <CoreInst = "Sel">   --->   Core 73 'Sel' <Latency = 0> <II = 1> <Delay = 0.20> <FuncUnit> <Opcode : 'select'> <InPorts = 3> <OutPorts = 1>
ST_1 : Operation 92 [1/1] (0.87ns)   --->   "%val = sparsemux i32 @_ssdm_op_SparseMux.ap_auto.25i32.i32.i5, i5 0, i32 %tmp_i_read_40, i5 1, i32 %tmp_1_i_read, i5 2, i32 %tmp_2_i_read, i5 3, i32 %tmp_3_i_read, i5 4, i32 %tmp_4_i_read, i5 5, i32 %tmp_5_i_read, i5 6, i32 %tmp_6_i_read, i5 7, i32 %tmp_7_i_read, i5 8, i32 %tmp_8_i_read, i5 9, i32 %tmp_9_i_read, i5 10, i32 %tmp_i_read, i5 11, i32 %tmp_10_i_read, i5 12, i32 %tmp_11_i_read, i5 13, i32 %tmp_12_i_read, i5 14, i32 %tmp_13_i_read, i5 15, i32 %tmp_14_i_read, i5 16, i32 %tmp_15_i_read, i5 17, i32 %tmp_16_i_read, i5 18, i32 %tmp_17_i_read, i5 19, i32 %tmp_18_i_read, i5 20, i32 %tmp_19_i_read, i5 21, i32 %tmp_20_i_read, i5 22, i32 %tmp_21_i_read, i5 23, i32 %tmp_22_i_read, i5 24, i32 %tmp_23_i_read, i32 0, i5 %s_mem_i" [top_wrapper.cpp:46->top_wrapper.cpp:129]   --->   Operation 92 'sparsemux' 'val' <Predicate = (icmp_ln41)> <Delay = 0.87> <CoreInst = "BinarySparseMux_DontCare">   --->   Core 149 'BinarySparseMux_DontCare' <Latency = 0> <II = 1> <Delay = 0.87> <FuncUnit> <Opcode : 'sparsemux'> <InPorts = 2> <OutPorts = 1>
ST_1 : Operation 93 [1/1] (0.87ns)   --->   "%val_1 = sparsemux i32 @_ssdm_op_SparseMux.ap_auto.25i32.i32.i5, i5 0, i32 %tmp_24_i_read, i5 1, i32 %tmp_25_i_read, i5 2, i32 %tmp_26_i_read, i5 3, i32 %tmp_27_i_read, i5 4, i32 %tmp_28_i_read, i5 5, i32 %tmp_29_i_read, i5 6, i32 %tmp_30_i_read, i5 7, i32 %tmp_31_i_read, i5 8, i32 %tmp_32_i_read, i5 9, i32 %tmp_33_i_read, i5 10, i32 %tmp_34_i_read, i5 11, i32 %tmp_35_i_read, i5 12, i32 %tmp_36_i_read, i5 13, i32 %tmp_37_i_read, i5 14, i32 %tmp_38_i_read, i5 15, i32 %tmp_39_i_read, i5 16, i32 %tmp_40_i_read, i5 17, i32 %tmp_41_i_read, i5 18, i32 %tmp_42_i_read, i5 19, i32 %tmp_43_i_read, i5 20, i32 %tmp_44_i_read, i5 21, i32 %tmp_45_i_read, i5 22, i32 %tmp_46_i_read, i5 23, i32 %tmp_47_i_read, i5 24, i32 %tmp_48_i_read, i32 0, i5 %s_mem_i" [top_wrapper.cpp:46->top_wrapper.cpp:129]   --->   Operation 93 'sparsemux' 'val_1' <Predicate = (icmp_ln41)> <Delay = 0.87> <CoreInst = "BinarySparseMux_DontCare">   --->   Core 149 'BinarySparseMux_DontCare' <Latency = 0> <II = 1> <Delay = 0.87> <FuncUnit> <Opcode : 'sparsemux'> <InPorts = 2> <OutPorts = 1>
ST_1 : Operation 94 [1/1] (0.00ns)   --->   "%br_ln50 = br i1 %brmerge_not_i, void %for.inc43.1.i, void %if.then.1.i" [top_wrapper.cpp:50->top_wrapper.cpp:129]   --->   Operation 94 'br' 'br_ln50' <Predicate = (icmp_ln41)> <Delay = 0.00>

State 2 <SV = 1> <Delay = 2.45>
ST_2 : Operation 95 [1/1] (0.00ns)   --->   "%sext_ln42_3 = sext i41 %add_ln42_2" [top_wrapper.cpp:42->top_wrapper.cpp:129]   --->   Operation 95 'sext' 'sext_ln42_3' <Predicate = (icmp_ln41)> <Delay = 0.00>
ST_2 : Operation 96 [1/1] (1.08ns)   --->   "%add_ln42_1 = add i64 %sext_ln42_3, i64 %memory_load_read" [top_wrapper.cpp:42->top_wrapper.cpp:129]   --->   Operation 96 'add' 'add_ln42_1' <Predicate = (icmp_ln41)> <Delay = 1.08> <CoreInst = "Adder">   --->   Core 1 'Adder' <Latency = 0> <II = 1> <Delay = 1.08> <FuncUnit> <Opcode : 'add' 'sub'> <InPorts = 2> <OutPorts = 1>
ST_2 : Operation 97 [1/1] (0.00ns)   --->   "%trunc_ln2 = partselect i61 @_ssdm_op_PartSelect.i61.i64.i32.i32, i64 %add_ln42_1, i32 3, i32 63" [top_wrapper.cpp:42->top_wrapper.cpp:129]   --->   Operation 97 'partselect' 'trunc_ln2' <Predicate = (icmp_ln41)> <Delay = 0.00>
ST_2 : Operation 98 [1/1] (1.01ns)   --->   "%s_fw_5 = add i32 %s_fw_4, i32 5" [top_wrapper.cpp:60->top_wrapper.cpp:129]   --->   Operation 98 'add' 's_fw_5' <Predicate = (icmp_ln41 & cmp46_i)> <Delay = 1.01> <CoreInst = "Adder">   --->   Core 1 'Adder' <Latency = 0> <II = 1> <Delay = 1.01> <FuncUnit> <Opcode : 'add' 'sub'> <InPorts = 2> <OutPorts = 1>
ST_2 : Operation 99 [1/1] (0.00ns) (grouped into LUT with out node s_fw_7)   --->   "%s_fw_6 = select i1 %cmp46_i, i32 %s_fw_5, i32 %s_fw_4" [top_wrapper.cpp:55->top_wrapper.cpp:129]   --->   Operation 99 'select' 's_fw_6' <Predicate = (icmp_ln41)> <Delay = 0.00> <CoreInst = "Sel">   --->   Core 73 'Sel' <Latency = 0> <II = 1> <Delay = 0.44> <FuncUnit> <Opcode : 'select'> <InPorts = 3> <OutPorts = 1>
ST_2 : Operation 100 [1/1] (1.01ns) (out node of the LUT)   --->   "%s_fw_7 = add i32 %s_fw_6, i32 1" [top_wrapper.cpp:41->top_wrapper.cpp:129]   --->   Operation 100 'add' 's_fw_7' <Predicate = (icmp_ln41)> <Delay = 1.01> <CoreInst = "Adder">   --->   Core 1 'Adder' <Latency = 0> <II = 1> <Delay = 1.01> <FuncUnit> <Opcode : 'add' 'sub'> <InPorts = 2> <OutPorts = 1>
ST_2 : Operation 101 [1/1] (0.42ns)   --->   "%store_ln41 = store i32 %s_fw_7, i32 %s_fw" [top_wrapper.cpp:41->top_wrapper.cpp:129]   --->   Operation 101 'store' 'store_ln41' <Predicate = (icmp_ln41)> <Delay = 0.42>

State 3 <SV = 2> <Delay = 3.65>
ST_3 : Operation 102 [1/1] (0.00ns)   --->   "%specpipeline_ln0 = specpipeline void @_ssdm_op_SpecPipeline, i32 4294967295, i32 0, i32 0, i32 0, void @empty_20"   --->   Operation 102 'specpipeline' 'specpipeline_ln0' <Predicate = true> <Delay = 0.00>
ST_3 : Operation 103 [1/1] (0.00ns)   --->   "%specloopname_ln41 = specloopname void @_ssdm_op_SpecLoopName, void @empty_14" [top_wrapper.cpp:41->top_wrapper.cpp:129]   --->   Operation 103 'specloopname' 'specloopname_ln41' <Predicate = true> <Delay = 0.00>
ST_3 : Operation 104 [1/1] (0.00ns)   --->   "%sext_ln42_2 = sext i61 %trunc_ln2" [top_wrapper.cpp:42->top_wrapper.cpp:129]   --->   Operation 104 'sext' 'sext_ln42_2' <Predicate = true> <Delay = 0.00>
ST_3 : Operation 105 [1/1] (0.00ns)   --->   "%gmem1_addr = getelementptr i64 %gmem1, i64 %sext_ln42_2" [top_wrapper.cpp:42->top_wrapper.cpp:129]   --->   Operation 105 'getelementptr' 'gmem1_addr' <Predicate = true> <Delay = 0.00>
ST_3 : Operation 106 [1/1] (3.65ns)   --->   "%empty_41 = writereq i1 @_ssdm_op_WriteReq.m_axi.p1i64, i64 %gmem1_addr, i64 %select_ln42" [top_wrapper.cpp:42->top_wrapper.cpp:129]   --->   Operation 106 'writereq' 'empty_41' <Predicate = true> <Delay = 3.65> <CoreInst = "m_axi">   --->   Core 119 'm_axi' <Latency = 9> <II = 1> <Delay = 1.00> <Adapter> <Opcode : 'read' 'write' 'readreq' 'writereq' 'writeresp'>

State 4 <SV = 3> <Delay = 3.65>
ST_4 : Operation 107 [1/1] (0.00ns)   --->   "%sext_ln51 = sext i32 %val" [top_wrapper.cpp:51->top_wrapper.cpp:129]   --->   Operation 107 'sext' 'sext_ln51' <Predicate = (brmerge_not_i)> <Delay = 0.00>
ST_4 : Operation 108 [1/1] (0.00ns)   --->   "%zext_ln51 = zext i45 %sext_ln51" [top_wrapper.cpp:51->top_wrapper.cpp:129]   --->   Operation 108 'zext' 'zext_ln51' <Predicate = (brmerge_not_i)> <Delay = 0.00>
ST_4 : Operation 109 [1/1] (3.65ns)   --->   "%write_ln51 = write void @_ssdm_op_Write.m_axi.p1i64, i64 %gmem1_addr, i64 %zext_ln51, i8 255" [top_wrapper.cpp:51->top_wrapper.cpp:129]   --->   Operation 109 'write' 'write_ln51' <Predicate = (brmerge_not_i)> <Delay = 3.65> <CoreInst = "m_axi">   --->   Core 119 'm_axi' <Latency = 5> <II = 1> <Delay = 1.00> <Adapter> <Opcode : 'read' 'write' 'readreq' 'writereq' 'writeresp'>

State 5 <SV = 4> <Delay = 3.65>
ST_5 : Operation 110 [1/1] (0.00ns)   --->   "%sext_ln51_1 = sext i32 %val_1" [top_wrapper.cpp:51->top_wrapper.cpp:129]   --->   Operation 110 'sext' 'sext_ln51_1' <Predicate = (brmerge_not_i)> <Delay = 0.00>
ST_5 : Operation 111 [1/1] (0.00ns)   --->   "%zext_ln51_1 = zext i45 %sext_ln51_1" [top_wrapper.cpp:51->top_wrapper.cpp:129]   --->   Operation 111 'zext' 'zext_ln51_1' <Predicate = (brmerge_not_i)> <Delay = 0.00>
ST_5 : Operation 112 [1/1] (3.65ns)   --->   "%write_ln51 = write void @_ssdm_op_Write.m_axi.p1i64, i64 %gmem1_addr, i64 %zext_ln51_1, i8 255" [top_wrapper.cpp:51->top_wrapper.cpp:129]   --->   Operation 112 'write' 'write_ln51' <Predicate = (brmerge_not_i)> <Delay = 3.65> <CoreInst = "m_axi">   --->   Core 119 'm_axi' <Latency = 5> <II = 1> <Delay = 1.00> <Adapter> <Opcode : 'read' 'write' 'readreq' 'writereq' 'writeresp'>
ST_5 : Operation 113 [1/1] (0.00ns)   --->   "%br_ln52 = br void %for.inc43.1.i" [top_wrapper.cpp:52->top_wrapper.cpp:129]   --->   Operation 113 'br' 'br_ln52' <Predicate = (brmerge_not_i)> <Delay = 0.00>

State 6 <SV = 5> <Delay = 3.65>
ST_6 : Operation 114 [5/5] (3.65ns)   --->   "%empty = writeresp i1 @_ssdm_op_WriteResp.m_axi.p1i64, i64 %gmem1_addr" [top_wrapper.cpp:60->top_wrapper.cpp:129]   --->   Operation 114 'writeresp' 'empty' <Predicate = true> <Delay = 3.65> <CoreInst = "m_axi">   --->   Core 119 'm_axi' <Latency = 3> <II = 1> <Delay = 1.00> <Adapter> <Opcode : 'read' 'write' 'readreq' 'writereq' 'writeresp'>

State 7 <SV = 6> <Delay = 3.65>
ST_7 : Operation 115 [4/5] (3.65ns)   --->   "%empty = writeresp i1 @_ssdm_op_WriteResp.m_axi.p1i64, i64 %gmem1_addr" [top_wrapper.cpp:60->top_wrapper.cpp:129]   --->   Operation 115 'writeresp' 'empty' <Predicate = true> <Delay = 3.65> <CoreInst = "m_axi">   --->   Core 119 'm_axi' <Latency = 3> <II = 1> <Delay = 1.00> <Adapter> <Opcode : 'read' 'write' 'readreq' 'writereq' 'writeresp'>

State 8 <SV = 7> <Delay = 3.65>
ST_8 : Operation 116 [3/5] (3.65ns)   --->   "%empty = writeresp i1 @_ssdm_op_WriteResp.m_axi.p1i64, i64 %gmem1_addr" [top_wrapper.cpp:60->top_wrapper.cpp:129]   --->   Operation 116 'writeresp' 'empty' <Predicate = true> <Delay = 3.65> <CoreInst = "m_axi">   --->   Core 119 'm_axi' <Latency = 3> <II = 1> <Delay = 1.00> <Adapter> <Opcode : 'read' 'write' 'readreq' 'writereq' 'writeresp'>
ST_8 : Operation 120 [1/1] (0.42ns)   --->   "%ret_ln0 = ret"   --->   Operation 120 'ret' 'ret_ln0' <Predicate = (!icmp_ln41)> <Delay = 0.42>

State 9 <SV = 8> <Delay = 3.65>
ST_9 : Operation 117 [2/5] (3.65ns)   --->   "%empty = writeresp i1 @_ssdm_op_WriteResp.m_axi.p1i64, i64 %gmem1_addr" [top_wrapper.cpp:60->top_wrapper.cpp:129]   --->   Operation 117 'writeresp' 'empty' <Predicate = true> <Delay = 3.65> <CoreInst = "m_axi">   --->   Core 119 'm_axi' <Latency = 3> <II = 1> <Delay = 1.00> <Adapter> <Opcode : 'read' 'write' 'readreq' 'writereq' 'writeresp'>

State 10 <SV = 9> <Delay = 3.65>
ST_10 : Operation 118 [1/5] (3.65ns)   --->   "%empty = writeresp i1 @_ssdm_op_WriteResp.m_axi.p1i64, i64 %gmem1_addr" [top_wrapper.cpp:60->top_wrapper.cpp:129]   --->   Operation 118 'writeresp' 'empty' <Predicate = true> <Delay = 3.65> <CoreInst = "m_axi">   --->   Core 119 'm_axi' <Latency = 3> <II = 1> <Delay = 1.00> <Adapter> <Opcode : 'read' 'write' 'readreq' 'writereq' 'writeresp'>
ST_10 : Operation 119 [1/1] (0.00ns)   --->   "%br_ln41 = br void %for.cond9.i" [top_wrapper.cpp:41->top_wrapper.cpp:129]   --->   Operation 119 'br' 'br_ln41' <Predicate = true> <Delay = 0.00>


============================================================
+ Verbose Summary: Timing violations
============================================================
Target clock period: 5.000ns, clock uncertainty: 1.350ns.

 <State 1>: 3.504ns
The critical path consists of the following:
	'store' operation 0 bit ('store_ln41', top_wrapper.cpp:41->top_wrapper.cpp:129) of constant 0 on local variable 's_fw', top_wrapper.cpp:41->top_wrapper.cpp:129 [121]  (0.427 ns)
	'load' operation 32 bit ('s_fw', top_wrapper.cpp:41->top_wrapper.cpp:129) on local variable 's_fw', top_wrapper.cpp:41->top_wrapper.cpp:129 [124]  (0.000 ns)
	'add' operation 32 bit ('in_w', top_wrapper.cpp:41->top_wrapper.cpp:129) [132]  (1.016 ns)
	'add' operation 37 bit ('add_ln42', top_wrapper.cpp:42->top_wrapper.cpp:129) [137]  (1.027 ns)
	'add' operation 41 bit ('add_ln42_2', top_wrapper.cpp:42->top_wrapper.cpp:129) [140]  (1.034 ns)

 <State 2>: 2.459ns
The critical path consists of the following:
	'add' operation 32 bit ('s_fw', top_wrapper.cpp:60->top_wrapper.cpp:129) [161]  (1.016 ns)
	'select' operation 32 bit ('s_fw', top_wrapper.cpp:55->top_wrapper.cpp:129) [162]  (0.000 ns)
	'add' operation 32 bit ('s_fw', top_wrapper.cpp:41->top_wrapper.cpp:129) [163]  (1.016 ns)
	'store' operation 0 bit ('store_ln41', top_wrapper.cpp:41->top_wrapper.cpp:129) of variable 's_fw', top_wrapper.cpp:41->top_wrapper.cpp:129 on local variable 's_fw', top_wrapper.cpp:41->top_wrapper.cpp:129 [164]  (0.427 ns)

 <State 3>: 3.650ns
The critical path consists of the following:
	'getelementptr' operation 64 bit ('gmem1_addr', top_wrapper.cpp:42->top_wrapper.cpp:129) [146]  (0.000 ns)
	bus request operation ('empty_41', top_wrapper.cpp:42->top_wrapper.cpp:129) on port 'gmem1' (top_wrapper.cpp:42->top_wrapper.cpp:129) [147]  (3.650 ns)

 <State 4>: 3.650ns
The critical path consists of the following:
	bus write operation ('write_ln51', top_wrapper.cpp:51->top_wrapper.cpp:129) on port 'gmem1' (top_wrapper.cpp:51->top_wrapper.cpp:129) [154]  (3.650 ns)

 <State 5>: 3.650ns
The critical path consists of the following:
	bus write operation ('write_ln51', top_wrapper.cpp:51->top_wrapper.cpp:129) on port 'gmem1' (top_wrapper.cpp:51->top_wrapper.cpp:129) [157]  (3.650 ns)

 <State 6>: 3.650ns
The critical path consists of the following:
	bus response operation ('empty', top_wrapper.cpp:60->top_wrapper.cpp:129) on port 'gmem1' (top_wrapper.cpp:60->top_wrapper.cpp:129) [160]  (3.650 ns)

 <State 7>: 3.650ns
The critical path consists of the following:
	bus response operation ('empty', top_wrapper.cpp:60->top_wrapper.cpp:129) on port 'gmem1' (top_wrapper.cpp:60->top_wrapper.cpp:129) [160]  (3.650 ns)

 <State 8>: 3.650ns
The critical path consists of the following:
	bus response operation ('empty', top_wrapper.cpp:60->top_wrapper.cpp:129) on port 'gmem1' (top_wrapper.cpp:60->top_wrapper.cpp:129) [160]  (3.650 ns)

 <State 9>: 3.650ns
The critical path consists of the following:
	bus response operation ('empty', top_wrapper.cpp:60->top_wrapper.cpp:129) on port 'gmem1' (top_wrapper.cpp:60->top_wrapper.cpp:129) [160]  (3.650 ns)

 <State 10>: 3.650ns
The critical path consists of the following:
	bus response operation ('empty', top_wrapper.cpp:60->top_wrapper.cpp:129) on port 'gmem1' (top_wrapper.cpp:60->top_wrapper.cpp:129) [160]  (3.650 ns)


============================================================
+ Verbose Summary: Binding
============================================================
N/A
* FSMD analyzer results:
  - Output states:
 - Input state : 
  - Chain level:
	State 1
	State 2
	State 3
	State 4
	State 5
	State 6
	State 7
	State 8
	State 9
	State 10


============================================================
+ Verbose Summary: Datapath Resource usage 
============================================================
N/A
