

================================================================
== Vitis HLS Report for 'top_wrapper'
================================================================
* Date:           Tue May 27 16:10:42 2025

* Version:        2024.2 (Build 5238294 on Nov  8 2024)
* Project:        convolution
* Solution:       solution_0 (Vivado IP Flow Target)
* Product family: zynquplus
* Target device:  xck26-sfvc784-2LV-c


================================================================
== Performance Estimates
================================================================
+ Timing: 
    * Summary: 
    +--------+---------+----------+------------+
    |  Clock |  Target | Estimated| Uncertainty|
    +--------+---------+----------+------------+
    |ap_clk  |  5.00 ns|  3.650 ns|     1.35 ns|
    +--------+---------+----------+------------+

+ Latency: 
    * Summary: 
    +---------+---------+----------+----------+-----+-----+---------+
    |  Latency (cycles) |  Latency (absolute) |  Interval | Pipeline|
    |   min   |   max   |    min   |    max   | min | max |   Type  |
    +---------+---------+----------+----------+-----+-----+---------+
    |        ?|        ?|         ?|         ?|    ?|    ?|       no|
    +---------+---------+----------+----------+-----+-----+---------+

    + Detail: 
        * Instance: 
        +---------------------------------------+------------------------------------+---------+---------+----------+----------+-----+-----+----------+
        |                                       |                                    |  Latency (cycles) |  Latency (absolute) |  Interval | Pipeline |
        |                Instance               |               Module               |   min   |   max   |    min   |    max   | min | max |   Type   |
        +---------------------------------------+------------------------------------+---------+---------+----------+----------+-----+-----+----------+
        |dataflow_in_loop_VITIS_LOOP_92_1_1_U0  |dataflow_in_loop_VITIS_LOOP_92_1_1  |        ?|        ?|         ?|         ?|    ?|    ?|  dataflow|
        +---------------------------------------+------------------------------------+---------+---------+----------+----------+-----+-----+----------+

        * Loop: 
        +-------------------+---------+---------+----------+-----------+-----------+------+----------+
        |                   |  Latency (cycles) | Iteration|  Initiation Interval  | Trip |          |
        |     Loop Name     |   min   |   max   |  Latency |  achieved |   target  | Count| Pipelined|
        +-------------------+---------+---------+----------+-----------+-----------+------+----------+
        |- VITIS_LOOP_92_1  |        ?|        ?|         ?|          -|          -|     5|        no|
        +-------------------+---------+---------+----------+-----------+-----------+------+----------+



================================================================
== Utilization Estimates
================================================================
* Summary: 
+-----------------+---------+------+--------+--------+-----+
|       Name      | BRAM_18K|  DSP |   FF   |   LUT  | URAM|
+-----------------+---------+------+--------+--------+-----+
|DSP              |        -|     -|       -|       -|    -|
|Expression       |        -|     -|       0|      30|    -|
|FIFO             |        -|     -|       -|       -|    -|
|Instance         |       14|    31|  169028|   88214|    0|
|Memory           |        -|     -|       -|       -|    -|
|Multiplexer      |        -|     -|       0|      18|    -|
|Register         |        -|     -|       6|       -|    -|
+-----------------+---------+------+--------+--------+-----+
|Total            |       14|    31|  169034|   88262|    0|
+-----------------+---------+------+--------+--------+-----+
|Available        |      288|  1248|  234240|  117120|   64|
+-----------------+---------+------+--------+--------+-----+
|Utilization (%)  |        4|     2|      72|      75|    0|
+-----------------+---------+------+--------+--------+-----+

+ Detail: 
    * Instance: 
    +---------------------------------------+------------------------------------+---------+----+--------+-------+-----+
    |                Instance               |               Module               | BRAM_18K| DSP|   FF   |  LUT  | URAM|
    +---------------------------------------+------------------------------------+---------+----+--------+-------+-----+
    |control_r_s_axi_U                      |control_r_s_axi                     |        0|   0|     170|    296|    0|
    |control_s_axi_U                        |control_s_axi                       |        0|   0|      36|     40|    0|
    |dataflow_in_loop_VITIS_LOOP_92_1_1_U0  |dataflow_in_loop_VITIS_LOOP_92_1_1  |        0|  31|  167322|  86320|    0|
    |gmem1_m_axi_U                          |gmem1_m_axi                         |        4|   0|     719|    811|    0|
    |gmem2_m_axi_U                          |gmem2_m_axi                         |        2|   0|     671|    637|    0|
    |gmem3_s_axi_U                          |gmem3_s_axi                         |        8|   0|     110|    110|    0|
    +---------------------------------------+------------------------------------+---------+----+--------+-------+-----+
    |Total                                  |                                    |       14|  31|  169028|  88214|    0|
    +---------------------------------------+------------------------------------+---------+----+--------+-------+-----+

    * DSP: 
    N/A

    * Memory: 
    N/A

    * FIFO: 
    N/A

    * Expression: 
    +----------------------------+----------+----+---+----+------------+------------+
    |        Variable Name       | Operation| DSP| FF| LUT| Bitwidth P0| Bitwidth P1|
    +----------------------------+----------+----+---+----+------------+------------+
    |loop_dataflow_input_count   |         +|   0|  0|  10|           3|           1|
    |loop_dataflow_output_count  |         +|   0|  0|  10|           3|           1|
    |bound_minus_1               |         -|   0|  0|  10|           3|           1|
    +----------------------------+----------+----+---+----+------------+------------+
    |Total                       |          |   0|  0|  30|           9|           3|
    +----------------------------+----------+----+---+----+------------+------------+

    * Multiplexer: 
    +----------------------------+----+-----------+-----+-----------+
    |            Name            | LUT| Input Size| Bits| Total Bits|
    +----------------------------+----+-----------+-----+-----------+
    |loop_dataflow_input_count   |   9|          2|    3|          6|
    |loop_dataflow_output_count  |   9|          2|    3|          6|
    +----------------------------+----+-----------+-----+-----------+
    |Total                       |  18|          4|    6|         12|
    +----------------------------+----+-----------+-----+-----------+

    * Register: 
    +----------------------------+---+----+-----+-----------+
    |            Name            | FF| LUT| Bits| Const Bits|
    +----------------------------+---+----+-----+-----------+
    |loop_dataflow_input_count   |  3|   0|    3|          0|
    |loop_dataflow_output_count  |  3|   0|    3|          0|
    +----------------------------+---+----+-----+-----------+
    |Total                       |  6|   0|    6|          0|
    +----------------------------+---+----+-----+-----------+



================================================================
== Interface
================================================================
* Summary: 
+-------------------------+-----+-----+------------+--------------+--------------+
|        RTL Ports        | Dir | Bits|  Protocol  | Source Object|    C Type    |
+-------------------------+-----+-----+------------+--------------+--------------+
|s_axi_control_AWVALID    |   in|    1|       s_axi|       control|   return void|
|s_axi_control_AWREADY    |  out|    1|       s_axi|       control|   return void|
|s_axi_control_AWADDR     |   in|    4|       s_axi|       control|   return void|
|s_axi_control_WVALID     |   in|    1|       s_axi|       control|   return void|
|s_axi_control_WREADY     |  out|    1|       s_axi|       control|   return void|
|s_axi_control_WDATA      |   in|   32|       s_axi|       control|   return void|
|s_axi_control_WSTRB      |   in|    4|       s_axi|       control|   return void|
|s_axi_control_ARVALID    |   in|    1|       s_axi|       control|   return void|
|s_axi_control_ARREADY    |  out|    1|       s_axi|       control|   return void|
|s_axi_control_ARADDR     |   in|    4|       s_axi|       control|   return void|
|s_axi_control_RVALID     |  out|    1|       s_axi|       control|   return void|
|s_axi_control_RREADY     |   in|    1|       s_axi|       control|   return void|
|s_axi_control_RDATA      |  out|   32|       s_axi|       control|   return void|
|s_axi_control_RRESP      |  out|    2|       s_axi|       control|   return void|
|s_axi_control_BVALID     |  out|    1|       s_axi|       control|   return void|
|s_axi_control_BREADY     |   in|    1|       s_axi|       control|   return void|
|s_axi_control_BRESP      |  out|    2|       s_axi|       control|   return void|
|s_axi_control_r_AWVALID  |   in|    1|       s_axi|     control_r|        scalar|
|s_axi_control_r_AWREADY  |  out|    1|       s_axi|     control_r|        scalar|
|s_axi_control_r_AWADDR   |   in|    6|       s_axi|     control_r|        scalar|
|s_axi_control_r_WVALID   |   in|    1|       s_axi|     control_r|        scalar|
|s_axi_control_r_WREADY   |  out|    1|       s_axi|     control_r|        scalar|
|s_axi_control_r_WDATA    |   in|   32|       s_axi|     control_r|        scalar|
|s_axi_control_r_WSTRB    |   in|    4|       s_axi|     control_r|        scalar|
|s_axi_control_r_ARVALID  |   in|    1|       s_axi|     control_r|        scalar|
|s_axi_control_r_ARREADY  |  out|    1|       s_axi|     control_r|        scalar|
|s_axi_control_r_ARADDR   |   in|    6|       s_axi|     control_r|        scalar|
|s_axi_control_r_RVALID   |  out|    1|       s_axi|     control_r|        scalar|
|s_axi_control_r_RREADY   |   in|    1|       s_axi|     control_r|        scalar|
|s_axi_control_r_RDATA    |  out|   32|       s_axi|     control_r|        scalar|
|s_axi_control_r_RRESP    |  out|    2|       s_axi|     control_r|        scalar|
|s_axi_control_r_BVALID   |  out|    1|       s_axi|     control_r|        scalar|
|s_axi_control_r_BREADY   |   in|    1|       s_axi|     control_r|        scalar|
|s_axi_control_r_BRESP    |  out|    2|       s_axi|     control_r|        scalar|
|s_axi_gmem3_AWVALID      |   in|    1|       s_axi|         gmem3|         array|
|s_axi_gmem3_AWREADY      |  out|    1|       s_axi|         gmem3|         array|
|s_axi_gmem3_AWADDR       |   in|   16|       s_axi|         gmem3|         array|
|s_axi_gmem3_WVALID       |   in|    1|       s_axi|         gmem3|         array|
|s_axi_gmem3_WREADY       |  out|    1|       s_axi|         gmem3|         array|
|s_axi_gmem3_WDATA        |   in|   32|       s_axi|         gmem3|         array|
|s_axi_gmem3_WSTRB        |   in|    4|       s_axi|         gmem3|         array|
|s_axi_gmem3_ARVALID      |   in|    1|       s_axi|         gmem3|         array|
|s_axi_gmem3_ARREADY      |  out|    1|       s_axi|         gmem3|         array|
|s_axi_gmem3_ARADDR       |   in|   16|       s_axi|         gmem3|         array|
|s_axi_gmem3_RVALID       |  out|    1|       s_axi|         gmem3|         array|
|s_axi_gmem3_RREADY       |   in|    1|       s_axi|         gmem3|         array|
|s_axi_gmem3_RDATA        |  out|   32|       s_axi|         gmem3|         array|
|s_axi_gmem3_RRESP        |  out|    2|       s_axi|         gmem3|         array|
|s_axi_gmem3_BVALID       |  out|    1|       s_axi|         gmem3|         array|
|s_axi_gmem3_BREADY       |   in|    1|       s_axi|         gmem3|         array|
|s_axi_gmem3_BRESP        |  out|    2|       s_axi|         gmem3|         array|
|ap_clk                   |   in|    1|  ap_ctrl_hs|   top_wrapper|  return value|
|ap_rst_n                 |   in|    1|  ap_ctrl_hs|   top_wrapper|  return value|
|interrupt                |  out|    1|  ap_ctrl_hs|   top_wrapper|  return value|
|m_axi_gmem1_AWVALID      |  out|    1|       m_axi|         gmem1|       pointer|
|m_axi_gmem1_AWREADY      |   in|    1|       m_axi|         gmem1|       pointer|
|m_axi_gmem1_AWADDR       |  out|   64|       m_axi|         gmem1|       pointer|
|m_axi_gmem1_AWID         |  out|    1|       m_axi|         gmem1|       pointer|
|m_axi_gmem1_AWLEN        |  out|    8|       m_axi|         gmem1|       pointer|
|m_axi_gmem1_AWSIZE       |  out|    3|       m_axi|         gmem1|       pointer|
|m_axi_gmem1_AWBURST      |  out|    2|       m_axi|         gmem1|       pointer|
|m_axi_gmem1_AWLOCK       |  out|    2|       m_axi|         gmem1|       pointer|
|m_axi_gmem1_AWCACHE      |  out|    4|       m_axi|         gmem1|       pointer|
|m_axi_gmem1_AWPROT       |  out|    3|       m_axi|         gmem1|       pointer|
|m_axi_gmem1_AWQOS        |  out|    4|       m_axi|         gmem1|       pointer|
|m_axi_gmem1_AWREGION     |  out|    4|       m_axi|         gmem1|       pointer|
|m_axi_gmem1_AWUSER       |  out|    1|       m_axi|         gmem1|       pointer|
|m_axi_gmem1_WVALID       |  out|    1|       m_axi|         gmem1|       pointer|
|m_axi_gmem1_WREADY       |   in|    1|       m_axi|         gmem1|       pointer|
|m_axi_gmem1_WDATA        |  out|   64|       m_axi|         gmem1|       pointer|
|m_axi_gmem1_WSTRB        |  out|    8|       m_axi|         gmem1|       pointer|
|m_axi_gmem1_WLAST        |  out|    1|       m_axi|         gmem1|       pointer|
|m_axi_gmem1_WID          |  out|    1|       m_axi|         gmem1|       pointer|
|m_axi_gmem1_WUSER        |  out|    1|       m_axi|         gmem1|       pointer|
|m_axi_gmem1_ARVALID      |  out|    1|       m_axi|         gmem1|       pointer|
|m_axi_gmem1_ARREADY      |   in|    1|       m_axi|         gmem1|       pointer|
|m_axi_gmem1_ARADDR       |  out|   64|       m_axi|         gmem1|       pointer|
|m_axi_gmem1_ARID         |  out|    1|       m_axi|         gmem1|       pointer|
|m_axi_gmem1_ARLEN        |  out|    8|       m_axi|         gmem1|       pointer|
|m_axi_gmem1_ARSIZE       |  out|    3|       m_axi|         gmem1|       pointer|
|m_axi_gmem1_ARBURST      |  out|    2|       m_axi|         gmem1|       pointer|
|m_axi_gmem1_ARLOCK       |  out|    2|       m_axi|         gmem1|       pointer|
|m_axi_gmem1_ARCACHE      |  out|    4|       m_axi|         gmem1|       pointer|
|m_axi_gmem1_ARPROT       |  out|    3|       m_axi|         gmem1|       pointer|
|m_axi_gmem1_ARQOS        |  out|    4|       m_axi|         gmem1|       pointer|
|m_axi_gmem1_ARREGION     |  out|    4|       m_axi|         gmem1|       pointer|
|m_axi_gmem1_ARUSER       |  out|    1|       m_axi|         gmem1|       pointer|
|m_axi_gmem1_RVALID       |   in|    1|       m_axi|         gmem1|       pointer|
|m_axi_gmem1_RREADY       |  out|    1|       m_axi|         gmem1|       pointer|
|m_axi_gmem1_RDATA        |   in|   64|       m_axi|         gmem1|       pointer|
|m_axi_gmem1_RLAST        |   in|    1|       m_axi|         gmem1|       pointer|
|m_axi_gmem1_RID          |   in|    1|       m_axi|         gmem1|       pointer|
|m_axi_gmem1_RUSER        |   in|    1|       m_axi|         gmem1|       pointer|
|m_axi_gmem1_RRESP        |   in|    2|       m_axi|         gmem1|       pointer|
|m_axi_gmem1_BVALID       |   in|    1|       m_axi|         gmem1|       pointer|
|m_axi_gmem1_BREADY       |  out|    1|       m_axi|         gmem1|       pointer|
|m_axi_gmem1_BRESP        |   in|    2|       m_axi|         gmem1|       pointer|
|m_axi_gmem1_BID          |   in|    1|       m_axi|         gmem1|       pointer|
|m_axi_gmem1_BUSER        |   in|    1|       m_axi|         gmem1|       pointer|
|m_axi_gmem2_AWVALID      |  out|    1|       m_axi|         gmem2|       pointer|
|m_axi_gmem2_AWREADY      |   in|    1|       m_axi|         gmem2|       pointer|
|m_axi_gmem2_AWADDR       |  out|   64|       m_axi|         gmem2|       pointer|
|m_axi_gmem2_AWID         |  out|    1|       m_axi|         gmem2|       pointer|
|m_axi_gmem2_AWLEN        |  out|    8|       m_axi|         gmem2|       pointer|
|m_axi_gmem2_AWSIZE       |  out|    3|       m_axi|         gmem2|       pointer|
|m_axi_gmem2_AWBURST      |  out|    2|       m_axi|         gmem2|       pointer|
|m_axi_gmem2_AWLOCK       |  out|    2|       m_axi|         gmem2|       pointer|
|m_axi_gmem2_AWCACHE      |  out|    4|       m_axi|         gmem2|       pointer|
|m_axi_gmem2_AWPROT       |  out|    3|       m_axi|         gmem2|       pointer|
|m_axi_gmem2_AWQOS        |  out|    4|       m_axi|         gmem2|       pointer|
|m_axi_gmem2_AWREGION     |  out|    4|       m_axi|         gmem2|       pointer|
|m_axi_gmem2_AWUSER       |  out|    1|       m_axi|         gmem2|       pointer|
|m_axi_gmem2_WVALID       |  out|    1|       m_axi|         gmem2|       pointer|
|m_axi_gmem2_WREADY       |   in|    1|       m_axi|         gmem2|       pointer|
|m_axi_gmem2_WDATA        |  out|   32|       m_axi|         gmem2|       pointer|
|m_axi_gmem2_WSTRB        |  out|    4|       m_axi|         gmem2|       pointer|
|m_axi_gmem2_WLAST        |  out|    1|       m_axi|         gmem2|       pointer|
|m_axi_gmem2_WID          |  out|    1|       m_axi|         gmem2|       pointer|
|m_axi_gmem2_WUSER        |  out|    1|       m_axi|         gmem2|       pointer|
|m_axi_gmem2_ARVALID      |  out|    1|       m_axi|         gmem2|       pointer|
|m_axi_gmem2_ARREADY      |   in|    1|       m_axi|         gmem2|       pointer|
|m_axi_gmem2_ARADDR       |  out|   64|       m_axi|         gmem2|       pointer|
|m_axi_gmem2_ARID         |  out|    1|       m_axi|         gmem2|       pointer|
|m_axi_gmem2_ARLEN        |  out|    8|       m_axi|         gmem2|       pointer|
|m_axi_gmem2_ARSIZE       |  out|    3|       m_axi|         gmem2|       pointer|
|m_axi_gmem2_ARBURST      |  out|    2|       m_axi|         gmem2|       pointer|
|m_axi_gmem2_ARLOCK       |  out|    2|       m_axi|         gmem2|       pointer|
|m_axi_gmem2_ARCACHE      |  out|    4|       m_axi|         gmem2|       pointer|
|m_axi_gmem2_ARPROT       |  out|    3|       m_axi|         gmem2|       pointer|
|m_axi_gmem2_ARQOS        |  out|    4|       m_axi|         gmem2|       pointer|
|m_axi_gmem2_ARREGION     |  out|    4|       m_axi|         gmem2|       pointer|
|m_axi_gmem2_ARUSER       |  out|    1|       m_axi|         gmem2|       pointer|
|m_axi_gmem2_RVALID       |   in|    1|       m_axi|         gmem2|       pointer|
|m_axi_gmem2_RREADY       |  out|    1|       m_axi|         gmem2|       pointer|
|m_axi_gmem2_RDATA        |   in|   32|       m_axi|         gmem2|       pointer|
|m_axi_gmem2_RLAST        |   in|    1|       m_axi|         gmem2|       pointer|
|m_axi_gmem2_RID          |   in|    1|       m_axi|         gmem2|       pointer|
|m_axi_gmem2_RUSER        |   in|    1|       m_axi|         gmem2|       pointer|
|m_axi_gmem2_RRESP        |   in|    2|       m_axi|         gmem2|       pointer|
|m_axi_gmem2_BVALID       |   in|    1|       m_axi|         gmem2|       pointer|
|m_axi_gmem2_BREADY       |  out|    1|       m_axi|         gmem2|       pointer|
|m_axi_gmem2_BRESP        |   in|    2|       m_axi|         gmem2|       pointer|
|m_axi_gmem2_BID          |   in|    1|       m_axi|         gmem2|       pointer|
|m_axi_gmem2_BUSER        |   in|    1|       m_axi|         gmem2|       pointer|
+-------------------------+-----+-----+------------+--------------+--------------+

============================================================
+ Verbose Summary: Synthesis Manager
============================================================
InlineROM: 1
ExposeGlobal: 0
============================================================
+ Verbose Summary: CDFG Model
============================================================
IsTopModel: 1
ResetActiveHigh: 1
IsCombinational: 2
IsDatapathOnly: 2
HasWiredReturn: 1
HasMFsm: 0
HasVarLatency: 1
IsPipeline: 0
IsRtlPipelined: 0
IsInstanceOverlapped: 0
IsDontTouch: 0
HasImplIP: 0
IsGatedGlobalClock: 0


============================================================
+ Verbose Summary: Schedule
============================================================
* Number of FSM states : 3
* Pipeline : 0
* Dataflow Pipeline: 1
  DF-Pipeline-0: Size = 2, States = { 2 3 }

* FSM state transitions: 
1 --> 2 
2 --> 3 
3 --> 2 

* FSM state operations: 

State 1 <SV = 0> <Delay = 1.00>
ST_1 : Operation 4 [1/1] (0.00ns)   --->   "%spectopmodule_ln82 = spectopmodule void @_ssdm_op_SpecTopModule, void @empty_12" [top_wrapper.cpp:82]   --->   Operation 4 'spectopmodule' 'spectopmodule_ln82' <Predicate = true> <Delay = 0.00>
ST_1 : Operation 5 [1/1] (0.00ns)   --->   "%specinterface_ln0 = specinterface void @_ssdm_op_SpecInterface, i32 %gmem2, void @empty_21, i32 0, i32 0, void @empty_20, i32 0, i32 100, void @empty_19, void @empty_15, void @empty_20, i32 16, i32 16, i32 16, i32 16, void @empty_20, void @empty_20, i32 4294967295, i32 0, i32 0"   --->   Operation 5 'specinterface' 'specinterface_ln0' <Predicate = true> <Delay = 0.00>
ST_1 : Operation 6 [1/1] (0.00ns)   --->   "%specbitsmap_ln0 = specbitsmap void @_ssdm_op_SpecBitsMap, i32 %gmem2"   --->   Operation 6 'specbitsmap' 'specbitsmap_ln0' <Predicate = true> <Delay = 0.00>
ST_1 : Operation 7 [1/1] (0.00ns)   --->   "%specinterface_ln0 = specinterface void @_ssdm_op_SpecInterface, i64 %gmem1, void @empty_21, i32 0, i32 0, void @empty_20, i32 0, i32 0, void @empty_18, void @empty_15, void @empty_20, i32 16, i32 16, i32 16, i32 16, void @empty_20, void @empty_20, i32 4294967295, i32 0, i32 0"   --->   Operation 7 'specinterface' 'specinterface_ln0' <Predicate = true> <Delay = 0.00>
ST_1 : Operation 8 [1/1] (0.00ns)   --->   "%specbitsmap_ln0 = specbitsmap void @_ssdm_op_SpecBitsMap, i64 %gmem1"   --->   Operation 8 'specbitsmap' 'specbitsmap_ln0' <Predicate = true> <Delay = 0.00>
ST_1 : Operation 9 [1/1] (0.00ns)   --->   "%specinterface_ln0 = specinterface void @_ssdm_op_SpecInterface, i45 %memory_in, void @empty_3, i32 0, i32 0, void @empty_20, i32 0, i32 0, void @empty_2, void @empty_6, void @empty_20, i32 0, i32 0, i32 0, i32 0, void @empty_20, void @empty_20, i32 4294967295, i32 0, i32 0"   --->   Operation 9 'specinterface' 'specinterface_ln0' <Predicate = true> <Delay = 0.00>
ST_1 : Operation 10 [1/1] (0.00ns)   --->   "%specinterface_ln0 = specinterface void @_ssdm_op_SpecInterface, i45 %memory_in, void @empty_1, i32 0, i32 0, void @empty_20, i32 1, i32 0, void @empty_20, void @empty_20, void @empty_20, i32 0, i32 0, i32 0, i32 0, void @empty_20, void @empty_20, i32 4294967295, i32 0, i32 0"   --->   Operation 10 'specinterface' 'specinterface_ln0' <Predicate = true> <Delay = 0.00>
ST_1 : Operation 11 [1/1] (0.00ns)   --->   "%specmemcore_ln0 = specmemcore void @_ssdm_op_SpecMemCore, i45 %memory_in, i64 666, i64 207, i64 1"   --->   Operation 11 'specmemcore' 'specmemcore_ln0' <Predicate = true> <Delay = 0.00>
ST_1 : Operation 12 [1/1] (0.00ns)   --->   "%specbitsmap_ln0 = specbitsmap void @_ssdm_op_SpecBitsMap, i45 %memory_in"   --->   Operation 12 'specbitsmap' 'specbitsmap_ln0' <Predicate = true> <Delay = 0.00>
ST_1 : Operation 13 [1/1] (0.00ns)   --->   "%specinterface_ln0 = specinterface void @_ssdm_op_SpecInterface, i64 %filter_val, void @empty_3, i32 0, i32 0, void @empty_20, i32 0, i32 0, void @empty_0, void @empty_9, void @empty_20, i32 0, i32 0, i32 0, i32 0, void @empty_20, void @empty_16, i32 4294967295, i32 0, i32 0"   --->   Operation 13 'specinterface' 'specinterface_ln0' <Predicate = true> <Delay = 0.00>
ST_1 : Operation 14 [1/1] (0.00ns)   --->   "%specinterface_ln0 = specinterface void @_ssdm_op_SpecInterface, i64 %filter_val, void @empty_4, i32 0, i32 0, void @empty_20, i32 0, i32 0, void @empty_20, void @empty_20, void @empty_20, i32 0, i32 0, i32 0, i32 0, void @empty_20, void @empty_16, i32 4294967295, i32 0, i32 0"   --->   Operation 14 'specinterface' 'specinterface_ln0' <Predicate = true> <Delay = 0.00>
ST_1 : Operation 15 [1/1] (0.00ns)   --->   "%specinterface_ln0 = specinterface void @_ssdm_op_SpecInterface, i64 %memory, void @empty_3, i32 0, i32 0, void @empty_20, i32 0, i32 0, void @empty_0, void @empty_5, void @empty_20, i32 0, i32 0, i32 0, i32 0, void @empty_20, void @empty_16, i32 4294967295, i32 0, i32 0"   --->   Operation 15 'specinterface' 'specinterface_ln0' <Predicate = true> <Delay = 0.00>
ST_1 : Operation 16 [1/1] (0.00ns)   --->   "%specinterface_ln0 = specinterface void @_ssdm_op_SpecInterface, i64 %memory, void @empty_4, i32 0, i32 0, void @empty_20, i32 0, i32 0, void @empty_20, void @empty_20, void @empty_20, i32 0, i32 0, i32 0, i32 0, void @empty_20, void @empty_16, i32 4294967295, i32 0, i32 0"   --->   Operation 16 'specinterface' 'specinterface_ln0' <Predicate = true> <Delay = 0.00>
ST_1 : Operation 17 [1/1] (0.00ns)   --->   "%specinterface_ln0 = specinterface void @_ssdm_op_SpecInterface, i32 0, void @empty_3, i32 0, i32 0, void @empty_20, i32 0, i32 0, void @empty_17, void @empty_20, void @empty_20, i32 0, i32 0, i32 0, i32 0, void @empty_20, void @empty_20, i32 4294967295, i32 0, i32 0"   --->   Operation 17 'specinterface' 'specinterface_ln0' <Predicate = true> <Delay = 0.00>
ST_1 : Operation 18 [1/1] (1.00ns)   --->   "%memory_read = read i64 @_ssdm_op_Read.s_axilite.i64, i64 %memory" [top_wrapper.cpp:82]   --->   Operation 18 'read' 'memory_read' <Predicate = true> <Delay = 1.00> <CoreInst = "s_axilite">   --->   Core 120 's_axilite' <Latency = 0> <II = 1> <Delay = 1.00> <Adapter> <Opcode : 'read' 'write'>
ST_1 : Operation 19 [1/1] (1.00ns)   --->   "%filter_val_read = read i64 @_ssdm_op_Read.s_axilite.i64, i64 %filter_val" [top_wrapper.cpp:82]   --->   Operation 19 'read' 'filter_val_read' <Predicate = true> <Delay = 1.00> <CoreInst = "s_axilite">   --->   Core 120 's_axilite' <Latency = 0> <II = 1> <Delay = 1.00> <Adapter> <Opcode : 'read' 'write'>
ST_1 : Operation 20 [1/1] (0.42ns)   --->   "%br_ln92 = br void %for.cond" [top_wrapper.cpp:92]   --->   Operation 20 'br' 'br_ln92' <Predicate = true> <Delay = 0.42>

State 2 <SV = 1> <Delay = 2.90>
ST_2 : Operation 21 [1/1] (0.00ns)   --->   "%img = phi i3 0, void %entry, i3 %add_ln92, void %codeRepl" [top_wrapper.cpp:92]   --->   Operation 21 'phi' 'img' <Predicate = true> <Delay = 0.00>
ST_2 : Operation 22 [1/1] (0.67ns)   --->   "%icmp_ln92 = icmp_eq  i3 %img, i3 5" [top_wrapper.cpp:92]   --->   Operation 22 'icmp' 'icmp_ln92' <Predicate = true> <Delay = 0.67> <CoreInst = "Cmp">   --->   Core 9 'Cmp' <Latency = 0> <II = 1> <Delay = 0.67> <FuncUnit> <Opcode : 'seteq' 'setne' 'setle' 'setge' 'setlt' 'setgt'> <InPorts = 2> <OutPorts = 1>
ST_2 : Operation 23 [1/1] (0.67ns)   --->   "%add_ln92 = add i3 %img, i3 1" [top_wrapper.cpp:92]   --->   Operation 23 'add' 'add_ln92' <Predicate = true> <Delay = 0.67> <CoreInst = "Adder">   --->   Core 1 'Adder' <Latency = 0> <II = 1> <Delay = 0.67> <FuncUnit> <Opcode : 'add' 'sub'> <InPorts = 2> <OutPorts = 1>
ST_2 : Operation 24 [1/1] (0.00ns)   --->   "%specdataflowpipeline_ln92 = specdataflowpipeline void @_ssdm_op_SpecDataflowPipeline, i32 4294967295, i32 0, void @dataflow_parent_loop_str, i3 %img, i3 5, i32 0" [top_wrapper.cpp:92]   --->   Operation 24 'specdataflowpipeline' 'specdataflowpipeline_ln92' <Predicate = true> <Delay = 0.00>
ST_2 : Operation 25 [1/1] (0.00ns)   --->   "%br_ln92 = br i1 %icmp_ln92, void %codeRepl, void %for.end7" [top_wrapper.cpp:92]   --->   Operation 25 'br' 'br_ln92' <Predicate = true> <Delay = 0.00>
ST_2 : Operation 26 [2/2] (2.23ns)   --->   "%call_ln113 = call void @dataflow_in_loop_VITIS_LOOP_92_1.1, i32 %gmem2, i64 %filter_val_read, i45 %memory_in, i3 %img, i64 %gmem1, i64 %memory_read" [top_wrapper.cpp:113]   --->   Operation 26 'call' 'call_ln113' <Predicate = (!icmp_ln92)> <Delay = 2.23> <CoreType = "Generic">   --->   Generic Core
ST_2 : Operation 27 [1/1] (0.00ns)   --->   "%ret_ln145 = ret" [top_wrapper.cpp:145]   --->   Operation 27 'ret' 'ret_ln145' <Predicate = (icmp_ln92)> <Delay = 0.00>

State 3 <SV = 2> <Delay = 0.00>
ST_3 : Operation 28 [1/1] (0.00ns)   --->   "%speclooptripcount_ln113 = speclooptripcount void @_ssdm_op_SpecLoopTripCount, i64 5, i64 5, i64 5" [top_wrapper.cpp:113]   --->   Operation 28 'speclooptripcount' 'speclooptripcount_ln113' <Predicate = (!icmp_ln92)> <Delay = 0.00>
ST_3 : Operation 29 [1/1] (0.00ns)   --->   "%specloopname_ln92 = specloopname void @_ssdm_op_SpecLoopName, void @empty_13" [top_wrapper.cpp:92]   --->   Operation 29 'specloopname' 'specloopname_ln92' <Predicate = (!icmp_ln92)> <Delay = 0.00>
ST_3 : Operation 30 [1/2] (0.00ns)   --->   "%call_ln113 = call void @dataflow_in_loop_VITIS_LOOP_92_1.1, i32 %gmem2, i64 %filter_val_read, i45 %memory_in, i3 %img, i64 %gmem1, i64 %memory_read" [top_wrapper.cpp:113]   --->   Operation 30 'call' 'call_ln113' <Predicate = (!icmp_ln92)> <Delay = 0.00> <CoreType = "Generic">   --->   Generic Core
ST_3 : Operation 31 [1/1] (0.00ns)   --->   "%br_ln92 = br void %for.cond" [top_wrapper.cpp:92]   --->   Operation 31 'br' 'br_ln92' <Predicate = (!icmp_ln92)> <Delay = 0.00>


============================================================
+ Verbose Summary: Binding
============================================================
STG Binding: 
---------------- STG Properties BEGIN ----------------
- Is combinational: 0
- Is one-state seq: 0
- Is datapath-only: 0
- Is pipelined: 0
- Is top level: 1
Port [ Return ] is wired: 1; IO mode=ap_ctrl_hs:ce=0
Port [ gmem2]:  wired=1; compound=1; hidden=0; nouse=0; global=0; static=0; extern=0; dir=0; type=4; pingpong=0; private_global=0; IO mode=m_axi:ce=0
Port [ gmem1]:  wired=1; compound=1; hidden=0; nouse=0; global=0; static=0; extern=0; dir=1; type=4; pingpong=0; private_global=0; IO mode=m_axi:ce=0
Port [ memory_in]:  wired=1; compound=1; hidden=0; nouse=0; global=0; static=0; extern=0; dir=0; type=1; pingpong=0; private_global=0; MemPort=[1]; IO mode=ap_memory:ce=0
Port [ filter_val]:  wired=1; compound=0; hidden=0; nouse=0; global=0; static=0; extern=0; dir=0; type=0; pingpong=0; private_global=0; IO mode=ap_none:ce=0
Port [ memory]:  wired=1; compound=0; hidden=0; nouse=0; global=0; static=0; extern=0; dir=0; type=0; pingpong=0; private_global=0; IO mode=ap_none:ce=0
---------------- STG Properties END ------------------

---------------- Datapath Model BEGIN ----------------

<LifeTime>
<method=bitvector/>
spectopmodule_ln82        (spectopmodule       ) [ 0000]
specinterface_ln0         (specinterface       ) [ 0000]
specbitsmap_ln0           (specbitsmap         ) [ 0000]
specinterface_ln0         (specinterface       ) [ 0000]
specbitsmap_ln0           (specbitsmap         ) [ 0000]
specinterface_ln0         (specinterface       ) [ 0000]
specinterface_ln0         (specinterface       ) [ 0000]
specmemcore_ln0           (specmemcore         ) [ 0000]
specbitsmap_ln0           (specbitsmap         ) [ 0000]
specinterface_ln0         (specinterface       ) [ 0000]
specinterface_ln0         (specinterface       ) [ 0000]
specinterface_ln0         (specinterface       ) [ 0000]
specinterface_ln0         (specinterface       ) [ 0000]
specinterface_ln0         (specinterface       ) [ 0000]
memory_read               (read                ) [ 0011]
filter_val_read           (read                ) [ 0011]
br_ln92                   (br                  ) [ 0111]
img                       (phi                 ) [ 0011]
icmp_ln92                 (icmp                ) [ 0011]
add_ln92                  (add                 ) [ 0111]
specdataflowpipeline_ln92 (specdataflowpipeline) [ 0000]
br_ln92                   (br                  ) [ 0000]
ret_ln145                 (ret                 ) [ 0000]
speclooptripcount_ln113   (speclooptripcount   ) [ 0000]
specloopname_ln92         (specloopname        ) [ 0000]
call_ln113                (call                ) [ 0000]
br_ln92                   (br                  ) [ 0111]
</LifeTime>

<model>

<comp_list>
<comp id="0" class="1000" name="gmem2">
<pin_list>
<pin id="1" dir="1" index="0" bw="1" slack="0"/>
</pin_list>
<bind>
<StgValue><ssdm name="gmem2"/><MemPortTyVec>0 </MemPortTyVec>
</StgValue>
</bind>
</comp>

<comp id="2" class="1000" name="gmem1">
<pin_list>
<pin id="3" dir="1" index="0" bw="1" slack="0"/>
</pin_list>
<bind>
<StgValue><ssdm name="gmem1"/><MemPortTyVec>1 </MemPortTyVec>
</StgValue>
</bind>
</comp>

<comp id="4" class="1000" name="memory_in">
<pin_list>
<pin id="5" dir="1" index="0" bw="1" slack="0"/>
</pin_list>
<bind>
<StgValue><ssdm name="memory_in"/><MemPortTyVec>1 </MemPortTyVec>
</StgValue>
</bind>
</comp>

<comp id="6" class="1000" name="filter_val">
<pin_list>
<pin id="7" dir="1" index="0" bw="1" slack="0"/>
</pin_list>
<bind>
<StgValue><ssdm name="filter_val"/></StgValue>
</bind>
</comp>

<comp id="8" class="1000" name="memory">
<pin_list>
<pin id="9" dir="1" index="0" bw="1" slack="0"/>
</pin_list>
<bind>
<StgValue><ssdm name="memory"/></StgValue>
</bind>
</comp>

<comp id="10" class="1001" name="const_10">
<pin_list>
<pin id="11" dir="1" index="0" bw="1" slack="2147483647"/>
</pin_list>
<bind>
<StgValue><ssdm name="_ssdm_op_SpecTopModule"/></StgValue>
</bind>
</comp>

<comp id="12" class="1001" name="const_12">
<pin_list>
<pin id="13" dir="1" index="0" bw="1" slack="2147483647"/>
</pin_list>
<bind>
<StgValue><ssdm name="empty_12"/></StgValue>
</bind>
</comp>

<comp id="14" class="1001" name="const_14">
<pin_list>
<pin id="15" dir="1" index="0" bw="1" slack="2147483647"/>
</pin_list>
<bind>
<StgValue><ssdm name="_ssdm_op_SpecInterface"/></StgValue>
</bind>
</comp>

<comp id="16" class="1001" name="const_16">
<pin_list>
<pin id="17" dir="1" index="0" bw="1" slack="2147483647"/>
</pin_list>
<bind>
<StgValue><ssdm name="empty_21"/></StgValue>
</bind>
</comp>

<comp id="18" class="1001" name="const_18">
<pin_list>
<pin id="19" dir="1" index="0" bw="1" slack="2147483647"/>
</pin_list>
<bind>
<StgValue><ssdm name=""/></StgValue>
</bind>
</comp>

<comp id="20" class="1001" name="const_20">
<pin_list>
<pin id="21" dir="1" index="0" bw="1" slack="2147483647"/>
</pin_list>
<bind>
<StgValue><ssdm name="empty_20"/></StgValue>
</bind>
</comp>

<comp id="22" class="1001" name="const_22">
<pin_list>
<pin id="23" dir="1" index="0" bw="1" slack="2147483647"/>
</pin_list>
<bind>
<StgValue><ssdm name=""/></StgValue>
</bind>
</comp>

<comp id="24" class="1001" name="const_24">
<pin_list>
<pin id="25" dir="1" index="0" bw="1" slack="2147483647"/>
</pin_list>
<bind>
<StgValue><ssdm name="empty_19"/></StgValue>
</bind>
</comp>

<comp id="26" class="1001" name="const_26">
<pin_list>
<pin id="27" dir="1" index="0" bw="1" slack="2147483647"/>
</pin_list>
<bind>
<StgValue><ssdm name="empty_15"/></StgValue>
</bind>
</comp>

<comp id="28" class="1001" name="const_28">
<pin_list>
<pin id="29" dir="1" index="0" bw="1" slack="2147483647"/>
</pin_list>
<bind>
<StgValue><ssdm name=""/></StgValue>
</bind>
</comp>

<comp id="30" class="1001" name="const_30">
<pin_list>
<pin id="31" dir="1" index="0" bw="1" slack="2147483647"/>
</pin_list>
<bind>
<StgValue><ssdm name=""/></StgValue>
</bind>
</comp>

<comp id="32" class="1001" name="const_32">
<pin_list>
<pin id="33" dir="1" index="0" bw="1" slack="2147483647"/>
</pin_list>
<bind>
<StgValue><ssdm name="_ssdm_op_SpecBitsMap"/></StgValue>
</bind>
</comp>

<comp id="34" class="1001" name="const_34">
<pin_list>
<pin id="35" dir="1" index="0" bw="1" slack="2147483647"/>
</pin_list>
<bind>
<StgValue><ssdm name="empty_18"/></StgValue>
</bind>
</comp>

<comp id="36" class="1001" name="const_36">
<pin_list>
<pin id="37" dir="1" index="0" bw="1" slack="2147483647"/>
</pin_list>
<bind>
<StgValue><ssdm name="empty_3"/></StgValue>
</bind>
</comp>

<comp id="38" class="1001" name="const_38">
<pin_list>
<pin id="39" dir="1" index="0" bw="1" slack="2147483647"/>
</pin_list>
<bind>
<StgValue><ssdm name="empty_2"/></StgValue>
</bind>
</comp>

<comp id="40" class="1001" name="const_40">
<pin_list>
<pin id="41" dir="1" index="0" bw="1" slack="2147483647"/>
</pin_list>
<bind>
<StgValue><ssdm name="empty_6"/></StgValue>
</bind>
</comp>

<comp id="42" class="1001" name="const_42">
<pin_list>
<pin id="43" dir="1" index="0" bw="1" slack="2147483647"/>
</pin_list>
<bind>
<StgValue><ssdm name="empty_1"/></StgValue>
</bind>
</comp>

<comp id="44" class="1001" name="const_44">
<pin_list>
<pin id="45" dir="1" index="0" bw="1" slack="2147483647"/>
</pin_list>
<bind>
<StgValue><ssdm name=""/></StgValue>
</bind>
</comp>

<comp id="46" class="1001" name="const_46">
<pin_list>
<pin id="47" dir="1" index="0" bw="1" slack="2147483647"/>
</pin_list>
<bind>
<StgValue><ssdm name="_ssdm_op_SpecMemCore"/></StgValue>
</bind>
</comp>

<comp id="48" class="1001" name="const_48">
<pin_list>
<pin id="49" dir="1" index="0" bw="1" slack="2147483647"/>
</pin_list>
<bind>
<StgValue><ssdm name=""/></StgValue>
</bind>
</comp>

<comp id="50" class="1001" name="const_50">
<pin_list>
<pin id="51" dir="1" index="0" bw="1" slack="2147483647"/>
</pin_list>
<bind>
<StgValue><ssdm name=""/></StgValue>
</bind>
</comp>

<comp id="52" class="1001" name="const_52">
<pin_list>
<pin id="53" dir="1" index="0" bw="1" slack="2147483647"/>
</pin_list>
<bind>
<StgValue><ssdm name=""/></StgValue>
</bind>
</comp>

<comp id="54" class="1001" name="const_54">
<pin_list>
<pin id="55" dir="1" index="0" bw="1" slack="2147483647"/>
</pin_list>
<bind>
<StgValue><ssdm name="empty_0"/></StgValue>
</bind>
</comp>

<comp id="56" class="1001" name="const_56">
<pin_list>
<pin id="57" dir="1" index="0" bw="1" slack="2147483647"/>
</pin_list>
<bind>
<StgValue><ssdm name="empty_9"/></StgValue>
</bind>
</comp>

<comp id="58" class="1001" name="const_58">
<pin_list>
<pin id="59" dir="1" index="0" bw="1" slack="2147483647"/>
</pin_list>
<bind>
<StgValue><ssdm name="empty_16"/></StgValue>
</bind>
</comp>

<comp id="60" class="1001" name="const_60">
<pin_list>
<pin id="61" dir="1" index="0" bw="1" slack="2147483647"/>
</pin_list>
<bind>
<StgValue><ssdm name="empty_4"/></StgValue>
</bind>
</comp>

<comp id="62" class="1001" name="const_62">
<pin_list>
<pin id="63" dir="1" index="0" bw="1" slack="2147483647"/>
</pin_list>
<bind>
<StgValue><ssdm name="empty_5"/></StgValue>
</bind>
</comp>

<comp id="64" class="1001" name="const_64">
<pin_list>
<pin id="65" dir="1" index="0" bw="1" slack="2147483647"/>
</pin_list>
<bind>
<StgValue><ssdm name="empty_17"/></StgValue>
</bind>
</comp>

<comp id="66" class="1001" name="const_66">
<pin_list>
<pin id="67" dir="1" index="0" bw="1" slack="0"/>
</pin_list>
<bind>
<StgValue><ssdm name="_ssdm_op_Read.s_axilite.i64"/></StgValue>
</bind>
</comp>

<comp id="68" class="1001" name="const_68">
<pin_list>
<pin id="69" dir="1" index="0" bw="1" slack="1"/>
</pin_list>
<bind>
<StgValue><ssdm name=""/></StgValue>
</bind>
</comp>

<comp id="70" class="1001" name="const_70">
<pin_list>
<pin id="71" dir="1" index="0" bw="1" slack="0"/>
</pin_list>
<bind>
<StgValue><ssdm name=""/></StgValue>
</bind>
</comp>

<comp id="72" class="1001" name="const_72">
<pin_list>
<pin id="73" dir="1" index="0" bw="1" slack="0"/>
</pin_list>
<bind>
<StgValue><ssdm name=""/></StgValue>
</bind>
</comp>

<comp id="74" class="1001" name="const_74">
<pin_list>
<pin id="75" dir="1" index="0" bw="1" slack="2147483647"/>
</pin_list>
<bind>
<StgValue><ssdm name="_ssdm_op_SpecDataflowPipeline"/></StgValue>
</bind>
</comp>

<comp id="76" class="1001" name="const_76">
<pin_list>
<pin id="77" dir="1" index="0" bw="1" slack="2147483647"/>
</pin_list>
<bind>
<StgValue><ssdm name="dataflow_parent_loop_str"/></StgValue>
</bind>
</comp>

<comp id="78" class="1001" name="const_78">
<pin_list>
<pin id="79" dir="1" index="0" bw="1" slack="0"/>
</pin_list>
<bind>
<StgValue><ssdm name="dataflow_in_loop_VITIS_LOOP_92_1.1"/></StgValue>
</bind>
</comp>

<comp id="80" class="1001" name="const_80">
<pin_list>
<pin id="81" dir="1" index="0" bw="1" slack="2147483647"/>
</pin_list>
<bind>
<StgValue><ssdm name="_ssdm_op_SpecLoopTripCount"/></StgValue>
</bind>
</comp>

<comp id="82" class="1001" name="const_82">
<pin_list>
<pin id="83" dir="1" index="0" bw="1" slack="2147483647"/>
</pin_list>
<bind>
<StgValue><ssdm name=""/></StgValue>
</bind>
</comp>

<comp id="84" class="1001" name="const_84">
<pin_list>
<pin id="85" dir="1" index="0" bw="1" slack="2147483647"/>
</pin_list>
<bind>
<StgValue><ssdm name="_ssdm_op_SpecLoopName"/></StgValue>
</bind>
</comp>

<comp id="86" class="1001" name="const_86">
<pin_list>
<pin id="87" dir="1" index="0" bw="1" slack="2147483647"/>
</pin_list>
<bind>
<StgValue><ssdm name="empty_13"/></StgValue>
</bind>
</comp>

<comp id="88" class="1004" name="memory_read_read_fu_88">
<pin_list>
<pin id="89" dir="0" index="0" bw="64" slack="0"/>
<pin id="90" dir="0" index="1" bw="64" slack="0"/>
<pin id="91" dir="1" index="2" bw="64" slack="1"/>
</pin_list>
<bind>
<opcode="read(1150) " fcode="read"/>
<opset="memory_read/1 "/>
</bind>
</comp>

<comp id="94" class="1004" name="filter_val_read_read_fu_94">
<pin_list>
<pin id="95" dir="0" index="0" bw="64" slack="0"/>
<pin id="96" dir="0" index="1" bw="64" slack="0"/>
<pin id="97" dir="1" index="2" bw="64" slack="1"/>
</pin_list>
<bind>
<opcode="read(1150) " fcode="read"/>
<opset="filter_val_read/1 "/>
</bind>
</comp>

<comp id="100" class="1005" name="img_reg_100">
<pin_list>
<pin id="101" dir="0" index="0" bw="3" slack="1"/>
<pin id="102" dir="1" index="1" bw="3" slack="1"/>
</pin_list>
<bind>
<opset="img (phireg) "/>
</bind>
</comp>

<comp id="104" class="1004" name="img_phi_fu_104">
<pin_list>
<pin id="105" dir="0" index="0" bw="1" slack="1"/>
<pin id="106" dir="0" index="1" bw="0" slack="2147483647"/>
<pin id="107" dir="0" index="2" bw="3" slack="0"/>
<pin id="108" dir="0" index="3" bw="0" slack="2147483647"/>
<pin id="109" dir="1" index="4" bw="3" slack="0"/>
</pin_list>
<bind>
<opcode="phi(47) " fcode="phi"/>
<opset="img/2 "/>
</bind>
</comp>

<comp id="112" class="1004" name="grp_dataflow_in_loop_VITIS_LOOP_92_1_1_fu_112">
<pin_list>
<pin id="113" dir="0" index="0" bw="0" slack="0"/>
<pin id="114" dir="0" index="1" bw="32" slack="0"/>
<pin id="115" dir="0" index="2" bw="64" slack="1"/>
<pin id="116" dir="0" index="3" bw="45" slack="0"/>
<pin id="117" dir="0" index="4" bw="3" slack="0"/>
<pin id="118" dir="0" index="5" bw="64" slack="0"/>
<pin id="119" dir="0" index="6" bw="64" slack="1"/>
<pin id="120" dir="1" index="7" bw="0" slack="2147483647"/>
</pin_list>
<bind>
<opcode="call(48) " fcode="call"/>
<opset="call_ln113/2 "/>
</bind>
</comp>

<comp id="126" class="1004" name="icmp_ln92_fu_126">
<pin_list>
<pin id="127" dir="0" index="0" bw="3" slack="0"/>
<pin id="128" dir="0" index="1" bw="3" slack="0"/>
<pin id="129" dir="1" index="2" bw="1" slack="1"/>
</pin_list>
<bind>
<opcode="icmp(45) " fcode="icmp"/>
<opset="icmp_ln92/2 "/>
</bind>
</comp>

<comp id="132" class="1004" name="add_ln92_fu_132">
<pin_list>
<pin id="133" dir="0" index="0" bw="3" slack="0"/>
<pin id="134" dir="0" index="1" bw="1" slack="0"/>
<pin id="135" dir="1" index="2" bw="3" slack="0"/>
</pin_list>
<bind>
<opcode="add(8) " fcode="add"/>
<opset="add_ln92/2 "/>
</bind>
</comp>

<comp id="138" class="1005" name="memory_read_reg_138">
<pin_list>
<pin id="139" dir="0" index="0" bw="64" slack="1"/>
<pin id="140" dir="1" index="1" bw="64" slack="1"/>
</pin_list>
<bind>
<opset="memory_read "/>
</bind>
</comp>

<comp id="143" class="1005" name="filter_val_read_reg_143">
<pin_list>
<pin id="144" dir="0" index="0" bw="64" slack="1"/>
<pin id="145" dir="1" index="1" bw="64" slack="1"/>
</pin_list>
<bind>
<opset="filter_val_read "/>
</bind>
</comp>

<comp id="148" class="1005" name="icmp_ln92_reg_148">
<pin_list>
<pin id="149" dir="0" index="0" bw="1" slack="1"/>
<pin id="150" dir="1" index="1" bw="1" slack="2147483647"/>
</pin_list>
<bind>
<opset="icmp_ln92 "/>
</bind>
</comp>

<comp id="152" class="1005" name="add_ln92_reg_152">
<pin_list>
<pin id="153" dir="0" index="0" bw="3" slack="0"/>
<pin id="154" dir="1" index="1" bw="3" slack="0"/>
</pin_list>
<bind>
<opset="add_ln92 "/>
</bind>
</comp>

</comp_list>

<net_list>
<net id="92"><net_src comp="66" pin="0"/><net_sink comp="88" pin=0"/></net>

<net id="93"><net_src comp="8" pin="0"/><net_sink comp="88" pin=1"/></net>

<net id="98"><net_src comp="66" pin="0"/><net_sink comp="94" pin=0"/></net>

<net id="99"><net_src comp="6" pin="0"/><net_sink comp="94" pin=1"/></net>

<net id="103"><net_src comp="68" pin="0"/><net_sink comp="100" pin=0"/></net>

<net id="110"><net_src comp="100" pin="1"/><net_sink comp="104" pin=0"/></net>

<net id="111"><net_src comp="104" pin="4"/><net_sink comp="100" pin=0"/></net>

<net id="121"><net_src comp="78" pin="0"/><net_sink comp="112" pin=0"/></net>

<net id="122"><net_src comp="0" pin="0"/><net_sink comp="112" pin=1"/></net>

<net id="123"><net_src comp="4" pin="0"/><net_sink comp="112" pin=3"/></net>

<net id="124"><net_src comp="104" pin="4"/><net_sink comp="112" pin=4"/></net>

<net id="125"><net_src comp="2" pin="0"/><net_sink comp="112" pin=5"/></net>

<net id="130"><net_src comp="104" pin="4"/><net_sink comp="126" pin=0"/></net>

<net id="131"><net_src comp="70" pin="0"/><net_sink comp="126" pin=1"/></net>

<net id="136"><net_src comp="104" pin="4"/><net_sink comp="132" pin=0"/></net>

<net id="137"><net_src comp="72" pin="0"/><net_sink comp="132" pin=1"/></net>

<net id="141"><net_src comp="88" pin="2"/><net_sink comp="138" pin=0"/></net>

<net id="142"><net_src comp="138" pin="1"/><net_sink comp="112" pin=6"/></net>

<net id="146"><net_src comp="94" pin="2"/><net_sink comp="143" pin=0"/></net>

<net id="147"><net_src comp="143" pin="1"/><net_sink comp="112" pin=2"/></net>

<net id="151"><net_src comp="126" pin="2"/><net_sink comp="148" pin=0"/></net>

<net id="155"><net_src comp="132" pin="2"/><net_sink comp="152" pin=0"/></net>

<net id="156"><net_src comp="152" pin="1"/><net_sink comp="104" pin=2"/></net>

</net_list>

</model> 
---------------- Datapath Model END ------------------

* FSMD analyzer results:
  - Output states:
	Port: gmem1 | {2 3 }
 - Input state : 
	Port: top_wrapper : gmem2 | {2 3 }
	Port: top_wrapper : memory_in | {2 3 }
	Port: top_wrapper : filter_val | {1 }
	Port: top_wrapper : memory | {1 }
  - Chain level:
	State 1
	State 2
		icmp_ln92 : 1
		add_ln92 : 1
		specdataflowpipeline_ln92 : 1
		br_ln92 : 2
		call_ln113 : 1
	State 3


============================================================
+ Verbose Summary: Datapath Resource usage 
============================================================

* Functional unit list:
|----------|-----------------------------------------------|---------|---------|---------|---------|
| Operation|                Functional Unit                |   DSP   |  Delay  |    FF   |   LUT   |
|----------|-----------------------------------------------|---------|---------|---------|---------|
|   call   | grp_dataflow_in_loop_VITIS_LOOP_92_1_1_fu_112 |    31   | 204.106 |  152220 |  26673  |
|----------|-----------------------------------------------|---------|---------|---------|---------|
|   icmp   |                icmp_ln92_fu_126               |    0    |    0    |    0    |    10   |
|----------|-----------------------------------------------|---------|---------|---------|---------|
|    add   |                add_ln92_fu_132                |    0    |    0    |    0    |    10   |
|----------|-----------------------------------------------|---------|---------|---------|---------|
|   read   |             memory_read_read_fu_88            |    0    |    0    |    0    |    0    |
|          |           filter_val_read_read_fu_94          |    0    |    0    |    0    |    0    |
|----------|-----------------------------------------------|---------|---------|---------|---------|
|   Total  |                                               |    31   | 204.106 |  152220 |  26693  |
|----------|-----------------------------------------------|---------|---------|---------|---------|

Memories:
N/A

* Register list:
+-----------------------+--------+
|                       |   FF   |
+-----------------------+--------+
|    add_ln92_reg_152   |    3   |
|filter_val_read_reg_143|   64   |
|   icmp_ln92_reg_148   |    1   |
|      img_reg_100      |    3   |
|  memory_read_reg_138  |   64   |
+-----------------------+--------+
|         Total         |   135  |
+-----------------------+--------+

* Multiplexer (MUX) list: 
|-------------|------|------|------|--------||---------||---------||---------|
|     Comp    |  Pin | Size |  BW  | S x BW ||  Delay  ||    FF   ||   LUT   |
|-------------|------|------|------|--------||---------||---------||---------|
| img_reg_100 |  p0  |   2  |   3  |    6   ||    0    ||    9    |
|-------------|------|------|------|--------||---------||---------||---------|
|    Total    |      |      |      |    6   ||  0.427  ||    0    ||    9    |
|-------------|------|------|------|--------||---------||---------||---------|



* Summary:
+-----------+--------+--------+--------+--------+
|           |   DSP  |  Delay |   FF   |   LUT  |
+-----------+--------+--------+--------+--------+
|  Function |   31   |   204  | 152220 |  26693 |
|   Memory  |    -   |    -   |    -   |    -   |
|Multiplexer|    -   |    0   |    0   |    9   |
|  Register |    -   |    -   |   135  |    -   |
+-----------+--------+--------+--------+--------+
|   Total   |   31   |   204  | 152355 |  26702 |
+-----------+--------+--------+--------+--------+
