

================================================================
== Vitis HLS Report for 'top_wrapper'
================================================================
* Date:           Tue May 27 16:09:50 2025

* Version:        2024.2 (Build 5238294 on Nov  8 2024)
* Project:        convolution
* Solution:       solution_0 (Vivado IP Flow Target)
* Product family: zynquplus
* Target device:  xck26-sfvc784-2LV-c


================================================================
== Performance Estimates
================================================================
+ Timing: 
    * Summary: 
    +--------+---------+----------+------------+
    |  Clock |  Target | Estimated| Uncertainty|
    +--------+---------+----------+------------+
    |ap_clk  |  5.00 ns|  3.650 ns|     1.35 ns|
    +--------+---------+----------+------------+

+ Latency: 
    * Summary: 
    +---------+---------+----------+----------+-----+-----+---------+
    |  Latency (cycles) |  Latency (absolute) |  Interval | Pipeline|
    |   min   |   max   |    min   |    max   | min | max |   Type  |
    +---------+---------+----------+----------+-----+-----+---------+
    |        ?|        ?|         ?|         ?|    ?|    ?|       no|
    +---------+---------+----------+----------+-----+-----+---------+

    + Detail: 
        * Instance: 
        N/A

        * Loop: 
        +-------------------+---------+---------+----------+-----------+-----------+------+----------+
        |                   |  Latency (cycles) | Iteration|  Initiation Interval  | Trip |          |
        |     Loop Name     |   min   |   max   |  Latency |  achieved |   target  | Count| Pipelined|
        +-------------------+---------+---------+----------+-----------+-----------+------+----------+
        |- VITIS_LOOP_92_1  |        ?|        ?|         ?|          -|          -|     5|        no|
        +-------------------+---------+---------+----------+-----------+-----------+------+----------+

============================================================
+ Verbose Summary: Synthesis Manager
============================================================
InlineROM: 1
ExposeGlobal: 0
============================================================
+ Verbose Summary: CDFG Model
============================================================
IsTopModel: 1
ResetActiveHigh: 1
IsCombinational: 2
IsDatapathOnly: 0
HasWiredReturn: 1
HasMFsm: 0
HasVarLatency: 1
IsPipeline: 0
IsRtlPipelined: 0
IsInstanceOverlapped: 0
IsDontTouch: 0
HasImplIP: 0
IsGatedGlobalClock: 0


============================================================
+ Verbose Summary: Schedule
============================================================
* Number of FSM states : 3
* Pipeline : 0
* Dataflow Pipeline: 1
  DF-Pipeline-0: Size = 2, States = { 2 3 }

* FSM state transitions: 
1 --> 2 
2 --> 3 
3 --> 2 

* FSM state operations: 

State 1 <SV = 0> <Delay = 1.00>
ST_1 : Operation 4 [1/1] (0.00ns)   --->   "%spectopmodule_ln82 = spectopmodule void @_ssdm_op_SpecTopModule, void @empty_12" [top_wrapper.cpp:82]   --->   Operation 4 'spectopmodule' 'spectopmodule_ln82' <Predicate = true> <Delay = 0.00>
ST_1 : Operation 5 [1/1] (0.00ns)   --->   "%specinterface_ln0 = specinterface void @_ssdm_op_SpecInterface, i32 %gmem2, void @empty_21, i32 0, i32 0, void @empty_20, i32 0, i32 100, void @empty_19, void @empty_15, void @empty_20, i32 16, i32 16, i32 16, i32 16, void @empty_20, void @empty_20, i32 4294967295, i32 0, i32 0"   --->   Operation 5 'specinterface' 'specinterface_ln0' <Predicate = true> <Delay = 0.00>
ST_1 : Operation 6 [1/1] (0.00ns)   --->   "%specbitsmap_ln0 = specbitsmap void @_ssdm_op_SpecBitsMap, i32 %gmem2"   --->   Operation 6 'specbitsmap' 'specbitsmap_ln0' <Predicate = true> <Delay = 0.00>
ST_1 : Operation 7 [1/1] (0.00ns)   --->   "%specinterface_ln0 = specinterface void @_ssdm_op_SpecInterface, i64 %gmem1, void @empty_21, i32 0, i32 0, void @empty_20, i32 0, i32 0, void @empty_18, void @empty_15, void @empty_20, i32 16, i32 16, i32 16, i32 16, void @empty_20, void @empty_20, i32 4294967295, i32 0, i32 0"   --->   Operation 7 'specinterface' 'specinterface_ln0' <Predicate = true> <Delay = 0.00>
ST_1 : Operation 8 [1/1] (0.00ns)   --->   "%specbitsmap_ln0 = specbitsmap void @_ssdm_op_SpecBitsMap, i64 %gmem1"   --->   Operation 8 'specbitsmap' 'specbitsmap_ln0' <Predicate = true> <Delay = 0.00>
ST_1 : Operation 9 [1/1] (0.00ns)   --->   "%specinterface_ln0 = specinterface void @_ssdm_op_SpecInterface, i45 %memory_in, void @empty_3, i32 0, i32 0, void @empty_20, i32 0, i32 0, void @empty_2, void @empty_6, void @empty_20, i32 0, i32 0, i32 0, i32 0, void @empty_20, void @empty_20, i32 4294967295, i32 0, i32 0"   --->   Operation 9 'specinterface' 'specinterface_ln0' <Predicate = true> <Delay = 0.00>
ST_1 : Operation 10 [1/1] (0.00ns)   --->   "%specinterface_ln0 = specinterface void @_ssdm_op_SpecInterface, i45 %memory_in, void @empty_1, i32 0, i32 0, void @empty_20, i32 1, i32 0, void @empty_20, void @empty_20, void @empty_20, i32 0, i32 0, i32 0, i32 0, void @empty_20, void @empty_20, i32 4294967295, i32 0, i32 0"   --->   Operation 10 'specinterface' 'specinterface_ln0' <Predicate = true> <Delay = 0.00>
ST_1 : Operation 11 [1/1] (0.00ns)   --->   "%specmemcore_ln0 = specmemcore void @_ssdm_op_SpecMemCore, i45 %memory_in, i64 666, i64 207, i64 1"   --->   Operation 11 'specmemcore' 'specmemcore_ln0' <Predicate = true> <Delay = 0.00>
ST_1 : Operation 12 [1/1] (0.00ns)   --->   "%specbitsmap_ln0 = specbitsmap void @_ssdm_op_SpecBitsMap, i45 %memory_in"   --->   Operation 12 'specbitsmap' 'specbitsmap_ln0' <Predicate = true> <Delay = 0.00>
ST_1 : Operation 13 [1/1] (0.00ns)   --->   "%specinterface_ln0 = specinterface void @_ssdm_op_SpecInterface, i64 %filter_val, void @empty_3, i32 0, i32 0, void @empty_20, i32 0, i32 0, void @empty_0, void @empty_9, void @empty_20, i32 0, i32 0, i32 0, i32 0, void @empty_20, void @empty_16, i32 4294967295, i32 0, i32 0"   --->   Operation 13 'specinterface' 'specinterface_ln0' <Predicate = true> <Delay = 0.00>
ST_1 : Operation 14 [1/1] (0.00ns)   --->   "%specinterface_ln0 = specinterface void @_ssdm_op_SpecInterface, i64 %filter_val, void @empty_4, i32 0, i32 0, void @empty_20, i32 0, i32 0, void @empty_20, void @empty_20, void @empty_20, i32 0, i32 0, i32 0, i32 0, void @empty_20, void @empty_16, i32 4294967295, i32 0, i32 0"   --->   Operation 14 'specinterface' 'specinterface_ln0' <Predicate = true> <Delay = 0.00>
ST_1 : Operation 15 [1/1] (0.00ns)   --->   "%specinterface_ln0 = specinterface void @_ssdm_op_SpecInterface, i64 %memory, void @empty_3, i32 0, i32 0, void @empty_20, i32 0, i32 0, void @empty_0, void @empty_5, void @empty_20, i32 0, i32 0, i32 0, i32 0, void @empty_20, void @empty_16, i32 4294967295, i32 0, i32 0"   --->   Operation 15 'specinterface' 'specinterface_ln0' <Predicate = true> <Delay = 0.00>
ST_1 : Operation 16 [1/1] (0.00ns)   --->   "%specinterface_ln0 = specinterface void @_ssdm_op_SpecInterface, i64 %memory, void @empty_4, i32 0, i32 0, void @empty_20, i32 0, i32 0, void @empty_20, void @empty_20, void @empty_20, i32 0, i32 0, i32 0, i32 0, void @empty_20, void @empty_16, i32 4294967295, i32 0, i32 0"   --->   Operation 16 'specinterface' 'specinterface_ln0' <Predicate = true> <Delay = 0.00>
ST_1 : Operation 17 [1/1] (0.00ns)   --->   "%specinterface_ln0 = specinterface void @_ssdm_op_SpecInterface, i32 0, void @empty_3, i32 0, i32 0, void @empty_20, i32 0, i32 0, void @empty_17, void @empty_20, void @empty_20, i32 0, i32 0, i32 0, i32 0, void @empty_20, void @empty_20, i32 4294967295, i32 0, i32 0"   --->   Operation 17 'specinterface' 'specinterface_ln0' <Predicate = true> <Delay = 0.00>
ST_1 : Operation 18 [1/1] (1.00ns)   --->   "%memory_read = read i64 @_ssdm_op_Read.s_axilite.i64, i64 %memory" [top_wrapper.cpp:82]   --->   Operation 18 'read' 'memory_read' <Predicate = true> <Delay = 1.00> <CoreInst = "s_axilite">   --->   Core 120 's_axilite' <Latency = 0> <II = 1> <Delay = 1.00> <Adapter> <Opcode : 'read' 'write'>
ST_1 : Operation 19 [1/1] (1.00ns)   --->   "%filter_val_read = read i64 @_ssdm_op_Read.s_axilite.i64, i64 %filter_val" [top_wrapper.cpp:82]   --->   Operation 19 'read' 'filter_val_read' <Predicate = true> <Delay = 1.00> <CoreInst = "s_axilite">   --->   Core 120 's_axilite' <Latency = 0> <II = 1> <Delay = 1.00> <Adapter> <Opcode : 'read' 'write'>
ST_1 : Operation 20 [1/1] (0.42ns)   --->   "%br_ln92 = br void %for.cond" [top_wrapper.cpp:92]   --->   Operation 20 'br' 'br_ln92' <Predicate = true> <Delay = 0.42>

State 2 <SV = 1> <Delay = 2.90>
ST_2 : Operation 21 [1/1] (0.00ns)   --->   "%img = phi i3 0, void %entry, i3 %add_ln92, void %codeRepl" [top_wrapper.cpp:92]   --->   Operation 21 'phi' 'img' <Predicate = true> <Delay = 0.00>
ST_2 : Operation 22 [1/1] (0.67ns)   --->   "%icmp_ln92 = icmp_eq  i3 %img, i3 5" [top_wrapper.cpp:92]   --->   Operation 22 'icmp' 'icmp_ln92' <Predicate = true> <Delay = 0.67> <CoreInst = "Cmp">   --->   Core 9 'Cmp' <Latency = 0> <II = 1> <Delay = 0.67> <FuncUnit> <Opcode : 'seteq' 'setne' 'setle' 'setge' 'setlt' 'setgt'> <InPorts = 2> <OutPorts = 1>
ST_2 : Operation 23 [1/1] (0.67ns)   --->   "%add_ln92 = add i3 %img, i3 1" [top_wrapper.cpp:92]   --->   Operation 23 'add' 'add_ln92' <Predicate = true> <Delay = 0.67> <CoreInst = "Adder">   --->   Core 1 'Adder' <Latency = 0> <II = 1> <Delay = 0.67> <FuncUnit> <Opcode : 'add' 'sub'> <InPorts = 2> <OutPorts = 1>
ST_2 : Operation 24 [1/1] (0.00ns)   --->   "%specdataflowpipeline_ln92 = specdataflowpipeline void @_ssdm_op_SpecDataflowPipeline, i32 4294967295, i32 0, void @dataflow_parent_loop_str, i3 %img, i3 5, i32 0" [top_wrapper.cpp:92]   --->   Operation 24 'specdataflowpipeline' 'specdataflowpipeline_ln92' <Predicate = true> <Delay = 0.00>
ST_2 : Operation 25 [1/1] (0.00ns)   --->   "%br_ln92 = br i1 %icmp_ln92, void %codeRepl, void %for.end7" [top_wrapper.cpp:92]   --->   Operation 25 'br' 'br_ln92' <Predicate = true> <Delay = 0.00>
ST_2 : Operation 26 [2/2] (2.23ns)   --->   "%call_ln113 = call void @dataflow_in_loop_VITIS_LOOP_92_1.1, i32 %gmem2, i64 %filter_val_read, i45 %memory_in, i3 %img, i64 %gmem1, i64 %memory_read" [top_wrapper.cpp:113]   --->   Operation 26 'call' 'call_ln113' <Predicate = (!icmp_ln92)> <Delay = 2.23> <CoreType = "Generic">   --->   Generic Core
ST_2 : Operation 27 [1/1] (0.00ns)   --->   "%ret_ln145 = ret" [top_wrapper.cpp:145]   --->   Operation 27 'ret' 'ret_ln145' <Predicate = (icmp_ln92)> <Delay = 0.00>

State 3 <SV = 2> <Delay = 0.00>
ST_3 : Operation 28 [1/1] (0.00ns)   --->   "%speclooptripcount_ln113 = speclooptripcount void @_ssdm_op_SpecLoopTripCount, i64 5, i64 5, i64 5" [top_wrapper.cpp:113]   --->   Operation 28 'speclooptripcount' 'speclooptripcount_ln113' <Predicate = (!icmp_ln92)> <Delay = 0.00>
ST_3 : Operation 29 [1/1] (0.00ns)   --->   "%specloopname_ln92 = specloopname void @_ssdm_op_SpecLoopName, void @empty_13" [top_wrapper.cpp:92]   --->   Operation 29 'specloopname' 'specloopname_ln92' <Predicate = (!icmp_ln92)> <Delay = 0.00>
ST_3 : Operation 30 [1/2] (0.00ns)   --->   "%call_ln113 = call void @dataflow_in_loop_VITIS_LOOP_92_1.1, i32 %gmem2, i64 %filter_val_read, i45 %memory_in, i3 %img, i64 %gmem1, i64 %memory_read" [top_wrapper.cpp:113]   --->   Operation 30 'call' 'call_ln113' <Predicate = (!icmp_ln92)> <Delay = 0.00> <CoreType = "Generic">   --->   Generic Core
ST_3 : Operation 31 [1/1] (0.00ns)   --->   "%br_ln92 = br void %for.cond" [top_wrapper.cpp:92]   --->   Operation 31 'br' 'br_ln92' <Predicate = (!icmp_ln92)> <Delay = 0.00>


============================================================
+ Verbose Summary: Timing violations
============================================================
Target clock period: 5.000ns, clock uncertainty: 1.350ns.

 <State 1>: 1.000ns
The critical path consists of the following:
	s_axi read operation ('memory_read', top_wrapper.cpp:82) on port 'memory' (top_wrapper.cpp:82) [20]  (1.000 ns)

 <State 2>: 2.909ns
The critical path consists of the following:
	'phi' operation 3 bit ('img', top_wrapper.cpp:92) with incoming values : ('add_ln92', top_wrapper.cpp:92) [24]  (0.000 ns)
	'icmp' operation 1 bit ('icmp_ln92', top_wrapper.cpp:92) [25]  (0.673 ns)
	'call' operation 0 bit ('call_ln113', top_wrapper.cpp:113) to 'dataflow_in_loop_VITIS_LOOP_92_1.1' [32]  (2.236 ns)

 <State 3>: 0.000ns
The critical path consists of the following:


============================================================
+ Verbose Summary: Binding
============================================================
N/A
* FSMD analyzer results:
  - Output states:
 - Input state : 
  - Chain level:
	State 1
	State 2
	State 3


============================================================
+ Verbose Summary: Datapath Resource usage 
============================================================
N/A
