INFO: [SIM 2] *************** CSIM start ***************
INFO: [SIM 4] CSIM will launch CLANG as the compiler.
   Compiling ../../../../conv_tb.cpp in debug mode
   Compiling ../../../../top_wrapper.cpp in debug mode
   Generating csim.exe
img: 0
memory hw: 
17542 18318 19094 19870 20646 21422 22198 22974 23750 24526 25302 
27630 28406 29182 29958 30734 31510 32286 33062 33838 34614 35390 
37718 38494 39270 40046 40822 41598 42374 43150 43926 44702 45478 
47806 48582 49358 50134 50910 51686 52462 53238 54014 54790 55566 
57894 58670 59446 60222 60998 61774 62550 63326 64102 64878 65654 
67982 68758 69534 70310 71086 71862 72638 73414 74190 74966 75742 
78070 78846 79622 80398 81174 81950 82726 83502 84278 85054 85830 
88158 88934 89710 90486 91262 92038 92814 93590 94366 95142 95918 
98246 99022 99798 100574 101350 102126 102902 103678 104454 105230 106006 
108334 109110 109886 110662 111438 112214 112990 113766 114542 115318 116094 
118422 119198 119974 120750 121526 122302 123078 123854 124630 125406 126182 

-6515 -6687 -6859 -7031 -7203 -7375 -7547 -7719 -7891 -8063 -8235 
-8751 -8923 -9095 -9267 -9439 -9611 -9783 -9955 -10127 -10299 -10471 
-10987 -11159 -11331 -11503 -11675 -11847 -12019 -12191 -12363 -12535 -12707 
-13223 -13395 -13567 -13739 -13911 -14083 -14255 -14427 -14599 -14771 -14943 
-15459 -15631 -15803 -15975 -16147 -16319 -16491 -16663 -16835 -17007 -17179 
-17695 -17867 -18039 -18211 -18383 -18555 -18727 -18899 -19071 -19243 -19415 
-19931 -20103 -20275 -20447 -20619 -20791 -20963 -21135 -21307 -21479 -21651 
-22167 -22339 -22511 -22683 -22855 -23027 -23199 -23371 -23543 -23715 -23887 
-24403 -24575 -24747 -24919 -25091 -25263 -25435 -25607 -25779 -25951 -26123 
-26639 -26811 -26983 -27155 -27327 -27499 -27671 -27843 -28015 -28187 -28359 
-28875 -29047 -29219 -29391 -29563 -29735 -29907 -30079 -30251 -30423 -30595 


img: 1
memory hw: 
17542 18318 19094 19870 20646 21422 22198 22974 23750 24526 25302 
27630 28406 29182 29958 30734 31510 32286 33062 33838 34614 35390 
37718 38494 39270 40046 40822 41598 42374 43150 43926 44702 45478 
47806 48582 49358 50134 50910 51686 52462 53238 54014 54790 55566 
57894 58670 59446 60222 60998 61774 62550 63326 64102 64878 65654 
67982 68758 69534 70310 71086 71862 72638 73414 74190 74966 75742 
78070 78846 79622 80398 81174 81950 82726 83502 84278 85054 85830 
88158 88934 89710 90486 91262 92038 92814 93590 94366 95142 95918 
98246 99022 99798 100574 101350 102126 102902 103678 104454 105230 106006 
108334 109110 109886 110662 111438 112214 112990 113766 114542 115318 116094 
118422 119198 119974 120750 121526 122302 123078 123854 124630 125406 126182 

-6515 -6687 -6859 -7031 -7203 -7375 -7547 -7719 -7891 -8063 -8235 
-8751 -8923 -9095 -9267 -9439 -9611 -9783 -9955 -10127 -10299 -10471 
-10987 -11159 -11331 -11503 -11675 -11847 -12019 -12191 -12363 -12535 -12707 
-13223 -13395 -13567 -13739 -13911 -14083 -14255 -14427 -14599 -14771 -14943 
-15459 -15631 -15803 -15975 -16147 -16319 -16491 -16663 -16835 -17007 -17179 
-17695 -17867 -18039 -18211 -18383 -18555 -18727 -18899 -19071 -19243 -19415 
-19931 -20103 -20275 -20447 -20619 -20791 -20963 -21135 -21307 -21479 -21651 
-22167 -22339 -22511 -22683 -22855 -23027 -23199 -23371 -23543 -23715 -23887 
-24403 -24575 -24747 -24919 -25091 -25263 -25435 -25607 -25779 -25951 -26123 
-26639 -26811 -26983 -27155 -27327 -27499 -27671 -27843 -28015 -28187 -28359 
-28875 -29047 -29219 -29391 -29563 -29735 -29907 -30079 -30251 -30423 -30595 


img: 2
memory hw: 
17542 18318 19094 19870 20646 21422 22198 22974 23750 24526 25302 
27630 28406 29182 29958 30734 31510 32286 33062 33838 34614 35390 
37718 38494 39270 40046 40822 41598 42374 43150 43926 44702 45478 
47806 48582 49358 50134 50910 51686 52462 53238 54014 54790 55566 
57894 58670 59446 60222 60998 61774 62550 63326 64102 64878 65654 
67982 68758 69534 70310 71086 71862 72638 73414 74190 74966 75742 
78070 78846 79622 80398 81174 81950 82726 83502 84278 85054 85830 
88158 88934 89710 90486 91262 92038 92814 93590 94366 95142 95918 
98246 99022 99798 100574 101350 102126 102902 103678 104454 105230 106006 
108334 109110 109886 110662 111438 112214 112990 113766 114542 115318 116094 
118422 119198 119974 120750 121526 122302 123078 123854 124630 125406 126182 

-6515 -6687 -6859 -7031 -7203 -7375 -7547 -7719 -7891 -8063 -8235 
-8751 -8923 -9095 -9267 -9439 -9611 -9783 -9955 -10127 -10299 -10471 
-10987 -11159 -11331 -11503 -11675 -11847 -12019 -12191 -12363 -12535 -12707 
-13223 -13395 -13567 -13739 -13911 -14083 -14255 -14427 -14599 -14771 -14943 
-15459 -15631 -15803 -15975 -16147 -16319 -16491 -16663 -16835 -17007 -17179 
-17695 -17867 -18039 -18211 -18383 -18555 -18727 -18899 -19071 -19243 -19415 
-19931 -20103 -20275 -20447 -20619 -20791 -20963 -21135 -21307 -21479 -21651 
-22167 -22339 -22511 -22683 -22855 -23027 -23199 -23371 -23543 -23715 -23887 
-24403 -24575 -24747 -24919 -25091 -25263 -25435 -25607 -25779 -25951 -26123 
-26639 -26811 -26983 -27155 -27327 -27499 -27671 -27843 -28015 -28187 -28359 
-28875 -29047 -29219 -29391 -29563 -29735 -29907 -30079 -30251 -30423 -30595 


img: 3
memory hw: 
17542 18318 19094 19870 20646 21422 22198 22974 23750 24526 25302 
27630 28406 29182 29958 30734 31510 32286 33062 33838 34614 35390 
37718 38494 39270 40046 40822 41598 42374 43150 43926 44702 45478 
47806 48582 49358 50134 50910 51686 52462 53238 54014 54790 55566 
57894 58670 59446 60222 60998 61774 62550 63326 64102 64878 65654 
67982 68758 69534 70310 71086 71862 72638 73414 74190 74966 75742 
78070 78846 79622 80398 81174 81950 82726 83502 84278 85054 85830 
88158 88934 89710 90486 91262 92038 92814 93590 94366 95142 95918 
98246 99022 99798 100574 101350 102126 102902 103678 104454 105230 106006 
108334 109110 109886 110662 111438 112214 112990 113766 114542 115318 116094 
118422 119198 119974 120750 121526 122302 123078 123854 124630 125406 126182 

-6515 -6687 -6859 -7031 -7203 -7375 -7547 -7719 -7891 -8063 -8235 
-8751 -8923 -9095 -9267 -9439 -9611 -9783 -9955 -10127 -10299 -10471 
-10987 -11159 -11331 -11503 -11675 -11847 -12019 -12191 -12363 -12535 -12707 
-13223 -13395 -13567 -13739 -13911 -14083 -14255 -14427 -14599 -14771 -14943 
-15459 -15631 -15803 -15975 -16147 -16319 -16491 -16663 -16835 -17007 -17179 
-17695 -17867 -18039 -18211 -18383 -18555 -18727 -18899 -19071 -19243 -19415 
-19931 -20103 -20275 -20447 -20619 -20791 -20963 -21135 -21307 -21479 -21651 
-22167 -22339 -22511 -22683 -22855 -23027 -23199 -23371 -23543 -23715 -23887 
-24403 -24575 -24747 -24919 -25091 -25263 -25435 -25607 -25779 -25951 -26123 
-26639 -26811 -26983 -27155 -27327 -27499 -27671 -27843 -28015 -28187 -28359 
-28875 -29047 -29219 -29391 -29563 -29735 -29907 -30079 -30251 -30423 -30595 


img: 4
memory hw: 
17542 18318 19094 19870 20646 21422 22198 22974 23750 24526 25302 
27630 28406 29182 29958 30734 31510 32286 33062 33838 34614 35390 
37718 38494 39270 40046 40822 41598 42374 43150 43926 44702 45478 
47806 48582 49358 50134 50910 51686 52462 53238 54014 54790 55566 
57894 58670 59446 60222 60998 61774 62550 63326 64102 64878 65654 
67982 68758 69534 70310 71086 71862 72638 73414 74190 74966 75742 
78070 78846 79622 80398 81174 81950 82726 83502 84278 85054 85830 
88158 88934 89710 90486 91262 92038 92814 93590 94366 95142 95918 
98246 99022 99798 100574 101350 102126 102902 103678 104454 105230 106006 
108334 109110 109886 110662 111438 112214 112990 113766 114542 115318 116094 
118422 119198 119974 120750 121526 122302 123078 123854 124630 125406 126182 

-6515 -6687 -6859 -7031 -7203 -7375 -7547 -7719 -7891 -8063 -8235 
-8751 -8923 -9095 -9267 -9439 -9611 -9783 -9955 -10127 -10299 -10471 
-10987 -11159 -11331 -11503 -11675 -11847 -12019 -12191 -12363 -12535 -12707 
-13223 -13395 -13567 -13739 -13911 -14083 -14255 -14427 -14599 -14771 -14943 
-15459 -15631 -15803 -15975 -16147 -16319 -16491 -16663 -16835 -17007 -17179 
-17695 -17867 -18039 -18211 -18383 -18555 -18727 -18899 -19071 -19243 -19415 
-19931 -20103 -20275 -20447 -20619 -20791 -20963 -21135 -21307 -21479 -21651 
-22167 -22339 -22511 -22683 -22855 -23027 -23199 -23371 -23543 -23715 -23887 
-24403 -24575 -24747 -24919 -25091 -25263 -25435 -25607 -25779 -25951 -26123 
-26639 -26811 -26983 -27155 -27327 -27499 -27671 -27843 -28015 -28187 -28359 
-28875 -29047 -29219 -29391 -29563 -29735 -29907 -30079 -30251 -30423 -30595 


golden_out_tb: 
17542 18318 19094 19870 20646 21422 22198 22974 23750 24526 25302 
27630 28406 29182 29958 30734 31510 32286 33062 33838 34614 35390 
37718 38494 39270 40046 40822 41598 42374 43150 43926 44702 45478 
47806 48582 49358 50134 50910 51686 52462 53238 54014 54790 55566 
57894 58670 59446 60222 60998 61774 62550 63326 64102 64878 65654 
67982 68758 69534 70310 71086 71862 72638 73414 74190 74966 75742 
78070 78846 79622 80398 81174 81950 82726 83502 84278 85054 85830 
88158 88934 89710 90486 91262 92038 92814 93590 94366 95142 95918 
98246 99022 99798 100574 101350 102126 102902 103678 104454 105230 106006 
108334 109110 109886 110662 111438 112214 112990 113766 114542 115318 116094 
118422 119198 119974 120750 121526 122302 123078 123854 124630 125406 126182 

-6515 -6687 -6859 -7031 -7203 -7375 -7547 -7719 -7891 -8063 -8235 
-8751 -8923 -9095 -9267 -9439 -9611 -9783 -9955 -10127 -10299 -10471 
-10987 -11159 -11331 -11503 -11675 -11847 -12019 -12191 -12363 -12535 -12707 
-13223 -13395 -13567 -13739 -13911 -14083 -14255 -14427 -14599 -14771 -14943 
-15459 -15631 -15803 -15975 -16147 -16319 -16491 -16663 -16835 -17007 -17179 
-17695 -17867 -18039 -18211 -18383 -18555 -18727 -18899 -19071 -19243 -19415 
-19931 -20103 -20275 -20447 -20619 -20791 -20963 -21135 -21307 -21479 -21651 
-22167 -22339 -22511 -22683 -22855 -23027 -23199 -23371 -23543 -23715 -23887 
-24403 -24575 -24747 -24919 -25091 -25263 -25435 -25607 -25779 -25951 -26123 
-26639 -26811 -26983 -27155 -27327 -27499 -27671 -27843 -28015 -28187 -28359 
-28875 -29047 -29219 -29391 -29563 -29735 -29907 -30079 -30251 -30423 -30595 


17542 18318 19094 19870 20646 21422 22198 22974 23750 24526 25302 
27630 28406 29182 29958 30734 31510 32286 33062 33838 34614 35390 
37718 38494 39270 40046 40822 41598 42374 43150 43926 44702 45478 
47806 48582 49358 50134 50910 51686 52462 53238 54014 54790 55566 
57894 58670 59446 60222 60998 61774 62550 63326 64102 64878 65654 
67982 68758 69534 70310 71086 71862 72638 73414 74190 74966 75742 
78070 78846 79622 80398 81174 81950 82726 83502 84278 85054 85830 
88158 88934 89710 90486 91262 92038 92814 93590 94366 95142 95918 
98246 99022 99798 100574 101350 102126 102902 103678 104454 105230 106006 
108334 109110 109886 110662 111438 112214 112990 113766 114542 115318 116094 
118422 119198 119974 120750 121526 122302 123078 123854 124630 125406 126182 

-6515 -6687 -6859 -7031 -7203 -7375 -7547 -7719 -7891 -8063 -8235 
-8751 -8923 -9095 -9267 -9439 -9611 -9783 -9955 -10127 -10299 -10471 
-10987 -11159 -11331 -11503 -11675 -11847 -12019 -12191 -12363 -12535 -12707 
-13223 -13395 -13567 -13739 -13911 -14083 -14255 -14427 -14599 -14771 -14943 
-15459 -15631 -15803 -15975 -16147 -16319 -16491 -16663 -16835 -17007 -17179 
-17695 -17867 -18039 -18211 -18383 -18555 -18727 -18899 -19071 -19243 -19415 
-19931 -20103 -20275 -20447 -20619 -20791 -20963 -21135 -21307 -21479 -21651 
-22167 -22339 -22511 -22683 -22855 -23027 -23199 -23371 -23543 -23715 -23887 
-24403 -24575 -24747 -24919 -25091 -25263 -25435 -25607 -25779 -25951 -26123 
-26639 -26811 -26983 -27155 -27327 -27499 -27671 -27843 -28015 -28187 -28359 
-28875 -29047 -29219 -29391 -29563 -29735 -29907 -30079 -30251 -30423 -30595 


17542 18318 19094 19870 20646 21422 22198 22974 23750 24526 25302 
27630 28406 29182 29958 30734 31510 32286 33062 33838 34614 35390 
37718 38494 39270 40046 40822 41598 42374 43150 43926 44702 45478 
47806 48582 49358 50134 50910 51686 52462 53238 54014 54790 55566 
57894 58670 59446 60222 60998 61774 62550 63326 64102 64878 65654 
67982 68758 69534 70310 71086 71862 72638 73414 74190 74966 75742 
78070 78846 79622 80398 81174 81950 82726 83502 84278 85054 85830 
88158 88934 89710 90486 91262 92038 92814 93590 94366 95142 95918 
98246 99022 99798 100574 101350 102126 102902 103678 104454 105230 106006 
108334 109110 109886 110662 111438 112214 112990 113766 114542 115318 116094 
118422 119198 119974 120750 121526 122302 123078 123854 124630 125406 126182 

-6515 -6687 -6859 -7031 -7203 -7375 -7547 -7719 -7891 -8063 -8235 
-8751 -8923 -9095 -9267 -9439 -9611 -9783 -9955 -10127 -10299 -10471 
-10987 -11159 -11331 -11503 -11675 -11847 -12019 -12191 -12363 -12535 -12707 
-13223 -13395 -13567 -13739 -13911 -14083 -14255 -14427 -14599 -14771 -14943 
-15459 -15631 -15803 -15975 -16147 -16319 -16491 -16663 -16835 -17007 -17179 
-17695 -17867 -18039 -18211 -18383 -18555 -18727 -18899 -19071 -19243 -19415 
-19931 -20103 -20275 -20447 -20619 -20791 -20963 -21135 -21307 -21479 -21651 
-22167 -22339 -22511 -22683 -22855 -23027 -23199 -23371 -23543 -23715 -23887 
-24403 -24575 -24747 -24919 -25091 -25263 -25435 -25607 -25779 -25951 -26123 
-26639 -26811 -26983 -27155 -27327 -27499 -27671 -27843 -28015 -28187 -28359 
-28875 -29047 -29219 -29391 -29563 -29735 -29907 -30079 -30251 -30423 -30595 


17542 18318 19094 19870 20646 21422 22198 22974 23750 24526 25302 
27630 28406 29182 29958 30734 31510 32286 33062 33838 34614 35390 
37718 38494 39270 40046 40822 41598 42374 43150 43926 44702 45478 
47806 48582 49358 50134 50910 51686 52462 53238 54014 54790 55566 
57894 58670 59446 60222 60998 61774 62550 63326 64102 64878 65654 
67982 68758 69534 70310 71086 71862 72638 73414 74190 74966 75742 
78070 78846 79622 80398 81174 81950 82726 83502 84278 85054 85830 
88158 88934 89710 90486 91262 92038 92814 93590 94366 95142 95918 
98246 99022 99798 100574 101350 102126 102902 103678 104454 105230 106006 
108334 109110 109886 110662 111438 112214 112990 113766 114542 115318 116094 
118422 119198 119974 120750 121526 122302 123078 123854 124630 125406 126182 

-6515 -6687 -6859 -7031 -7203 -7375 -7547 -7719 -7891 -8063 -8235 
-8751 -8923 -9095 -9267 -9439 -9611 -9783 -9955 -10127 -10299 -10471 
-10987 -11159 -11331 -11503 -11675 -11847 -12019 -12191 -12363 -12535 -12707 
-13223 -13395 -13567 -13739 -13911 -14083 -14255 -14427 -14599 -14771 -14943 
-15459 -15631 -15803 -15975 -16147 -16319 -16491 -16663 -16835 -17007 -17179 
-17695 -17867 -18039 -18211 -18383 -18555 -18727 -18899 -19071 -19243 -19415 
-19931 -20103 -20275 -20447 -20619 -20791 -20963 -21135 -21307 -21479 -21651 
-22167 -22339 -22511 -22683 -22855 -23027 -23199 -23371 -23543 -23715 -23887 
-24403 -24575 -24747 -24919 -25091 -25263 -25435 -25607 -25779 -25951 -26123 
-26639 -26811 -26983 -27155 -27327 -27499 -27671 -27843 -28015 -28187 -28359 
-28875 -29047 -29219 -29391 -29563 -29735 -29907 -30079 -30251 -30423 -30595 


17542 18318 19094 19870 20646 21422 22198 22974 23750 24526 25302 
27630 28406 29182 29958 30734 31510 32286 33062 33838 34614 35390 
37718 38494 39270 40046 40822 41598 42374 43150 43926 44702 45478 
47806 48582 49358 50134 50910 51686 52462 53238 54014 54790 55566 
57894 58670 59446 60222 60998 61774 62550 63326 64102 64878 65654 
67982 68758 69534 70310 71086 71862 72638 73414 74190 74966 75742 
78070 78846 79622 80398 81174 81950 82726 83502 84278 85054 85830 
88158 88934 89710 90486 91262 92038 92814 93590 94366 95142 95918 
98246 99022 99798 100574 101350 102126 102902 103678 104454 105230 106006 
108334 109110 109886 110662 111438 112214 112990 113766 114542 115318 116094 
118422 119198 119974 120750 121526 122302 123078 123854 124630 125406 126182 

-6515 -6687 -6859 -7031 -7203 -7375 -7547 -7719 -7891 -8063 -8235 
-8751 -8923 -9095 -9267 -9439 -9611 -9783 -9955 -10127 -10299 -10471 
-10987 -11159 -11331 -11503 -11675 -11847 -12019 -12191 -12363 -12535 -12707 
-13223 -13395 -13567 -13739 -13911 -14083 -14255 -14427 -14599 -14771 -14943 
-15459 -15631 -15803 -15975 -16147 -16319 -16491 -16663 -16835 -17007 -17179 
-17695 -17867 -18039 -18211 -18383 -18555 -18727 -18899 -19071 -19243 -19415 
-19931 -20103 -20275 -20447 -20619 -20791 -20963 -21135 -21307 -21479 -21651 
-22167 -22339 -22511 -22683 -22855 -23027 -23199 -23371 -23543 -23715 -23887 
-24403 -24575 -24747 -24919 -25091 -25263 -25435 -25607 -25779 -25951 -26123 
-26639 -26811 -26983 -27155 -27327 -27499 -27671 -27843 -28015 -28187 -28359 
-28875 -29047 -29219 -29391 -29563 -29735 -29907 -30079 -30251 -30423 -30595 


INFO [HLS SIM]: The maximum depth reached by any hls::stream() instance in the design is 36
INFO: [SIM 1] CSim done with 0 errors.
INFO: [SIM 3] *************** CSIM finish ***************
